== flash storage (A/B, torn writes)
empty flash loads nothing                      ok
save A                                         ok
load returns A                                 ok
save B                                         ok
load returns B (newer seq)                     ok
torn save keeps B                              ok
header not written keeps B                     ok
save A again                                   ok
load returns A                                 ok
both copies corrupt -> nothing                 ok
other objects untouched                        ok
settings save/load                             ok
CRC-32 is zlib's (check value 0xCBF43926)      ok
newer copy rotten -> the older one loads       ok
save over the rotten copy                      ok
... loads the new data                         ok
both headers broken -> nothing                 ok
data stays in the Felucca regions              ok
FM6 user preset patches (and the retired bank) in the sectors 0x9F000 / 0xFE000 ok
the autosave in its own sectors 0xE5000 / 0xE6000, nothing else touched ok
a bank copy does not read as the patches object (its type) ok
st_save_to: the first patches write into A, the bank's older copy; the bank's B still loads ok
the next save goes to B (over the bank), A/B as any object ok
FM6 patches: the sector tails stay erased      ok
every payload/header byte cut keeps old data   ok
erase failure keeps old data                   ok
write protection is a save error               ok
save sequence wraps                            ok
wrapped sequence loads new data                ok
save after sequence wrap                       ok
invalid object load does no flash access       ok
invalid object save does no flash access       ok
wrapped object rejected                        ok
small destination rejects whole object         ok
oversized save rejected                        ok
storage test passed
In file included from tests/upreset_test.c:12:
tests/../firmware/src/core.h:364:16: warning: ‘trk’ defined but not used [-Wunused-variable]
  364 | static track_t trk[NTRK];        /* the instrument: four parts */
      |                ^~~
== user presets (UP_PUT parser, bank round trip, versions, PHYS DRUM and SAMPLE PERC -> DRUM, grid records, DIGITAL kept)
UP_PUT frame < 640 bytes                       ok
UP_PUT parses                                  ok
UP_PUT values (negative v14 too)               ok
pattern: rest drops flags, tie has no note     ok
UP_PUT short frame -> args                     ok
every short prefix rejected without record changes ok
short optional tail rejected                   ok
UP_PUT slot 32 -> args                         ok
UP_PUT bad engine -> args                      ok
UP_PUT engine 1 (DIGITAL): kept as it is       ok
  a bank read keeps it engine 1 (its values DIGITAL's) ok
UP_PUT empty name -> args                      ok
UP_PUT 13-char name -> args                    ok
UP_PUT 12-char name ok                         ok
name shown upper case                          ok
bank fits one object                           ok
bank save                                      ok
bank load: the record is back                  ok
other slots empty                              ok
bank 0 never written -> empty                  ok
banks in 0xDC000..0xDFFFF                      ok
bank with another record size -> empty         ok
record with another version -> empty           ok
a version 3 record (a drum grid) is used       ok
UP_PUT kind 1: a grid record, accents only on hits ok
UP_PUT kind 0: a note pattern (version 2)      ok
UP_PUT short grid rejected, record unchanged   ok
UP_PUT unknown kind rejected                   ok
UP_PUT trailing byte rejected                  ok
a grid record: bank round trip                 ok
bank load: PHYS DRUM -> DRUM engine, MEMB kept ok
UP_PUT of PHYS DRUM -> DRUM engine             ok
bank load: SAMPLE PERC -> DRUM kit, FLUTE kept ok
  migrated again: as it is                     ok
UP_PUT of SAMPLE PERC -> DRUM kit              ok
np < P_COUNT: mapped by count                  ok
old record (np 53): SLICER and matrix defaults, E0..E7 kept ok
old record (np 57): SLICER kept, matrix defaults, E0..E7 kept ok
v4 / v5 records of 91, 89 and 69 parameters: E0..E7 at P_E0, lane levels and chord keys defaults ok
np == P_COUNT: as stored                       ok
steps -> pattern                               ok
empty sequencer -> empty pattern               ok
user preset test passed
tests/input_test.c: In function ‘anim_test’:
tests/input_test.c:47:34: warning: operation on ‘host_now’ may be undefined [-Wsequence-point]
   47 | #define FM1_PR(p, r) (*(host_now += host_bus, &host_reg[(p) & 15u][((r) / 4u) & 63u]))
      |                         ~~~~~~~~~^~~~~~~~~~~
tests/input_test.c:252:9: note: in expansion of macro ‘FM1_PR’
  252 |         FM1_PR(FM1_PA, FM1_IN) = FM1_PR(FM1_PB, FM1_IN) = 0xFFFFFFFFu;   /* rows open */
      |         ^~~~~~
tests/input_test.c: In function ‘main’:
tests/input_test.c:47:34: warning: operation on ‘host_now’ may be undefined [-Wsequence-point]
   47 | #define FM1_PR(p, r) (*(host_now += host_bus, &host_reg[(p) & 15u][((r) / 4u) & 63u]))
      |                         ~~~~~~~~~^~~~~~~~~~~
tests/input_test.c:696:13: note: in expansion of macro ‘FM1_PR’
  696 |             FM1_PR(FM1_PA, FM1_IN) = FM1_PR(FM1_PB, FM1_IN) = 0xFFFFFFFFu;   /* rows open */
      |             ^~~~~~
tests/input_test.c:47:34: warning: operation on ‘host_now’ may be undefined [-Wsequence-point]
   47 | #define FM1_PR(p, r) (*(host_now += host_bus, &host_reg[(p) & 15u][((r) / 4u) & 63u]))
      |                         ~~~~~~~~~^~~~~~~~~~~
tests/input_test.c:774:13: note: in expansion of macro ‘FM1_PR’
  774 |             FM1_PR(FM1_PA, FM1_IN) = FM1_PR(FM1_PB, FM1_IN) = 0xFFFFFFFFu;
      |             ^~~~~~
tests/input_test.c:47:34: warning: operation on ‘host_now’ may be undefined [-Wsequence-point]
   47 | #define FM1_PR(p, r) (*(host_now += host_bus, &host_reg[(p) & 15u][((r) / 4u) & 63u]))
      |                         ~~~~~~~~~^~~~~~~~~~~
tests/input_test.c:915:13: note: in expansion of macro ‘FM1_PR’
  915 |             FM1_PR(FM1_PA, FM1_IN) = FM1_PR(FM1_PB, FM1_IN) = 0xFFFFFFFFu;
      |             ^~~~~~
== keys and buttons: fast press, long release, bouncy contacts (one note each), glitches, encoders
debounce: press 2 frames, release 8 frames, frame 1100 us
clean press: contact -> press avg 1746 us, max 2297 us; release -> note off max 8897 us
clean presses: one press and one release each, every key and button      ok
clean press: counted within 2.3 ms of the contact (2 frames)             ok
clean release: the note ends within 10 ms                                ok
press stat (first closed frame -> press): avg 1100 us over 1
the press stat counts the note keys' presses (one frame after the first) ok
bouncy press (<= 3 ms of bounce): first touch -> press avg 2511 us, max 5186 us; settled -> press max 2298 us; last bounce -> note off max 8899 us
2000 bouncy presses: exactly one note-on / press and one release each    ok
no note ends while its key is held                                       ok
no hanging note 12 ms after the last bounce of a release                 ok
bouncy press: counted within 2.3 ms of the contact settling, or sooner   ok
bouncy release: the note ends within 10 ms of the last bounce            ok
a 150 us glitch plays no note                                            ok
10 notes 40 ms apart (20 ms held, bouncy): 10 note-ons, 10 releases      ok
encoder 0: one cycle -> 1 step(s)
an encoder detent cycle is one step                                      ok
#63 a still knob: one contact chattering or both lost together never steps ok
encoder at speed: 720 turns of 12 detents, 0 miscounted (worst by 0)
#126 12-detent turns up to 300 detents/s (even) / 150/s (bunched in half a click): every detent ok
#126 slow turns (3..40 detents/s), contacts bouncing 1.5 ms: one step a click (0 off) ok
#126 120 detents/s, bouncing 0.2 ms: 8 right then 6 left at once -> 8, then 2 ok
LEDs, bus 0 tick(s) an access: lit every frame, own column only, dark at the latch ok
  dim HI: a pulse every frame on its own column, 3208..3208 ns (target 3200 +-30 %) ok
LEDs HI, bus 0: the pulse spans 16..16 bits of the shift (the shift shorter than the pulse: the rest waited)
LEDs, bus 1 tick(s) an access: lit every frame, own column only, dark at the latch ok
  dim HI: a pulse every frame on its own column, 3208..3208 ns (target 3200 +-30 %) ok
LEDs HI, bus 1: the pulse spans 16..16 bits of the shift (the shift shorter than the pulse: the rest waited)
LEDs, bus 2 tick(s) an access: lit every frame, own column only, dark at the latch ok
  dim HI: a pulse every frame on its own column, 3125..3375 ns (target 3200 +-30 %) ok
LEDs HI, bus 2: the pulse spans 11..12 bits of the shift (no wait)
LEDs, bus 4 tick(s) an access: lit every frame, own column only, dark at the latch ok
  dim HI: a pulse every frame on its own column, 3208..3208 ns (target 3200 +-30 %) ok
LEDs HI, bus 4: the pulse spans 5..5 bits of the shift (no wait)
LEDs, bus 0 tick(s) an access: lit every frame, own column only, dark at the latch ok
  dim LO: a pulse every frame on its own column, 1583..1583 ns (target 1600 +-30 %) ok
LEDs LO, bus 0: the pulse spans 16..16 bits of the shift (the shift shorter than the pulse: the rest waited)
LEDs, bus 1 tick(s) an access: lit every frame, own column only, dark at the latch ok
  dim LO: a pulse every frame on its own column, 1583..1583 ns (target 1600 +-30 %) ok
LEDs LO, bus 1: the pulse spans 11..11 bits of the shift (no wait)
LEDs, bus 2 tick(s) an access: lit every frame, own column only, dark at the latch ok
  dim LO: a pulse every frame on its own column, 1375..1625 ns (target 1600 +-30 %) ok
LEDs LO, bus 2: the pulse spans 4..5 bits of the shift (no wait)
LEDs, bus 4 tick(s) an access: lit every frame, own column only, dark at the latch ok
  dim LO: a pulse every frame on its own column, 1208..1708 ns (target 1600 +-30 %) ok
LEDs LO, bus 4: the pulse spans 1..2 bits of the shift (no wait)
#119 breath HI, bus 1: own column, the writes, lit / dim never breathing, in step ok
  peak 60.8 % of lit (50..70), from the peak (57.7 %), dark at half a period ok
  smooth: 32-frame means step <= 12.3 % of lit (<= 15 % of the peak + 2 frames), monotonic ok
  flicker: dark runs 3 fr over 50 % of the peak (<= 9: ~10 ms), 8 over 25 %, 28 at all ok
  the glow still 3208..3208 ns (target 3208 +-30 %)                      ok
#119 breath HI, bus 2: own column, the writes, lit / dim never breathing, in step ok
  peak 61.0 % of lit (50..70), from the peak (57.9 %), dark at half a period ok
  smooth: 32-frame means step <= 12.2 % of lit (<= 15 % of the peak + 2 frames), monotonic ok
  flicker: dark runs 3 fr over 50 % of the peak (<= 9: ~10 ms), 7 over 25 %, 38 at all ok
  the glow still 3208..3208 ns (target 3208 +-30 %)                      ok
#119 breath LO, bus 1: own column, the writes, lit / dim never breathing, in step ok
  peak 29.2 % of lit (25..35), from the peak (29.2 %), dark at half a period ok
  smooth: 32-frame means step <= 6.2 % of lit (<= 15 % of the peak + 2 frames), monotonic ok
  flicker: dark runs 7 fr over 50 % of the peak (<= 9: ~10 ms), 22 over 25 %, 58 at all ok
  the glow still 1500..1625 ns (target 1583 +-30 %)                      ok
#119 breath LO, bus 2: own column, the writes, lit / dim never breathing, in step ok
  peak 32.3 % of lit (25..35), from the peak (29.2 %), dark at half a period ok
  smooth: 32-frame means step <= 6.3 % of lit (<= 15 % of the peak + 2 frames), monotonic ok
  flicker: dark runs 7 fr over 50 % of the peak (<= 9: ~10 ms), 13 over 25 %, 39 at all ok
  the glow still 1458..1708 ns (target 1583 +-30 %)                      ok
mid level HI: lit 1 frame in 8, evenly (every 8 frames, ~113 Hz), the glow between, in step ok
  its level 15.5 % of lit (1/8 + the glow), above the glow, below a breath's peak ok
mid level LO: lit 1 frame in 12, evenly (every 12 frames, ~75 Hz), the glow between, in step ok
  its level 9.8 % of lit (1/12 + the glow), above the glow, below a breath's peak ok
power-on sweep DIM: 640 frames (704 ms) and its end, then fm1_led_anim_on() 0 ok
  every LED every frame as its level asks: lit frames (sigma-delta), the glow under / alone ok
  32 frames: lit frames within 1 of the level; at 4 /64 and up a dark run <= 16 frames ok
  the picture: one head, full, left to right in place order; a tail of 4..5 keys ok
  the buttons: dark until frame 352, up to 16 /64, down to the end       ok
  the end: nothing lit, the glow on every LED; nothing breathing or mid  ok
  then the tick as before: 33 ticks, the same line writes, no extra one  ok
power-on sweep (DIM): frame  ms  keys F3..G5 (black and white by place)  buttons
     0    0  |:                          |     0/64
    32   35  |*@-.                       |     0/64
    64   70  |-=+%+:                     |     0/64
    96  105  |.:--+#%.                   |     0/64
   128  140  |...::-=%=:                 |     0/64
   160  176  |......:-+##:               |     0/64
   192  211  |.......::-=*=:             |     0/64
   224  246  |..........:-+##:.          |     0/64
   256  281  |............:-=*%=.        |     0/64
   288  316  |..............:--+#:       |     0/64
   320  352  |................::-*@-.    |     0/64
   352  387  |..................:-=+#*   |     0/64
   384  422  |....................::-=@-.|  .  0/64
   416  457  |......................::=+%|  .  0/64
   448  492  |........................::-|  :  6/64
   480  528  |..........................:|  - 11/64
   512  563  |...........................|  - 13/64
   544  598  |...........................|  :  8/64
   576  633  |...........................|  :  5/64
   608  668  |...........................|  .  0/64
   640  704  |...........................|  .  0/64
power-on sweep OFF: 640 frames (704 ms) and its end, then fm1_led_anim_on() 0 ok
  every LED every frame as its level asks: lit frames (sigma-delta), the glow under / alone ok
  32 frames: lit frames within 1 of the level; at 4 /64 and up a dark run <= 16 frames ok
  the picture: one head, full, left to right in place order; a tail of 4..5 keys ok
  the buttons: dark until frame 352, up to 16 /64, down to the end       ok
  the end: nothing lit, dark (no glow); nothing breathing or mid         ok
  then the tick as before: 33 ticks, the same line writes, no extra one  ok
power-on sweep: a key down at frame 200: done the next frame, the glow left ok
LEDs: refresh 909 Hz lit, 909 Hz dim
LEDs: host 43.3 ns per tick without dim LEDs, 57.5 ns with, 76.2 ns with a breath too
input debounce: all ok
== TRS MIDI parser
uart: running status, realtime, SysEx, system common ok
clock: timestamps and USB/TRS source, no active sensing ok
uart: channels 1, 2, 3, 10, 16 -> USB-MIDI packets   ok
usb: ota_wire_send packets (CIN 4.. then 5/6/7)      ok
usb: received frame == the bytes between F0 and F7   ok
usb: a frame while one is pending is dropped         ok
usb: a truncated frame is replaced by the next one   ok
usb: an oversized frame (698 B) is not taken         ok
usb: soft key -> uboot_req, not a frame              ok
usb: upgrade key -> ota_req, not a frame             ok
usb: bytes outside F0..F7 are ignored                ok
usb: send with a full ring and no host fails at once ok
usb: send with a full ring times out (200 ms)        ok
midi parser test passed
== USB audio input: descriptors (with CDC), ring and packets, 44.1 -> 48 kHz resampler, 48 kHz stream
-- USB audio input, CDC on
device descriptor: 18 bytes, type 1, EP0 64                      ok
bcdDevice bumped for the audio input at 44.1 / 48 kHz (x.2x)     ok
device class misc / IAD (EF 02 01)                               ok
configuration: type 2, wTotalLength = the bytes sent             ok
descriptor lengths add up to wTotalLength                        ok
bNumInterfaces = the interfaces present                          ok
each interface setting has bNumEndpoints endpoints               ok
endpoint addresses unique                                        ok
AC header: UAC 1.00, length 8 + collection                       ok
AC header wTotalLength = the class-specific AC descriptors       ok
AC collection: the MIDI and audio streaming interfaces           ok
input terminal 1: 2 ch, L R, not USB streaming                   ok
output terminal 2: USB streaming, source 1                       ok
AS alt 0 has no endpoint                                         ok
AS general: terminal 2, PCM                                      ok
type I format: 2 ch, 2-byte subframe, 16 bit, 44100 and 48000 Hz ok
EP 0x84: isochronous async, 196 B (49 frames), every frame, alt 1 ok
CS endpoint: sampling frequency control                          ok
MIDI bulk endpoints 0x01 / 0x81 unchanged                        ok
IADs: audio IF 0-2, CDC IF 3-4                                   ok
not fed before the host reads (no overruns while it waits)       ok
10 s, random render times: sizes 43..46 (44:8243 45:1381 46:56 43:320) ok
  mean packet 44.1173 frames (I2S 44117.6 Hz)                    ok
  every frame once, in order; no underrun / overrun              ok
  fill at render start stays 71..145 (band 80..128)              ok
1000 packets, 2.5 ms renders: mean 44.115, no glitch             ok
producer stopped 30 ms: underruns counted, packets keep their size ok
  the empty ring repeats the last frame                          ok
consumer stopped 40 ms: overruns counted, the ring never overfills ok
alt 0: nothing fed, nothing taken                                ok
restart: primed again, in order, no glitch                       ok
SET_CUR: 44100 / 48000, the nearer of the two; a change re-primes ok
FIR table = sinc x Kaiser (24 x 160 taps, beta 9, 22 kHz); phases sum to 1.0 ok
1 s of noise: every frame = the double-precision resampler +-1 LSB (0 off) ok
  frames out / in: 48031 / 44128 (160 / 147)                     ok
     20 Hz -1 dBFS: gain -0.000 dB, SNR 94.7 dB in band, 94.2 full (exact taps 94.6) ok
    100 Hz -1 dBFS: gain +0.000 dB, SNR 94.4 dB in band, 94.0 full (exact taps 94.5) ok
   1000 Hz -1 dBFS: gain +0.000 dB, SNR 94.6 dB in band, 94.0 full (exact taps 95.0) ok
   5000 Hz -1 dBFS: gain +0.000 dB, SNR 93.9 dB in band, 93.4 full (exact taps 94.0) ok
  10000 Hz -1 dBFS: gain -0.000 dB, SNR 93.0 dB in band, 92.7 full (exact taps 92.9) ok
  15000 Hz -1 dBFS: gain +0.000 dB, SNR 93.3 dB in band, 92.8 full (exact taps 93.4) ok
  18000 Hz -1 dBFS: gain -0.059 dB, SNR 94.6 dB in band, 45.3 full (exact taps 94.3) ok
  20000 Hz -1 dBFS: gain -1.173 dB, SNR 93.0 dB in band, 17.7 full (exact taps 93.0) ok
  flat 20 Hz .. 18 kHz within -0.059 .. +0.000 dB; SNR 100 Hz .. 15 kHz >= 93.0 dB ok
  cost (host): 48.2 ns / 44.1 kHz frame (no instruction counter)
48 kHz, 10 s, random render times: sizes 47..49 (48:9134 49:530 47:336), mean 48.0194 ok
  every frame = the resampled render, in order (0 off); no underrun / overrun ok
  fill at render start 73..157 (band 87..139), adj up 648 down 395 (I2S 44117.6 Hz: fast) ok
  1000 packets, 2.5 ms renders: no glitch                        ok
48 kHz, I2S 44085 Hz (slow): mean 47.9836, adj up 308 down 472, no glitch ok
switch to 44.1 mid-stream: silence, primed again, every frame in order, bit for bit ok
switch to 48 mid-stream: silence, primed again, every frame in order ok
uac: all ok
== USB audio input: descriptors (without CDC), ring and packets, resampler, 48 kHz stream
-- USB audio input, CDC off
device descriptor: 18 bytes, type 1, EP0 64                      ok
bcdDevice bumped for the audio input at 44.1 / 48 kHz (x.2x)     ok
device class 0 (per interface)                                   ok
configuration: type 2, wTotalLength = the bytes sent             ok
descriptor lengths add up to wTotalLength                        ok
bNumInterfaces = the interfaces present                          ok
each interface setting has bNumEndpoints endpoints               ok
endpoint addresses unique                                        ok
AC header: UAC 1.00, length 8 + collection                       ok
AC header wTotalLength = the class-specific AC descriptors       ok
AC collection: the MIDI and audio streaming interfaces           ok
input terminal 1: 2 ch, L R, not USB streaming                   ok
output terminal 2: USB streaming, source 1                       ok
AS alt 0 has no endpoint                                         ok
AS general: terminal 2, PCM                                      ok
type I format: 2 ch, 2-byte subframe, 16 bit, 44100 and 48000 Hz ok
EP 0x84: isochronous async, 196 B (49 frames), every frame, alt 1 ok
CS endpoint: sampling frequency control                          ok
MIDI bulk endpoints 0x01 / 0x81 unchanged                        ok
IADs: none                                                       ok
not fed before the host reads (no overruns while it waits)       ok
10 s, random render times: sizes 43..46 (44:8243 45:1381 46:56 43:320) ok
  mean packet 44.1173 frames (I2S 44117.6 Hz)                    ok
  every frame once, in order; no underrun / overrun              ok
  fill at render start stays 71..145 (band 80..128)              ok
1000 packets, 2.5 ms renders: mean 44.115, no glitch             ok
producer stopped 30 ms: underruns counted, packets keep their size ok
  the empty ring repeats the last frame                          ok
consumer stopped 40 ms: overruns counted, the ring never overfills ok
alt 0: nothing fed, nothing taken                                ok
restart: primed again, in order, no glitch                       ok
SET_CUR: 44100 / 48000, the nearer of the two; a change re-primes ok
FIR table = sinc x Kaiser (24 x 160 taps, beta 9, 22 kHz); phases sum to 1.0 ok
1 s of noise: every frame = the double-precision resampler +-1 LSB (0 off) ok
  frames out / in: 48031 / 44128 (160 / 147)                     ok
     20 Hz -1 dBFS: gain -0.000 dB, SNR 94.7 dB in band, 94.2 full (exact taps 94.6) ok
    100 Hz -1 dBFS: gain +0.000 dB, SNR 94.4 dB in band, 94.0 full (exact taps 94.5) ok
   1000 Hz -1 dBFS: gain +0.000 dB, SNR 94.6 dB in band, 94.0 full (exact taps 95.0) ok
   5000 Hz -1 dBFS: gain +0.000 dB, SNR 93.9 dB in band, 93.4 full (exact taps 94.0) ok
  10000 Hz -1 dBFS: gain -0.000 dB, SNR 93.0 dB in band, 92.7 full (exact taps 92.9) ok
  15000 Hz -1 dBFS: gain +0.000 dB, SNR 93.3 dB in band, 92.8 full (exact taps 93.4) ok
  18000 Hz -1 dBFS: gain -0.059 dB, SNR 94.6 dB in band, 45.3 full (exact taps 94.3) ok
  20000 Hz -1 dBFS: gain -1.173 dB, SNR 93.0 dB in band, 17.7 full (exact taps 93.0) ok
  flat 20 Hz .. 18 kHz within -0.059 .. +0.000 dB; SNR 100 Hz .. 15 kHz >= 93.0 dB ok
  cost (host): 48.3 ns / 44.1 kHz frame (no instruction counter)
48 kHz, 10 s, random render times: sizes 47..49 (48:9134 49:530 47:336), mean 48.0194 ok
  every frame = the resampled render, in order (0 off); no underrun / overrun ok
  fill at render start 73..157 (band 87..139), adj up 648 down 395 (I2S 44117.6 Hz: fast) ok
  1000 packets, 2.5 ms renders: no glitch                        ok
48 kHz, I2S 44085 Hz (slow): mean 47.9836, adj up 308 down 472, no glitch ok
switch to 44.1 mid-stream: silence, primed again, every frame in order, bit for bit ok
switch to 48 mid-stream: silence, primed again, every frame in order ok
uac: all ok
== USB descriptors: CDC 1 (presented 1), UAC 1 (48 kHz 1), layout 0
-- USB descriptors: CDC 1 (presented), UAC 1 (44.1 / 48 kHz), layout 0
GET_DESCRIPTOR device                                                    ok
GET_DESCRIPTOR configuration                                             ok
misc / IAD: bcdUSB 2.00, class EF 02 01                                  ok
VID 1209 PID 0001, strings 1 2, one configuration                        ok
bcdDevice 3.21                                                           ok
wTotalLength = the bytes sent                                            ok
descriptor lengths add up to wTotalLength                                ok
bNumInterfaces 5 = the interfaces, numbered 0..n-1 in order              ok
each setting has bNumEndpoints endpoints, each on its interface          ok
endpoint addresses unique (6: MIDI 01 81, CDC 82 03 83, audio 84)        ok
IADs: audio IF 0-2, CDC IF 3-4, before their first interface             ok
audio from IF 0, CDC last                                                ok
audio function: AC, MIDI, AS in a row                                    ok
AC header 1.00, collection = the MIDI (and audio streaming) interfaces   ok
UAC_AS_IF (SET_INTERFACE / GET_INTERFACE) = the audio streaming interface ok
CDC union and call management name the data interface                    ok
layout 0 = Felucca 1.0 + the 48 kHz rate (format, EP 0x84 size, bcdDevice), nothing else ok
audio input: 2 rate(s) 44100 48000, EP 0x84 196 B                        ok
   macOS may attach: AppleUSBCDCCompositeDevice (Misc)
   macOS may attach: AppleUSBAudioComposite (InterfaceAssociationClass)
   macOS may attach: AppleUSBHostCompositeDevice (InterfaceAssociationClass)
update path (SysEx on EP1: soft key, M-UPGRADE, frames), console presented ok
usb_desc: all ok
== USB descriptors: CDC 1 (presented 1), UAC 1 (48 kHz 1), layout 1
-- USB descriptors: CDC 1 (presented), UAC 1 (44.1 / 48 kHz), layout 1
GET_DESCRIPTOR device                                                    ok
GET_DESCRIPTOR configuration                                             ok
misc / IAD: bcdUSB 2.00, class EF 02 01                                  ok
VID 1209 PID 0001, strings 1 2, one configuration                        ok
bcdDevice 3.23                                                           ok
wTotalLength = the bytes sent                                            ok
descriptor lengths add up to wTotalLength                                ok
bNumInterfaces 5 = the interfaces, numbered 0..n-1 in order              ok
each setting has bNumEndpoints endpoints, each on its interface          ok
endpoint addresses unique (6: MIDI 01 81, CDC 82 03 83, audio 84)        ok
IADs: audio IF 2-4, CDC IF 0-1, before their first interface             ok
CDC first: IF 0-1, audio from IF 2                                       ok
audio function: AC, MIDI, AS in a row                                    ok
AC header 1.00, collection = the MIDI (and audio streaming) interfaces   ok
UAC_AS_IF (SET_INTERFACE / GET_INTERFACE) = the audio streaming interface ok
CDC union and call management name the data interface                    ok
audio input: 2 rate(s) 44100 48000, EP 0x84 196 B                        ok
   macOS may attach: AppleUSBCDCCompositeDevice (Misc)
   macOS may attach: AppleUSBAudioComposite (InterfaceAssociationClass)
   macOS may attach: AppleUSBHostCompositeDevice (InterfaceAssociationClass)
update path (SysEx on EP1: soft key, M-UPGRADE, frames), console presented ok
usb_desc: all ok
== USB descriptors: CDC 1 (presented 1), UAC 1 (48 kHz 1), layout 2
-- USB descriptors: CDC 1 (presented), UAC 1 (44.1 / 48 kHz), layout 2
GET_DESCRIPTOR device                                                    ok
GET_DESCRIPTOR configuration                                             ok
bcdUSB 2.00, class 00 00 01                                              ok
VID 1209 PID 0001, strings 1 2, one configuration                        ok
bcdDevice 3.25                                                           ok
wTotalLength = the bytes sent                                            ok
descriptor lengths add up to wTotalLength                                ok
bNumInterfaces 5 = the interfaces, numbered 0..n-1 in order              ok
each setting has bNumEndpoints endpoints, each on its interface          ok
endpoint addresses unique (6: MIDI 01 81, CDC 82 03 83, audio 84)        ok
IADs: audio IF 0-2, CDC IF 3-4, before their first interface             ok
audio from IF 0, CDC last                                                ok
audio function: AC, MIDI, AS in a row                                    ok
AC header 1.00, collection = the MIDI (and audio streaming) interfaces   ok
UAC_AS_IF (SET_INTERFACE / GET_INTERFACE) = the audio streaming interface ok
CDC union and call management name the data interface                    ok
audio input: 2 rate(s) 44100 48000, EP 0x84 196 B                        ok
   macOS may attach: AppleUSBAudioComposite
   macOS may attach: AppleUSBHostCompositeDevice
layout 2: no AppleUSBCDC device personality matches                      ok
update path (SysEx on EP1: soft key, M-UPGRADE, frames), console presented ok
usb_desc: all ok
== USB descriptors: CDC 1 (presented 1), UAC 1 (48 kHz 1), layout 3
-- USB descriptors: CDC 1 (presented), UAC 1 (44.1 / 48 kHz), layout 3
GET_DESCRIPTOR device                                                    ok
GET_DESCRIPTOR configuration                                             ok
bcdUSB 2.00, class 00 00 00                                              ok
VID 1209 PID 0001, strings 1 2, one configuration                        ok
bcdDevice 3.27                                                           ok
wTotalLength = the bytes sent                                            ok
descriptor lengths add up to wTotalLength                                ok
bNumInterfaces 5 = the interfaces, numbered 0..n-1 in order              ok
each setting has bNumEndpoints endpoints, each on its interface          ok
endpoint addresses unique (6: MIDI 01 81, CDC 82 03 83, audio 84)        ok
IADs: audio IF 0-2, CDC IF 3-4, before their first interface             ok
audio from IF 0, CDC last                                                ok
audio function: AC, MIDI, AS in a row                                    ok
AC header 1.00, collection = the MIDI (and audio streaming) interfaces   ok
UAC_AS_IF (SET_INTERFACE / GET_INTERFACE) = the audio streaming interface ok
CDC union and call management name the data interface                    ok
audio input: 2 rate(s) 44100 48000, EP 0x84 196 B                        ok
   macOS may attach: AppleUSBCDCCompositeDevice (Vendor)
   macOS may attach: AppleUSBAudioComposite
   macOS may attach: AppleUSBHostCompositeDevice
update path (SysEx on EP1: soft key, M-UPGRADE, frames), console presented ok
usb_desc: all ok
== USB descriptors: CDC 1 (presented 0), UAC 1 (48 kHz 1), layout 0
-- USB descriptors: CDC 1 (left out), UAC 1 (44.1 / 48 kHz), layout 0
GET_DESCRIPTOR device                                                    ok
GET_DESCRIPTOR configuration                                             ok
no console: bcdUSB 1.10, class 00 00 00                                  ok
VID 1209 PID 0001, strings 1 2, one configuration                        ok
bcdDevice 3.20                                                           ok
wTotalLength = the bytes sent                                            ok
descriptor lengths add up to wTotalLength                                ok
bNumInterfaces 3 = the interfaces, numbered 0..n-1 in order              ok
each setting has bNumEndpoints endpoints, each on its interface          ok
endpoint addresses unique (3: MIDI 01 81, audio 84)                      ok
no IAD, audio from IF 0                                                  ok
audio function: AC, MIDI, AS in a row                                    ok
AC header 1.00, collection = the MIDI (and audio streaming) interfaces   ok
UAC_AS_IF (SET_INTERFACE / GET_INTERFACE) = the audio streaming interface ok
CDC union and call management name the data interface                    ok
without the console = 1.0's FELUCCA_CDC=0 build + the 48 kHz rate, nothing else ok
audio input: 2 rate(s) 44100 48000, EP 0x84 196 B                        ok
   macOS may attach: AppleUSBCDCCompositeDevice (Vendor)
   macOS may attach: AppleUSBAudioComposite
   macOS may attach: AppleUSBHostCompositeDevice
update path (SysEx on EP1: soft key, M-UPGRADE, frames), console not presented ok
usb_desc: all ok
== USB descriptors: CDC 1 (presented 0), UAC 1 (48 kHz 1), layout 2
-- USB descriptors: CDC 1 (left out), UAC 1 (44.1 / 48 kHz), layout 2
GET_DESCRIPTOR device                                                    ok
GET_DESCRIPTOR configuration                                             ok
no console: bcdUSB 1.10, class 00 00 00                                  ok
VID 1209 PID 0001, strings 1 2, one configuration                        ok
bcdDevice 3.20                                                           ok
wTotalLength = the bytes sent                                            ok
descriptor lengths add up to wTotalLength                                ok
bNumInterfaces 3 = the interfaces, numbered 0..n-1 in order              ok
each setting has bNumEndpoints endpoints, each on its interface          ok
endpoint addresses unique (3: MIDI 01 81, audio 84)                      ok
no IAD, audio from IF 0                                                  ok
audio function: AC, MIDI, AS in a row                                    ok
AC header 1.00, collection = the MIDI (and audio streaming) interfaces   ok
UAC_AS_IF (SET_INTERFACE / GET_INTERFACE) = the audio streaming interface ok
CDC union and call management name the data interface                    ok
without the console = 1.0's FELUCCA_CDC=0 build + the 48 kHz rate, nothing else ok
audio input: 2 rate(s) 44100 48000, EP 0x84 196 B                        ok
   macOS may attach: AppleUSBCDCCompositeDevice (Vendor)
   macOS may attach: AppleUSBAudioComposite
   macOS may attach: AppleUSBHostCompositeDevice
update path (SysEx on EP1: soft key, M-UPGRADE, frames), console not presented ok
usb_desc: all ok
== USB descriptors: CDC 0 (presented 1), UAC 1 (48 kHz 1), layout 0
-- USB descriptors: CDC 0 (not built), UAC 1 (44.1 / 48 kHz), layout 0
GET_DESCRIPTOR device                                                    ok
GET_DESCRIPTOR configuration                                             ok
no console: bcdUSB 1.10, class 00 00 00                                  ok
VID 1209 PID 0001, strings 1 2, one configuration                        ok
bcdDevice 3.20                                                           ok
wTotalLength = the bytes sent                                            ok
descriptor lengths add up to wTotalLength                                ok
bNumInterfaces 3 = the interfaces, numbered 0..n-1 in order              ok
each setting has bNumEndpoints endpoints, each on its interface          ok
endpoint addresses unique (3: MIDI 01 81, audio 84)                      ok
no IAD, audio from IF 0                                                  ok
audio function: AC, MIDI, AS in a row                                    ok
AC header 1.00, collection = the MIDI (and audio streaming) interfaces   ok
UAC_AS_IF (SET_INTERFACE / GET_INTERFACE) = the audio streaming interface ok
CDC union and call management name the data interface                    ok
without the console = 1.0's FELUCCA_CDC=0 build + the 48 kHz rate, nothing else ok
audio input: 2 rate(s) 44100 48000, EP 0x84 196 B                        ok
   macOS may attach: AppleUSBCDCCompositeDevice (Vendor)
   macOS may attach: AppleUSBAudioComposite
   macOS may attach: AppleUSBHostCompositeDevice
update path (SysEx on EP1: soft key, M-UPGRADE, frames), console not presented ok
usb_desc: all ok
== USB descriptors: CDC 1 (presented 1), UAC 1 (48 kHz 0), layout 0
-- USB descriptors: CDC 1 (presented), UAC 1, layout 0
GET_DESCRIPTOR device                                                    ok
GET_DESCRIPTOR configuration                                             ok
misc / IAD: bcdUSB 2.00, class EF 02 01                                  ok
VID 1209 PID 0001, strings 1 2, one configuration                        ok
bcdDevice 3.11                                                           ok
wTotalLength = the bytes sent                                            ok
descriptor lengths add up to wTotalLength                                ok
bNumInterfaces 5 = the interfaces, numbered 0..n-1 in order              ok
each setting has bNumEndpoints endpoints, each on its interface          ok
endpoint addresses unique (6: MIDI 01 81, CDC 82 03 83, audio 84)        ok
IADs: audio IF 0-2, CDC IF 3-4, before their first interface             ok
audio from IF 0, CDC last                                                ok
audio function: AC, MIDI, AS in a row                                    ok
AC header 1.00, collection = the MIDI (and audio streaming) interfaces   ok
UAC_AS_IF (SET_INTERFACE / GET_INTERFACE) = the audio streaming interface ok
CDC union and call management name the data interface                    ok
layout 0 = Felucca 1.0 byte for byte                                     ok
audio input: 1 rate(s) 44100, EP 0x84 184 B                              ok
   macOS may attach: AppleUSBCDCCompositeDevice (Misc)
   macOS may attach: AppleUSBAudioComposite (InterfaceAssociationClass)
   macOS may attach: AppleUSBHostCompositeDevice (InterfaceAssociationClass)
update path (SysEx on EP1: soft key, M-UPGRADE, frames), console presented ok
usb_desc: all ok
== USB descriptors: CDC 1 (presented 0), UAC 1 (48 kHz 0), layout 0
-- USB descriptors: CDC 1 (left out), UAC 1, layout 0
GET_DESCRIPTOR device                                                    ok
GET_DESCRIPTOR configuration                                             ok
no console: bcdUSB 1.10, class 00 00 00                                  ok
VID 1209 PID 0001, strings 1 2, one configuration                        ok
bcdDevice 3.10                                                           ok
wTotalLength = the bytes sent                                            ok
descriptor lengths add up to wTotalLength                                ok
bNumInterfaces 3 = the interfaces, numbered 0..n-1 in order              ok
each setting has bNumEndpoints endpoints, each on its interface          ok
endpoint addresses unique (3: MIDI 01 81, audio 84)                      ok
no IAD, audio from IF 0                                                  ok
audio function: AC, MIDI, AS in a row                                    ok
AC header 1.00, collection = the MIDI (and audio streaming) interfaces   ok
UAC_AS_IF (SET_INTERFACE / GET_INTERFACE) = the audio streaming interface ok
CDC union and call management name the data interface                    ok
without the console = a FELUCCA_CDC=0 build of 1.0 byte for byte         ok
audio input: 1 rate(s) 44100, EP 0x84 184 B                              ok
   macOS may attach: AppleUSBCDCCompositeDevice (Vendor)
   macOS may attach: AppleUSBAudioComposite
   macOS may attach: AppleUSBHostCompositeDevice
update path (SysEx on EP1: soft key, M-UPGRADE, frames), console not presented ok
usb_desc: all ok
== USB descriptors: CDC 1 (presented 1), UAC 1 (48 kHz 0), layout 2
-- USB descriptors: CDC 1 (presented), UAC 1, layout 2
GET_DESCRIPTOR device                                                    ok
GET_DESCRIPTOR configuration                                             ok
bcdUSB 2.00, class 00 00 01                                              ok
VID 1209 PID 0001, strings 1 2, one configuration                        ok
bcdDevice 3.15                                                           ok
wTotalLength = the bytes sent                                            ok
descriptor lengths add up to wTotalLength                                ok
bNumInterfaces 5 = the interfaces, numbered 0..n-1 in order              ok
each setting has bNumEndpoints endpoints, each on its interface          ok
endpoint addresses unique (6: MIDI 01 81, CDC 82 03 83, audio 84)        ok
IADs: audio IF 0-2, CDC IF 3-4, before their first interface             ok
audio from IF 0, CDC last                                                ok
audio function: AC, MIDI, AS in a row                                    ok
AC header 1.00, collection = the MIDI (and audio streaming) interfaces   ok
UAC_AS_IF (SET_INTERFACE / GET_INTERFACE) = the audio streaming interface ok
CDC union and call management name the data interface                    ok
audio input: 1 rate(s) 44100, EP 0x84 184 B                              ok
   macOS may attach: AppleUSBAudioComposite
   macOS may attach: AppleUSBHostCompositeDevice
layout 2: no AppleUSBCDC device personality matches                      ok
update path (SysEx on EP1: soft key, M-UPGRADE, frames), console presented ok
usb_desc: all ok
== USB descriptors: CDC 0 (presented 1), UAC 1 (48 kHz 0), layout 0
-- USB descriptors: CDC 0 (not built), UAC 1, layout 0
GET_DESCRIPTOR device                                                    ok
GET_DESCRIPTOR configuration                                             ok
no console: bcdUSB 1.10, class 00 00 00                                  ok
VID 1209 PID 0001, strings 1 2, one configuration                        ok
bcdDevice 3.10                                                           ok
wTotalLength = the bytes sent                                            ok
descriptor lengths add up to wTotalLength                                ok
bNumInterfaces 3 = the interfaces, numbered 0..n-1 in order              ok
each setting has bNumEndpoints endpoints, each on its interface          ok
endpoint addresses unique (3: MIDI 01 81, audio 84)                      ok
no IAD, audio from IF 0                                                  ok
audio function: AC, MIDI, AS in a row                                    ok
AC header 1.00, collection = the MIDI (and audio streaming) interfaces   ok
UAC_AS_IF (SET_INTERFACE / GET_INTERFACE) = the audio streaming interface ok
CDC union and call management name the data interface                    ok
without the console = a FELUCCA_CDC=0 build of 1.0 byte for byte         ok
audio input: 1 rate(s) 44100, EP 0x84 184 B                              ok
   macOS may attach: AppleUSBCDCCompositeDevice (Vendor)
   macOS may attach: AppleUSBAudioComposite
   macOS may attach: AppleUSBHostCompositeDevice
update path (SysEx on EP1: soft key, M-UPGRADE, frames), console not presented ok
usb_desc: all ok
== USB descriptors: CDC 1 (presented 1), UAC 0 (48 kHz 1), layout 0
-- USB descriptors: CDC 1 (presented), UAC 0, layout 0
GET_DESCRIPTOR device                                                    ok
GET_DESCRIPTOR configuration                                             ok
misc / IAD: bcdUSB 2.00, class EF 02 01                                  ok
VID 1209 PID 0001, strings 1 2, one configuration                        ok
bcdDevice 3.01                                                           ok
wTotalLength = the bytes sent                                            ok
descriptor lengths add up to wTotalLength                                ok
bNumInterfaces 4 = the interfaces, numbered 0..n-1 in order              ok
each setting has bNumEndpoints endpoints, each on its interface          ok
endpoint addresses unique (5: MIDI 01 81, CDC 82 03 83)                  ok
IADs: audio IF 0-1, CDC IF 2-3, before their first interface             ok
audio from IF 0, CDC last                                                ok
audio function: AC, MIDI, AS in a row                                    ok
AC header 1.00, collection = the MIDI (and audio streaming) interfaces   ok
UAC_AS_IF (SET_INTERFACE / GET_INTERFACE) = the audio streaming interface ok
CDC union and call management name the data interface                    ok
layout 0 = Felucca 1.0 byte for byte                                     ok
   macOS may attach: AppleUSBCDCCompositeDevice (Misc)
   macOS may attach: AppleUSBAudioComposite (InterfaceAssociationClass)
   macOS may attach: AppleUSBHostCompositeDevice (InterfaceAssociationClass)
update path (SysEx on EP1: soft key, M-UPGRADE, frames), console presented ok
usb_desc: all ok
== USB descriptors: CDC 1 (presented 1), UAC 0 (48 kHz 1), layout 1
-- USB descriptors: CDC 1 (presented), UAC 0, layout 1
GET_DESCRIPTOR device                                                    ok
GET_DESCRIPTOR configuration                                             ok
misc / IAD: bcdUSB 2.00, class EF 02 01                                  ok
VID 1209 PID 0001, strings 1 2, one configuration                        ok
bcdDevice 3.03                                                           ok
wTotalLength = the bytes sent                                            ok
descriptor lengths add up to wTotalLength                                ok
bNumInterfaces 4 = the interfaces, numbered 0..n-1 in order              ok
each setting has bNumEndpoints endpoints, each on its interface          ok
endpoint addresses unique (5: MIDI 01 81, CDC 82 03 83)                  ok
IADs: audio IF 2-3, CDC IF 0-1, before their first interface             ok
CDC first: IF 0-1, audio from IF 2                                       ok
audio function: AC, MIDI, AS in a row                                    ok
AC header 1.00, collection = the MIDI (and audio streaming) interfaces   ok
UAC_AS_IF (SET_INTERFACE / GET_INTERFACE) = the audio streaming interface ok
CDC union and call management name the data interface                    ok
   macOS may attach: AppleUSBCDCCompositeDevice (Misc)
   macOS may attach: AppleUSBAudioComposite (InterfaceAssociationClass)
   macOS may attach: AppleUSBHostCompositeDevice (InterfaceAssociationClass)
update path (SysEx on EP1: soft key, M-UPGRADE, frames), console presented ok
usb_desc: all ok
== USB descriptors: CDC 1 (presented 0), UAC 0 (48 kHz 1), layout 0
-- USB descriptors: CDC 1 (left out), UAC 0, layout 0
GET_DESCRIPTOR device                                                    ok
GET_DESCRIPTOR configuration                                             ok
no console: bcdUSB 1.10, class 00 00 00                                  ok
VID 1209 PID 0001, strings 1 2, one configuration                        ok
bcdDevice 3.00                                                           ok
wTotalLength = the bytes sent                                            ok
descriptor lengths add up to wTotalLength                                ok
bNumInterfaces 2 = the interfaces, numbered 0..n-1 in order              ok
each setting has bNumEndpoints endpoints, each on its interface          ok
endpoint addresses unique (2: MIDI 01 81)                                ok
no IAD, audio from IF 0                                                  ok
audio function: AC, MIDI, AS in a row                                    ok
AC header 1.00, collection = the MIDI (and audio streaming) interfaces   ok
UAC_AS_IF (SET_INTERFACE / GET_INTERFACE) = the audio streaming interface ok
CDC union and call management name the data interface                    ok
without the console = a FELUCCA_CDC=0 build of 1.0 byte for byte         ok
   macOS may attach: AppleUSBCDCCompositeDevice (Vendor)
   macOS may attach: AppleUSBAudioComposite
   macOS may attach: AppleUSBHostCompositeDevice
update path (SysEx on EP1: soft key, M-UPGRADE, frames), console not presented ok
usb_desc: all ok
== USB descriptors: CDC 0 (presented 1), UAC 0 (48 kHz 1), layout 0
-- USB descriptors: CDC 0 (not built), UAC 0, layout 0
GET_DESCRIPTOR device                                                    ok
GET_DESCRIPTOR configuration                                             ok
no console: bcdUSB 1.10, class 00 00 00                                  ok
VID 1209 PID 0001, strings 1 2, one configuration                        ok
bcdDevice 3.00                                                           ok
wTotalLength = the bytes sent                                            ok
descriptor lengths add up to wTotalLength                                ok
bNumInterfaces 2 = the interfaces, numbered 0..n-1 in order              ok
each setting has bNumEndpoints endpoints, each on its interface          ok
endpoint addresses unique (2: MIDI 01 81)                                ok
no IAD, audio from IF 0                                                  ok
audio function: AC, MIDI, AS in a row                                    ok
AC header 1.00, collection = the MIDI (and audio streaming) interfaces   ok
UAC_AS_IF (SET_INTERFACE / GET_INTERFACE) = the audio streaming interface ok
CDC union and call management name the data interface                    ok
without the console = a FELUCCA_CDC=0 build of 1.0 byte for byte         ok
   macOS may attach: AppleUSBCDCCompositeDevice (Vendor)
   macOS may attach: AppleUSBAudioComposite
   macOS may attach: AppleUSBHostCompositeDevice
update path (SysEx on EP1: soft key, M-UPGRADE, frames), console not presented ok
usb_desc: all ok
tests/ota_test.c: In function ‘ota_wire_send’:
tests/ota_test.c:63:10: warning: ‘u’ may be used uninitialized [-Wmaybe-uninitialized]
   63 |     if (u[2] == 0x11) { ident_replies++; return 0; }
      |         ~^~~
tests/ota_test.c:59:13: note: ‘u’ declared here
   59 |     uint8_t u[64], m[600];
      |             ^
== M-UPGRADE entry (own loader)
handshake answered                                   ok
identity frame is FM-1_900                           ok
  19 requests
session commits                                      ok
headers + loader + confirm, no head reads            ok
staged body == the package's loader                  ok
LOADER.BIN head CRC                                  ok
record at 0xE4F00 == RAM record                      ok
record CRC / type / magic / ota_addr                 ok
nothing written outside 0xE0000..0xE4FFF             ok
boot cleanup erases the area                         ok
second boot: nothing to do                           ok
host gone -> no commit, area clean                   ok
no 'success' -> -13, no commit, area clean           ok
ota test passed
== update loader: other app -> this build
damaged package (flash.bin CRC) refused, nothing erased  ok
  rc 0, 2332 requests, 87 sector erases
install completes                                        ok
a sector changed in transfer after the check is read again ok
app area == the new package's flash.bin                  ok
flash head [0, 0x4000) untouched                         ok
finish asked (0xF0000000)                                ok
update records cleared (RAM + flash 0xE4F00, the stock firmware's 0xE8F00) ok
user data in Felucca's store that looks like a record is kept ok
no write outside the allowed windows                     ok
re-run with the same package erases nothing              ok
foreign key / damaged app head refused, nothing erased   ok
loader test passed
== scales: white-key mapping and note lifecycle
scales: all 16 scales, 12 roots, octave/transpose ranges, bypass, drums and SNAP ok
scales: silent keys, arp, live recording, MIDI out and held-note changes ok
scales: QNT SEQ snaps the sequence as it plays (steps unchanged), no stuck notes over scale changes, kits never
== chord keys: diatonic and fixed chords, voicings, MONO root, releases, recording, ARP, MIDI IN, kits
ui: C major DIA3 on D: D F A                                                   ok
ui: C major DIA3 on B: B D F (diminished)                                      ok
ui: C major DIA7 on G: G B D F                                                 ok
ui: C major DIA7 on C: C E G B                                                 ok
ui: C major: C Dm Em F G Am Bdim, Cmaj7 Dm7 Em7 Fmaj7 G7 Am7 Bm7b5             ok
ui: A minor DIA3 on B: B D F                                                   ok
ui: A minor DIA3 on A: A C E (Am), on C: C E G, on E: E G B (Em)               ok
ui: A harmonic minor DIA3 on E: E G# B (E), on C: C E G# (Caug)                ok
ui: A harmonic minor DIA7 on E: E G# B D (E7), on G#: G# B D F (G#dim7), on A: AmM7 ok
ui: Eb major DIA7 on Bb: Bb D F Ab (A#7)                                       ok
ui: D dorian DIA3 on D: Dm, on G: G (the major IV)                             ok
ui: a key outside the scale: the scale note below (C# in C major: C)           ok
ui: CHR: the major scale of ROOT (G: on A, Am; on F#, F#dim)                   ok
ui: pentatonic DIA3: in the scale (C E A: C6)                                  ok
ui: DIA3 / DIA7 of every scale and root: 3 / 4 notes, every one in key         ok
ui: MAJ on C4: C E G                                                           ok
ui: MIN: C Eb G (Cm)                                                           ok
ui: DOM7: C E G Bb (C7)                                                        ok
ui: MAJ7: C E G B (Cmaj7)                                                      ok
ui: MIN7: C Eb G Bb (Cm7)                                                      ok
ui: SUS4: C F G (Csus4)                                                        ok
ui: POW: C G C (C5)                                                            ok
ui: a fixed shape ignores the scale (MIN on D# in C major: D# F# A#)           ok
ui: OPEN: C G E (1-5-3)                                                        ok
ui: INV1: E G C                                                                ok
ui: INV2: G C E                                                                ok
ui: +OCT: C3 C E G                                                             ok
ui: +OCT of a seventh: C3 C E B (the fifth dropped, 4 notes)                   ok
ui: OPEN seventh: C G B E                                                      ok
ui: INV1 seventh: E G B C                                                      ok
ui: INV2 seventh: G B C E                                                      ok
ui: INV1 of POW: G C (the doubled root once)                                   ok
ui: every scale x CHRD x VOIC x note: 1..4 notes, ascending, once each, 0..127, a name ok
ui: OFF: the note alone                                                        ok
ui: a key plays its chord (D4: D F A), MIDI OUT the three                      ok
ui:   chord_last: Dm for the CHORD page                                        ok
ui: its release ends exactly those (CHRD / VOIC changed meanwhile), MIDI OUT their note-offs ok
ui: two chords: the shared notes sound once (C E G B)                          ok
ui:   C up: C ends, E G stay for the E key                                     ok
ui:   E up: nothing left, MIDI OUT balanced                                    ok
ui: MONO: the root alone (C# in C major: C)                                    ok
ui:   released (MONO switched off meanwhile)                                   ok
ui: LEGATO: the root alone (E)                                                 ok
ui: QNT WHITE: the key mapped first (A minor, D4 -> B4), then its chord B D F  ok
ui:   released                                                                 ok
ui: OFF: one note, as before                                                   ok
ui: ARP: one key, the chord as held notes (C E G B)                            ok
ui:   key up: nothing held                                                     ok
ui: live recording: the chord into one step (D F A)                            ok
ui:   a 4-note voicing: 4 notes in the step (the most a step holds)            ok
ui:   MONO records its root alone                                              ok
ui: MIDI IN: a note plays its chord (D F A)                                    ok
ui:   its note-off ends the chord (CHRD OFF meanwhile), the table empty        ok
ui: MIDI and a key share notes: C E G B once each                              ok
ui:   MIDI C off: C ends, E G stay for the key                                 ok
ui:   key up: nothing left                                                     ok
ui: pedal: the chord (F A C) held after its note-off                           ok
ui:   pedal up: released                                                       ok
ui: a full chord table: further notes play alone; all end                      ok
ui: All Sound Off forgets the track's MIDI chords                              ok
ui: DRUM: CHRD ignored (one hit per key)                                       ok
ui:   MIDI IN on the DRUM track: one hit, no chord kept                        ok
ui: SAMPLE SET 4 (once PERC): chords, no kit                                   ok
ui: SAMPLE with a melodic set: chords                                          ok
chord keys test passed
== SPEAKER EQ: FLAT / LOWCUT / BASS+ responses, BASS+ harmonics of the bass, the sub cut, no offset after
speaker: FLAT     40 Hz  -0.1   80 Hz  -0.1  110 Hz  -0.1  220 Hz  -0.1  440 Hz  -0.1 1000 Hz  -0.1 4000 Hz  -0.1 8000 Hz  -0.1 dB
speaker: LOWCUT   40 Hz -18.9   80 Hz  -9.4  110 Hz  -6.2  220 Hz  -2.1  440 Hz  -0.7 1000 Hz  -0.3 4000 Hz  -0.2 8000 Hz  -0.2 dB
speaker: BASS+    40 Hz  -6.6   80 Hz  -5.1  110 Hz  -7.4  220 Hz  -7.7  440 Hz  -2.2 1000 Hz  -0.8 4000 Hz  -0.4 8000 Hz  -0.4 dB
speaker: FLAT flat, LOWCUT ~110 Hz, BASS+ ~220 Hz (440 Hz not cancelled), 1 kHz and up kept ok
speaker: 55 Hz tone, 275..935 Hz harmonics OFF 80.9 LOWCUT 93.0 BASS+ 153.4 dB; 55 Hz OFF 160.4 BASS+ 145.1 dB; peak 15721, tail 0
speaker: BASS+ ok
== DSP render (ANALOG preset 0)
== TRACKS: 4-track pattern, live recording (lengths, swing), voice budget, engine switch, cost
tracks: recording: drums step 4 = 3 notes (kick snare hat) + clap 39: yes, hits when step 4 played right after: 3 (want 3: the clap is not triggered twice) ok
tracks: recording: MIDI ch 3 -> lead step 1 = 84 (want 84) ok; keys -> pad step 14 = 2 notes 60 64 ok
tracks: voices sounding at most 8 (budget 8) ok; given up to another part 14; 0 samples near full scale
tracks: stealing across parts: 5 voices taken; largest sample step at a take / before it: at most 0.58 x (a hard cut: several x) ok
tracks: TRS MIDI IN: ch 1..4 -> parts ok, ch 10 and ch 5 ignored on CH1-4, the selected track on SEL ok ok; note-offs (running status, vel 0) ok
tracks: TRS MIDI IN: note-off after another track was selected reaches the note's track ok; ch 3 records into armed track 3 ok
tracks: recording lengths: held 3.3 steps -> NOTE TIE TIE (the 4th step put back) ok; 0.3 step -> one step ok; past the middle of the next -> NOTE TIE ok
tracks: recording lengths: a chord ties until its last key ok; capped at LEN 4 ok; MONO legato A..B -> A TIE B TIE ok
tracks: recording with SWING 50 %: nearest swung step (0.55 into a long step stays, 0.42 into a short one moves on) ok
tracks: engine switch ANALOG -> - (release tail): largest sample step 213 in the 10 ms after, 705 in the 0.1 s before (0.30 x)
tracks: engine switch ANALOG -> PHASE (chord held): largest sample step 380 in the 10 ms after, 721 in the 0.1 s before (0.53 x)
tracks: engine switch ANALOG -> LOFI (chord held): largest sample step 406 in the 10 ms after, 476 in the 0.1 s before (0.85 x)
tracks: engine switch: at most 0.85 x the step before (a hard cut: several x) ok
tracks: a note during the switch sounds on the new engine (SAMPLE) ok
tracks: WAVs in build/tracks_demo: tracks_demo.wav (mix), t1_bass.wav, t2_pad.wav, t3_lead.wav, t4_drums.wav, steal.wav, engine_switch.wav
tracks: one part, 8 notes held (host -O2, ns per sample, heaviest preset per engine): ANALOG RAVE 175.4, PHASE WIRE 152.0, LOFI WAVE LEAD 94.3, SAMPLE SAX 115.0, VOICE WOW BASS 151.6, TRIO CHIP CHOIR 197.1, WHEEL FULL ORGAN 204.6, GRAIN SHIMMER 114.0, PHYS BOWED METAL 197.5, DRUM DRUM KIT 44.8, NOISE RAIN 178.5, FM6 BRASS 188.3, SLICE STUTTER 45.0
tracks: worst single part: WHEEL FULL ORGAN 204.6 ns
tracks: FM6 + PHASE + VOICE + drums, 3 + 3 + 2 notes: 205.8 ns (1.01 x the worst single part), 8 voices
tracks: the same, 8 + 8 + 4 notes asked for (budget keeps 8): 228.0 ns (1.11 x)
tracks: two VOICE parts, 4 + 4 voices (the heaviest 8 the budget allows): 248.8 ns (1.22 x); no notes but the drums (buses, 3 idle parts): 77.6 ns
tracks: all checks ok
== project formats (FUN1..FUN5 -> FUN6, the grid and song chain; DIGITAL tracks -> FM6, SAMPLE PERC -> DRUM)
layout: SLICER after DETUNE, then the matrix just before P_E0 ok
FUN9 fits one flash object, the retained cache in NOINIT     ok
FUN2 image is 2552 bytes (as stored)                         ok
FUN2 -> FUN6: converted, valid format 5 slot                 ok
FUN2 -> FUN6: globals (id 24, the old drum channel: ROOM) and selected track ok
FUN2 -> FUN6: every parameter mapped, SLICER and matrix OFF (4 tracks) ok
FUN2 -> FUN6: engine bytes kept (WHEEL 7, ANALOG 0, TRIO 6)  ok
FUN2 -> FUN6: the drum track -> part 4, DRUM (its kit on load), steps kept (lanes as hits) ok
FUN3 image is 2584 bytes (as stored)                         ok
FUN3 -> FUN6: every parameter kept, the matrix OFF, steps, globals (24: ROOM) ok
FUN3 before 1.0: the drum track -> part 4 (LEVEL / REV from G_DRLVL / G_DRREV) ok
FUN6 -> FUN6: as stored (a matrix slot, engine 8, a DRUM step with notes and hits) ok
FUN5 -> FUN6: sounds, grid and reserved lane bytes kept, no chain ok
FUN5: damaged checksum refused                               ok
FUN6: chain round trip                                       ok
FUN6: invalid row refused even with a correct checksum       ok
FUN4 image is 2680 bytes (as stored)                         ok
FUN4 -> FUN6: parameters, engines, globals; steps as they were, no hits ok
FUN4 -> FUN6: a DRUM track's lane notes -> hits (accents too), a low tom / crash kept ok
FUN3 with a bad checksum: refused                            ok
FUN6 size with a FUN3 magic: refused                         ok
FUN2 with a bad checksum: refused                            ok
FUN2 with a wrong length: refused                            ok
FUN6 size with a FUN2 magic: refused                         ok
FUN1 -> FUN6: track 1 mapped, tracks 2..4 defaults           ok
FUN4 phys 1: PHYS MODEL DRUM -> DRUM engine (its lane notes as hits), MEMB kept ok
FUN6 after it: imported again, as it is                      ok
FUN4 phys 0: PHYS DUST -> MODAL bowed                        ok
FUN9 name at the end of the reserved tail, the FM6 patches before it, after the data (48 spare) ok
FUN7 no name: the tail all zero (as firmware before wrote it) ok
FUN7 of before names (zero tail): loads, no name             ok
FUN7 name round trip (upper case, 0-padded)                  ok
FUN7 name of 12 characters (no terminator)                   ok
FUN7 name byte changed: the hash refuses the project         ok
FUN7 name with a byte outside 32..126: the project loads, no name ok
FUN6..FUN1 imports: no name                                  ok
FUN9: the four FM6 patches round trip (bytes at PROJ_FM6_OFF) ok
FUN9: a patch byte changed: the hash refuses it              ok
FUN9 round trip: locks on a lane level (P_LN2) and an engine value (P_E5) kept ok
FUN8 of 1.0.x (91 parameters): lane levels 100 %, E0..E7 at P_E0, patches and name kept ok
  its motion: E3 (86 then) at P_E3, REV kept                 ok
  a lock on its E5 (88 then): at P_E5, still a lock          ok
  one byte short: refused                                    ok
  in a retained (longer) slot: loads                         ok
FUN7 -> FUN9: the music and name kept, every track the init patch ok
FUN7 REVERB TYPE above SPRING (an old drum channel): ROOM    ok
FUN7 one byte short: refused                                 ok
a retained 3648-byte slot holding a FUN7 record loads it     ok
a retained slot of garbage is empty                          ok
FUN8: a patch byte above 127 cannot be packed                ok
FUN8: a step out of range packs inside it (note, velocity 127; accents on hits): it loads ok
FUN8 with a DIGITAL track: FM6, the converted patch its own, PTCH / preset FM6 PAD ok
  its motion on INDEX / OP LEVEL / E7 goes; a send's and the other track's stay ok
  imported again: as it is (FM6 now)                         ok
FUN7 with a DIGITAL track: the same                          ok
FUN4 with a DIGITAL track (no OP ENV then: their defaults): FM6, converted ok
FUN1 with DIGITAL: track 1 FM6 (BELL), track 2 the power-on sound (FM6 now) ok
FUN8 with a SAMPLE PERC track: DRUM's kit, the rest of the sound and the steps kept ok
  its motion on CUT goes; a send's and the other track's stay ok
  imported again: as it is (DRUM now)                        ok
FUN4 with a SAMPLE PERC track: DRUM's kit, the same          ok
project format test passed
== motion, whole-step chance, FUN7 migration, song restore, ARP repeat and the 1.2 ARP modes
ui: motion records the selected armed track at its current step                ok
ui: same step/parameter overwrites rather than consuming capacity              ok
ui: sounding values never replace the original patch base                      ok
ui: project snapshot saves base + independent events while sounding            ok
ui: stop before another step restores the original parameter                   ok
ui: recorded motion plays back at step zero                                    ok
ui: bypass restores base without deleting automation                           ok
ui: manual edits outside recording become the new base                         ok
ui: only the selected track captures knob motion                               ok
ui: transport and engine-switch parameters cannot be captured                  ok
ui: clearing then recording mid-play keeps the correct new base                ok
ui: full event pool refuses append without overwriting earlier events          ok
ui: full pool still permits a targeted overwrite                               ok
ui: deleting one event releases one slot                                       ok
ui: invalid restore leaves the pool intact                                     ok
ui: track clear keeps every other track's events                               ok
ui: zero-initialized probability remains legacy 100 percent                    ok
ui: zero percent suppresses the whole chord and drum hits                      ok
ui: 100 percent plays all chord notes and drum hits                            ok
ui: chance is evaluated each repeat with one decision per step                 ok
ui: FUN9 fits the retained and flash extent                                    ok
ui: FUN9 round trip preserves signed values/FM params/probability/motion       ok
ui: FUN7 torn or corrupted payload is refused                                  ok
ui: compact parameter range is validated even with a correct hash              ok
ui: invalid probability is refused even with a correct hash                    ok
ui: real FUN6 disk image migrates with FM defaults/100% chance/no motion       ok
ui: migrated FUN6 can be written as fixed-size FUN7                            ok
ui: actual project save/load restores motion, chance and operator settings     ok
ui: 89 parameters: E0..E7 at P_E0.., the chord keys OFF / CLOSE, lanes 100 %, the rest in place ok
ui:   its motion: E0 (81) -> P_E0, REV and FM OP1 ATK (61) kept                ok
ui:   written again (P_COUNT parameters): the same project                     ok
ui:   SONG: an 89-parameter slot's motion plays at today's ids (E0 at P_E0)    ok
ui:   E1 (82) -> P_E1                                                          ok
ui: 1.1.5: a sound load of the same engine keeps the motion (both kinds, the engine's own E1 too), the pattern ok
ui:   another engine: the motion on the common parameters (REV) stays, the engine's own (E1) goes, PLAY ON ok
ui: sound undo restores the original motion pool and base                      ok
ui: sound redo restores the loaded motion state                                ok
ui: song preparation imports saved motion alongside steps                      ok
ui: song plays saved automation with current instruments                       ok
ui: song stop restores current base and editable pattern                       ok
ui: REPEAT retriggers the last played note without octave traversal            ok
ui: REPEAT remains on the same note on the next pulse                          ok
ui: REPEAT releases after the last held key is released                        ok
ui: REPEAT supports ARP HOLD                                                   ok
ui: ARP modes: OFF..REPEAT keep their numbers, DNUP UP+8 CONV DIVG PINKY THUMB WALK CHORD appended (<= 6 chars) ok
ui: ARP UP, DN, UPDN, ORD as before                                            ok
ui: ARP DNUP: G E C E; B G E C E G for 4; across OCT 2                         ok
ui: ARP UP+8: C E G C'; C E G B C'; OCT 2 ends on C''; ORD PLAY: the first played an octave over the top ok
ui: ARP CONV: C G E, C B E G (outside in), OCT 2; DIVG: E G C, G E B C (inside out) ok
ui: ARP PINKY: C G E G, C B E B G B, the OCT 2 top; THUMB: C E C G, C E C G C B; one note ok
ui: ARP CHORD: C E G together, then an octave up (OCT 2); 5 held: the first 4; the gate and a release end them all ok
ui: ARP WALK: from the bottom, a step up or down each time inside the list; the same seed the same walk ok
ui: ARP HOLD: PINKY keeps playing the latched C E G; D F A replaces it         ok
ui: ARP REPEAT switched to THUMB and back, CHORD to REPEAT: each plays its own ok
ui: ARP CHORD recorded: C E G into one step                                    ok
ui: a lock is one of the shared 64 records, bit 7 of its id (MOTION_LOCK)      ok
ui: lock: its value on its step only, back after it (the sound's own, or the automation held) ok
ui:   a lock sounding: the sound's own value is the base, a project saves that ok
ui:   AUTOMATION PLAY OFF: the sound's own value at once, the locks kept       ok
ui:   STOP while a lock sounds puts the sound's own value back                 ok
ui:   with SWING 100: the same values step by step                             ok
ui:   CHANCE 0 %: the step does not play, nor its lock                         ok
ui:   CHANCE 100 %: its lock                                                   ok
ui:   CHANCE 50 %: the lock applies exactly when the step's notes play         ok
ui:   RATCH x3: its 3 parts all with the lock, back at the next step           ok
ui:   an engine parameter: set at the step's start (before its notes), in its range ok
ui:   .. and back at the next step                                             ok
ui: a lock replaces an automation event of its step and id (one record, either kind) ok
ui:   .. and back (an automation event over a lock)                            ok
ui: clear a step's locks: its automation and the other steps' and tracks' stay ok
ui: clear every step's locks (NSTEP)                                           ok
ui: delete an event deletes a lock too (either kind)                           ok
ui: a project without locks: the bytes as before (ids < 128), the same round trip ok
ui: FUN9 round trip keeps the locks (bit 7 of the id byte), their values and steps ok
ui:   saved and loaded: the locks play again                                   ok
ui:   FUN7 of 89: a lock's id moves up with P_E0 (85 -> P_E4), still a lock    ok
ui:     an id that store could not name (np): refused                          ok
ui:   FUN8 of 91: a lock's id moves up with P_E0 (87 -> P_E4), still a lock    ok
ui:     an id that store could not name (np): refused                          ok
ui: SONG: a slot's locks come with its motion                                  ok
ui:   a song plays them on their step, back after it                           ok
ui: the grid on SEQ > STEP; the locks' knobs: HOME's (DRUM: E2..E5)            ok
ui: a step key down: its step held (an empty one gets its hit at once)         ok
ui:   KNOB 1 turned: step 5 gets a lock of E2 (TUNE), from the sound's own value ok
ui:   let go: the hit stays, the lock is there, the sound unchanged            ok
ui: a key pressed on a hit and held for a lock: the hit stays                  ok
ui:   tapped alone: the hit goes (when let go), its lock stays                 ok
ui: two step keys held: both get the lock                                      ok
ui: a step held + [EDIT]: its locks go, the step and the others' locks stay    ok
ui: the steps with a lock (the grid marks them): step 1                        ok
ui: from FX: the knobs lock DIST CHO DLY REV                                   ok
ui:   step 5 gets a REV lock                                                   ok
ui: AUTOMATION: EVENT 0, LOCK 3                                                ok
ui: the roll, not armed: a key held writes no step and holds none; KNOB 3 locks nothing ok
ui: the roll, armed (step recording): a note key held (the entry) is the step held; KNOB 3 locks ATK, TIME untouched ok
ui:   let go: the note and the lock on step 1, the cursor on                   ok
ui:   [EDIT] alone clears the step and its locks                               ok
ui:   a song playing: STOP TO EDIT, no lock                                    ok
ui: lock undo: a step held, KNOB 1 turned twice: one lock                      ok
ui:   SAVE held: the lock is gone (one undo for the whole turn), the step's hit stays ok
ui:   held again (redo): the lock is back at its value                         ok
ui:   a step held + [EDIT] clears it                                           ok
ui:   SAVE held brings it back                                                 ok
ui:   [EDIT] on a step without locks takes no undo copy (the clear before stays undoable) ok
ui: AUTO LIST: empty, + ADD LOCK selected on the SEQ cursor's step, the first knob of the sound page ok
ui:   OCT+: a lock on step 5 at the sound's own value, its row selected        ok
ui:   KNOB 4: its value                                                        ok
ui:   KNOB 2: its step (5 -> 7), the value kept                                ok
ui:   KNOB 3: the next parameter, from the sound's own value                   ok
ui:   OCT+ on the row: LOCK -> AUTO                                            ok
ui:   and back (AUTO -> LOCK -> AUTO)                                          ok
ui:   KNOB 1: + ADD LOCK; KNOB 2 there: its step                               ok
ui:   OCT+: a second lock on step 3, first in the list (by step)               ok
ui:   OCT+ on + ADD LOCK where one is: ALREADY LISTED, that row selected       ok
ui:   EDIT: the row's record goes                                              ok
ui:   SAVE held: it is back                                                    ok
ui:   held again: gone again                                                   ok
ui:   KNOB 4 turned on (three turns): one undo                                 ok
ui:   a song playing: STOP TO EDIT                                             ok
ui:   the 64 used: OCT+ adds nothing, AUTOMATION FULL                          ok
ui:   KNOB 3's list: what motion records and the sound has (no OP ENV, no DRUM lanes off DRUM) ok
ui:   names: ENV FLT / LFO FLT                                                 ok
ui:   MENU > LARGE: the list layout with labels in M (as the other lists)      ok
motion/chance/compact storage tests passed
== RATCH: x1..x4 in a step (notes, chords, drum hits), gates, chance, swing, projects, user presets, CHANCE page
ui: RATCH x1..x4: that many note-ons in a pass, in equal parts, each ended by its gate ok
ui:   x4 over 8 passes: 32 note-ons                                            ok
ui:   a chord of 3 at x3: 9 note-ons                                           ok
ui:   x1 slides out as before; x2 never (its last part ends at its gate)       ok
ui:   nor ties out: a TIE after a ratcheted step holds nothing                 ok
ui:   DRUM grid: BD + CH at x3, 6 hits, BD accented                            ok
ui:   chance 0: no part plays                                                  ok
ui:   chance 50 % at x4: each pass all 4 parts or none, about half             ok
ui:   SWING 100: x2 on a long and a short step, 4 note-ons, the short step's within it ok
ui:   STOP: no part left                                                       ok
ui:   an edit to x1 while it plays ends the parts                              ok
ui: FUN8: x1..x4 round trip with their velocity, accent, chance (0 and 30 %) and lane hits ok
ui:   x4 is bit 7 of the velocity and the chance bytes                         ok
ui:   a project without ratchets: every velocity and chance byte below 128, as firmware before wrote ok
ui:   FUN7 of before: every step x1                                            ok
ui:   FUN6: x1, accent and slide kept                                          ok
ui:   project save and load keep the ratchet                                   ok
ui: user preset note pattern: x3 and an accented x4 stored in its flags and loaded back ok
ui:   UP_PUT keeps a pattern's ratchet                                         ok
ui:   a DRUM grid record loads its hits x1                                     ok
ui: SEQ > CHANCE KNOB 3: RATCH of the cursor step, x1..x4                      ok
ui:   RATCH shows dimmed on a REST, a TIE or an empty step (a note or a hit: not) ok
ui:   the piano roll draws an x2 step in two parts (x1 whole)                  ok
ui:   a slide line from an x1 SLIDE step, none from an x2 one                  ok
ui:   the DRUM grid draws an x3 hit in three parts                             ok
ratchet tests passed
== USB/TRS clock, bend, sustain, ownership and panic recovery
ui: USB maximum bend is exactly the default +2 semitones                       ok
ui: USB minimum bend is exactly the default -2 semitones                       ok
ui: bend centre is zero                                                        ok
ui: RPN0 supports semitone and cent bend sensitivity                           ok
ui: selecting NRPN cancels RPN data entry                                      ok
ui: bend is smoothed toward the target in the real voice renderer              ok
ui: bend smoothing reaches the exact target without changing saved pitch       ok
ui: Reset Controllers centres bend and preserves RPN sensitivity               ok
ui: existing modwheel/expression/aftertouch stay routed to the track           ok
ui: drum track ignores pitch bend                                              ok
ui: pedal holds a released synth note and its owner                            ok
ui: pedal release releases its held note                                       ok
ui: All Notes Off honours sustain rather than hard-killing                     ok
ui: Reset Controllers releases pedal-held notes                                ok
ui: drum note-offs do not accumulate pedal-held owners                         ok
ui: All Sound Off ignores pedal and discards all track ownership               ok
ui: USB/TRS channels can share one sounding note with independent owners       ok
ui: one channel's note-off preserves another channel's hold                    ok
ui: last channel owner releases the shared note                                ok
ui: MIDI release cannot cut a still-held local keyboard note                   ok
ui: local release after MIDI release ends the shared note                      ok
ui: note-off follows its note-on across selected-track changes                 ok
ui: preset panic forgets old pedal owners so later pedal-up preserves new notes ok
ui: queue overflow recovers ownership and releases stuck notes                 ok
ui: USB mode ignores TRS Start                                                 ok
ui: USB Start begins at step zero                                              ok
ui: USB six pulses advance exactly one 16th step                               ok
ui: external Stop preserves step position and releases sequence notes          ok
ui: external Continue resumes the existing step position                       ok
ui: lost clock times out and releases transport notes                          ok
ui: Start after timeout restarts cleanly at the master's phase                 ok
ui: external-clock playback applies recorded motion                            ok
ui: external Stop restores the musical parameter base                          ok
ui: TRS mode ignores USB Start                                                 ok
ui: TRS Start begins at step zero                                              ok
ui: TRS six pulses advance exactly one 16th step                               ok
ui: external Stop preserves step position and releases sequence notes          ok
ui: external Continue resumes the existing step position                       ok
ui: lost clock times out and releases transport notes                          ok
ui: Start after timeout restarts cleanly at the master's phase                 ok
ui: external-clock playback applies recorded motion                            ok
ui: external Stop restores the musical parameter base                          ok
ui: wrong-source clocks cannot advance the ARP                                 ok
ui: selected-source MIDI clock advances the ARP                                ok
ui: TRS realtime interleaving preserves the incomplete note message            ok
ui: external clock timestamps survive uint32 millisecond wrap                  ok
ui: local PLAY waiting for missing external clock also times out               ok
ui: ARP HOLD on the external clock plays the upper octave                      ok
ui: external Stop ends the sounding ARP note                                   ok
ui: external Stop keeps the latched HOLD chord                                 ok
ui: Continue plays the latched chord again                                     ok
ui: a lost external clock stops the transport and ends the ARP note            ok
ui: a tap while the external transport is stopped sounds                       ok
ui: its ARP gate still ends in real time                                       ok
ui: internal clock: STOP leaves the free-running ARP note to its gate          ok
ui: internal clock: the ARP keeps stepping after STOP                          ok
ui: a USB burst fills the MIDI ring without overflowing it                     ok
ui: the packet that does not fit is refused (left for the next poll)           ok
ui: TRS MIDI into a ring full of USB still fits (no overflow)                  ok
ui: the ring drains with no panic: the held note keeps sounding                ok
ui: the refused packet is taken once the ring has room                         ok
ui: the held note survives all 88 events                                       ok
ui: free space below one packet refuses a whole packet                         ok
ui: ROUT defaults to CH1-4                                                     ok
ui: CH1-4: note-ons on channels 5..16 (USB and TRS) play nothing               ok
ui: CH1-4: channels 2 and 4 still play parts 2 and 4                           ok
ui: CH1-4: pitch bend on channels 5, 10, 16 bends no part                      ok
ui: CH1-4: CC1 / CC11 and aftertouch on channels 5..16 reach no MOD source     ok
ui: CH1-4: RPN on channel 5 changes nothing                                    ok
ui: CH1-4: a channel 5 sustain pedal does not hold channel 2's note            ok
ui: CH1-4: CC120 / CC123 / CC121 on channels 5..16 leave parts 1..4 sounding   ok
ui: CH1-4: panic on channel 2 still works                                      ok
ui: SEL: channels 1, 5, 10, 16 all play the selected track                     ok
ui: SEL: bend, CC1 and aftertouch from channels 5..16 reach the selected track ok
ui: SEL: channel 5 pedal holds its note                                        ok
ui: SEL -> CH1-4 releases channels 5..16's notes (pedal-held too), keeps channel 1's ok
ui: .. and resets their bend: each part follows its own channel 1..4           ok
ui: channel 1's note-off still releases its note after the switch              ok
ui: power-on parts: ANALOG, FM6, LOFI, DRUM                                    ok
ui: CC5 7 72 73 75 91 93 94: GLIDE LEVEL REL ATK DEC REV CHO DLY, 0..127 over their range ok
ui: CC10 PAN: 0 left, 64 centre, 127 right                                     ok
ui: CC74 / CC71 on ANALOG: CUT / RES                                           ok
ui: CC74 on FM6 (channel 2): MLVL, bipolar (127: +63)                          ok
ui: CC71 on FM6 (no resonance): ignored                                        ok
ui: CC74 on DRUM (channel 4): TONE                                             ok
ui: every engine's CC74 / CC71 target is a continuous EDIT value (or none)     ok
ui: CC74 / CC71 on WHEEL: ignored                                              ok
ui: CC121 resets no mapped parameter (RP-015)                                  ok
ui: CCs outside the map change nothing                                         ok
ui: ROUT CH1-4: mapped CCs on channels 5..16 reach no part                     ok
ui: ROUT SEL: channel 10's CC7 sets the selected track's LEVEL                 ok
ui: armed and playing: CC74 records a motion event of CUT on the selected track ok
ui:   another track (channel 2, not selected): not recorded                    ok
ui:   stopped: the patch's own CUT comes back                                  ok
ui: not armed: the CC is the new value, no event                               ok
MIDI control/clock integration tests passed
== DIGITAL (retired, built here with FELUCCA_FM4=1): operator envelopes/levels
FM/sample: all eight default algorithms are bit-identical ok
FM/sample: muting all operators silences every carrier ok
FM/sample: one carrier alone produces sound ok
FM/sample: level-only edits preserve master release ok
FM/sample: attack rises from silence ok
FM/sample: decay reaches operator sustain ok
FM/sample: operator release falls after note-off ok
FM/sample: editing one envelope leaves other operators flat ok
== DIGITAL -> FM6: the conversion against DIGITAL (FELUCCA_FM4=1): pitch, centroid, RMS envelope; demos
fm4: routing: each of the 8 algorithms keeps DIGITAL's modulation routes between the mapped operators     ok
fm4: routing: .. and its carriers                                                                         ok
fm4: routing: op 4 lands on the FM6 operator with the feedback                                            ok
fm4: routing: the two operators left over are silent (level 0)                                            ok
fm4: presets: each converts to PTCH = the FM6 preset that covers it, the macros neutral                   ok
fm4: presets: the patch is named after the DIGITAL preset                                                 ok
fm4: sound          f0 DIG   f0 FM6  cents |    c.05     c.3    c1.0    oct |  level  shape  corr
fm4: E.PIANO        261.61   261.61    0.0 |    3129    3129    3129   0.01 |   -0.2   0.18  0.98
fm4:                          (FM6)        |    3149    3149    3149        |
fm4: BELL           261.62   261.63    0.0 |    2919    2495    2495   0.08 |   +0.0   0.22  1.00
fm4:                          (FM6)        |    2565    2550    2550        |
fm4: BASS           261.60   261.60   -0.0 |     479     479     479   0.02 |   -3.0   0.07  0.97
fm4:                          (FM6)        |     473     473     473        |
fm4: BRASS          261.52   261.44   -0.5 |    2213    1917    1923   0.55 |   -4.0   0.18  0.96
fm4:                          (FM6)        |    2956    2952    2958        |
fm4: ORGAN          261.62   261.62    0.0 |     654     654     654   0.00 |   +0.3   0.01  1.00
fm4:                          (FM6)        |     654     654     654        |
fm4: PAD            261.61   261.59   -0.1 |    1094     575     528   0.11 |   -0.4   1.13  0.98
fm4:                          (FM6)        |    1092     492     492        |
fm4: MARIMBA        261.63   261.63   -0.0 |     797     797       0   0.11 |   +0.6   1.25  1.00
fm4:                          (FM6)        |     740     740       0        |
fm4: FUNK_KEY       261.51   261.48   -0.2 |    3589    3590    3592   0.67 |   -3.1   0.18  0.93
fm4:                          (FM6)        |    5730    5726    5715        |
fm4: ALG1           261.61   261.61    0.0 |    1353     893     893   0.27 |   -3.4   0.06  0.93
fm4:                          (FM6)        |     858     845     845        |
fm4: ALG2           261.63   261.63    0.0 |     848     737     737   0.16 |   -3.4   0.08  0.98
fm4:                          (FM6)        |     695     691     691        |
fm4: ALG3           261.60   261.60    0.0 |     702     572     572   0.15 |   -3.9   0.10  0.98
fm4:                          (FM6)        |     641     636     636        |
fm4: ALG4           261.58   261.58    0.0 |     638     564     564   0.06 |   -3.5   0.07  0.97
fm4:                          (FM6)        |     575     572     572        |
fm4: ALG5           261.61   261.62    0.0 |    1046     975     976   0.07 |   +0.7   0.24  0.76
fm4:                          (FM6)        |     956     952     952        |
fm4: ALG6           261.62   261.62    0.0 |     979     774     774   0.15 |   -0.3   0.23  0.86
fm4:                          (FM6)        |     851     845     845        |
fm4: ALG7           261.60   261.59   -0.0 |     367     368     368   0.02 |   +0.1   0.19  0.95
fm4:                          (FM6)        |     364     364     364        |
fm4: ALG8           261.58   261.58   -0.0 |     343     343     343   0.02 |   +0.4   0.05  0.98
fm4:                          (FM6)        |     341     338     338        |
fm4: NOISYFB_A1     261.39   261.45    0.4 |    6520    5856    5864   0.08 |   -3.4   0.09  0.93  (reported)
fm4:                          (FM6)        |    6389    6284    6306        |
fm4: NOISYFB_A3     261.43   261.39   -0.2 |    3931    3038    3018   0.99 |   -2.4   0.14  0.83  (reported)
fm4:                          (FM6)        |    6564    6482    6583        |
fm4: NOISYFB_A8     261.42   261.49    0.5 |    2324    2328    2326   1.12 |   +1.1   0.20  0.86  (reported)
fm4:                          (FM6)        |    5379    4908    4900        |
fm4: OPENV_PLUCK    261.35   261.35   -0.0 |     262     262     262   0.00 |   -4.1   0.27  0.96
fm4:                          (FM6)        |     262     262     262        |
fm4: OPENV_SWELL    261.53   261.56    0.2 |     359     307     307   0.12 |   -0.4   0.71  0.66
fm4:                          (FM6)        |     408     343     306        |
fm4: pitch: 18 of 18 within 5 cents (worst 0.5)                                                           ok
fm4: centroid: 18 of 18 within 0.75 octave on average (worst 0.67)                                        ok
fm4: level: 18 of 18 within -6 .. +3 dB (largest |offset| 4.1 dB)                                         ok
fm4: RMS envelope: 18 of 18 within 3 dB mean difference after the offset (worst 1.25)                     ok
fm4: all checks ok
== DIGITAL -> FM6 without a divide by zero (#61): the same values as before, a 0.9 ORGAN project (UBSan)
fm4 div0: every INDEX x FLT ENV x a SUS / ATK grid (every ALG): the same patch, preset and values as before    ok
    1032192 inputs, 4095 with INDEX + FLT ENV == 0 (the moved divides' divisor 0)
fm4 div0: random values over every parameter's range: the same as before                                       ok
    400000 inputs, 52033 with INDEX + FLT ENV == 0
fm4 div0: ORGAN: INDEX + FLT ENV is 0 (#61's divisor)                                                          ok
fm4 div0: a 0.9 project (FUN3), DIGITAL ORGAN PAD MARIMBA FUNK KEY: FM6, the same patches as before            ok
fm4 div0: a 0.9 project (FUN3), DIGITAL E.PIANO BELL BASS BRASS: FM6, the same patches as before               ok
== EDDA OS: Camelot key, the bank, run / stop / fill / MUTATE / REVEAL, cues, MENU > EDDA, GLO keys, FM6 voices, user kits, USR4, THE ARRIVAL
edda: Camelot wheel: 1A..12B -> the right root and scale, and back (A minor is 8A, C major 8B) ok
edda: Camelot names: 8A 8B 12B 1A, 0 is OFF                                          ok
edda: 8A's neighbours: 8B (relative), 9A (a fifth up), 7A (a fifth down)             ok
edda: 1A's wheel neighbours wrap: 2A up, 12A down                                    ok
edda: KEY 8A: every synth track to A minor, OFF quantisers to SNAP, the kit untouched ok
edda: the key path: +1 to 9A (E minor), -1 back, across to 8B (C major) with the tracks following ok
edda: no KEY set: the path starts from the selected track's own key (D minor 7A -> 8A) ok
edda: E(k, n): k onsets for every k <= n <= 16, any rotation                         ok
edda: E(7, 12) is the ogene / gankogui timeline (2 2 1 2 2 2 1) at one rotation      ok
edda: E(5, 16) is the bossa-nova bell (3 3 3 3 4) at one rotation; E(3, 8) the tresillo ok
edda: the bank: 17 patterns, names of at most 8 characters, 1..32 steps, fills inside the length ok
edda: LOG2BAR: a 32-step phrase loads with LEN 32, its ties and the slide home       ok
edda: SEQ > PATTERNS lists the bank after the factory patterns as E01.. with their names ok
edda: OGENE12: 12 steps at 8T, the bell lane on the timeline, kicks on pulses 1 and 7, accents as written ok
edda: SHKR16: closed hats on every sixteenth, accents on the beats and the ands, ghosts at 60 ok
edda: LOGDRUM into A minor: C2 -> A1, the fifth and flat seventh below, the slide kept, rests between ok
edda: SUBROLL into D: the root held through ties, the fifth below on the and of 3    ok
edda: BITTERSW: the i-VI-III-VII stabs as triads, minor thirds in a minor key, major in a major one ok
edda: the factory patterns are untouched (01 ACID)                                   ok
edda: D4 arms the run; on the one: SHAKERS, the hats / claps / rims rest, the lead mutes, the kick plays ok
edda: STABS ramps the stabs' level to nothing over its bars; LOG: the log drum and the kick alone, two bars ok
edda: SILENCE: one beat, everything muted; the DROP: the mix exactly as before, the lanes back, the cue ok
edda: RUN LONG: two bars of SHAKERS and of STABS                                     ok
edda: a stop in the middle of a run: the mix comes back at once                      ok
edda: SHOW CUES OFF (the default): not one byte on MIDI OUT                          ok
edda: SHOW CUES ON: bar and beat CCs as the clock goes, the act once at play         ok
edda: E4: the hard stop at once (clock running), E4 again: the re-entry on the next one, the cue ok
edda: a run cannot be asked for while stopped                                        ok
edda: REVEAL: the kick rests on every 8th bar (the hole), SNARE moves to RIM in bars 17..24 of 32 ok
edda: REVEAL OFF: no hole, no move                                                   ok
edda: fill-only steps rest until FILL; the bank's grids carry fills on their last steps ok
edda: A4 FILL: on through the end of the next bar, the cue; again: off; the GLO key sets it ok
edda: B4 MUTATE on the one: the bell lane gets E(3|5|7, 16), the kick / backbeat / shakers untouched ok
edda: stopped: MUTATE at once                                                        ok
edda: the same seed rolls the same bell lane (a night can be replayed)               ok
edda: MENU > EDDA: KEY (25 values), SHOW CUES, SEQ OUT (3), ACT (5), RUN, REVEAL; all value rows, one tab ok
edda: the rows' value names                                                          ok
edda: the rows set the key (tracks follow, the cue), the act (the cue), cues, REVEAL, RUN; KEY stops at its ends ok
edda: GLO + D4 arms the run, E4 stops, G4 the next act, B4 MUTATE, C5 / D5 / E5 the key path; keys silent ok
edda: the GLO map: E4 lit while stopped                                              ok
edda: FM6: fourteen factory patches, E1..E6 the EDDA voice bank (E6: THE ARRIVAL's EP), their presets select them, LOG DRUM is MONO ok
edda: the OGENE preset loads with SLOT E1; the EDDA palette is the last one          ok
edda: CHORD+ (CHRD on, QNT WHITE): each black key held changes the chord: MIN 7TH MAJ7 SUS4 9TH INV BASS STRUM OPEN; silent, let go: off ok
edda: CHORD+ combinations: MIN + 7TH is m7, SUS4 + 7TH is 7sus4, 7TH + 9TH drops the fifth (1-3-7-9) ok
edda: CHORD+ STRUM: the notes 18 ms apart, low to high; let go first: the waiting ones never sound ok
edda: VOIC LEAD: F after C is C F A, G after it B D G (the smallest move); CHORD+ only with QNT WHITE ok
edda: FILT (the track's one-knob filter): 0 bit for bit, -64 a 100 Hz low-pass, +63 a 7.8 kHz high-pass, the FILTER page after SLICER ok
edda: micro timing: a step's nudge is -3..+3 sixteenths of the step (SF_EARLY, SF_NUDGE), its other flags kept ok
edda: NUDGE +2 starts the step 688 samples late, -3 1032 early; every other step on the grid, four bars on ok
edda: step 1 nudged at PLAY: late waits for its nudge, early starts at once; the grid never drifts ok
edda: a song chain: slot A's step 1 nudged early, slot B still starts on the grid (the carry from the plain boundary) ok
edda: SEQ > CHANCE: KNOB 4 NUDGE moves the cursor's step -3..+3 (clamped), 0 clears it ok
edda: projects: the nudges in the notes' top bits, the fills in the tail (EDD1); none: the tail and those bits zero; junk refused ok
edda: a user preset keeps an early-nudged step a note (SF_EARLY is not its tie)      ok
edda: the exact grid: 1/16, 8T and 1/8 tracks and EDDA's beat on every beat, 10 min at 128 BPM, 2 at 97 and 173, no drift ok
edda: the ARP at 1/16, 128 BPM: 256 steps in the exact grid's time from its key (the remainder kept) ok
edda: dotted echoes: DLY TIME 1/4D 1/8D 1/16D (3/2 of the plain ones, values 10..12), between their neighbours on the knob ok
edda: SEQ OUT OFF (the default): the sequencer sends nothing (the keys still do)     ok
edda: NOTES: channel 1, the velocities (accent 127), the chord, a slide legato (55 on before 48 off), a TIE held, RATCH x3 ok
edda: every note-on has its note-off, never on twice, none left on after STOP        ok
edda: a slide on MIDI: the next note on, then (the same block) the slid-from note off: legato ok
edda: each step's notes go out in the very block the step plays in                   ok
edda: drum lanes: their GM notes on the track's channel (KICK 36, SNARE 38, HAT 42), accents 127; rested lanes never sent ok
edda: MUTE (and the FX layer's): a muted track sends no note-on, the note it was playing still ends ok
edda: SEQ OUT OFF while a note sounds: its note-off at once, then nothing            ok
edda: the queue full: 60's note-off owed and sent first when the host reads; 62 not started (room kept for offs) ok
edda: +CLOCK: START then a pulse with step 1; 24 a beat, pulse 6k in step k's block for 10 min at 128 BPM; STOP after the offs ok
edda: GLO + PLAY: STOP and START; CLK EXT: no clock, START or STOP of ours; back on INT: the pulses again ok
edda: +CLOCK chosen while playing: the pulses, no START mid-bar; NOTES again: STOP for what had started ok
edda: the run on SEQ OUT: the stabs fade by velocity over STABS, none from LOG on (a LEVEL itself is never sent) ok
edda: SHOW CUES, SEQ OUT, RUN, REVEAL kept with the settings (one byte); applied at power-on; SEQ OUT 3 reads OFF ok
edda: DRUM KIT: USR1..USR4 after the synth kits (values 9..12), EDDA 13; USR4 is the slot at 0xE7000 (in the flash guard) ok
edda: a user kit keeps the lanes' names (KICK .. BELL), no model-kit swap            ok
edda: the kit built by tests/edda_kit.py: 16 pads on their notes, the cymbals at 11025 Hz (the fit), in USR1 and USR4 ok
edda: KIT USR1: each of the 16 pads plays its sound (one-shot: the key let go changes nothing), the voice ends with it ok
edda: a note with no pad of its own plays its lane's pad at its GM semitones (44 -> HAT CL -2, 35 -> KICK -2) ok
edda: TUNE 127 (+12 st): the tom ends in half the blocks                             ok
edda: DECY 10 ends the bell in about 0.1 s (an exponential decay); DECY 64 and up: the sound whole ok
edda: SNAP 127 skips 50 ms into the kick (never a 40 ms rim), SNAP 1 fades the snare in over 50 ms ok
edda: HAT CL chokes HAT OP (gone in 10 ms); a pad hit again restarts its one voice; LANE 1 LEVEL 0 silences the kick ok
edda: KIT USR2 on an empty slot: a hit is silent and ends at once                    ok
edda: USR4: DRUM KIT USR4 plays the kit from the 4th slot; SAMPLE SET 8 plays its kick ok
edda: THE ARRIVAL: thirteen songs, the album's titles, tempi and Camelot keys, 2..4 sections, 4..16 rows ok
edda: THE ARRIVAL: every section decodes in range (LEN, at most 4 notes C0..C8, ties, chances), named ok
edda: THE ARRIVAL: every arrangement row names a section of its song, 1..16 repeats  ok
edda: THE ARRIVAL: loaded, the synth tracks in the song's key (ROOT SCALE, quantised), the key lock on it ok
edda: THE ARRIVAL: T4 the EDDA kit, T1 the log drum (SAMPLE SET LOG; I DEY WAKA: the 808 on ANALOG) ok
edda: THE ARRIVAL played through: 186.4 .. 214.2 s
edda: THE ARRIVAL: each song plays 3 to 4 minutes, then stops                        ok
edda: SAVE > ARRIVAL: KNOB 1 picks the song (01..13), OCT+ loads it: sounds, tempo, key, rows, the name, its line ok
edda: SAVE > ARRIVAL: PLAY plays its arrangement from the first row (the SONG page: its sections by name); PLAY stops ok
edda: SAVE > ARRIVAL: PLAY on another song loads it first                            ok
edda: a project saved after a load keeps the song (project_t.arv): loaded again, its rows play the song's sections ok
edda: TOOLS > CLEAR SONG ends it: the SONG page's rows are the project slots' again  ok
edda: SONG playing: a section's key cues it (silent), NEXT; again: CUE OFF; this pass ends, the song goes on from the cued section's next row ok
edda: SONG playing: the section playing's key: one more pass of it                   ok
edda: SONG playing: a cue on the song's last pass plays on (round to its first row of that section) ok
edda: SHOW CUES: CC 27 the song loaded (CC 24 its key), CC 26 + A2 each section as it starts, CLEAR SONG: CC 27 0 ok
edda: all passed
== THE ARRIVAL: each song 3 to 4 minutes, sounding, no clipping, no held note cut, the limiter at most 8 dB
arrival: 01 UP NEPA            206.9 s, peak  -4.1 dBFS, limiter at most 5.8 dB, 0 held notes cut, 0 clipped: ok
arrival: 01 UP NEPA        116 BPM 208.9 s  peak   -4.1 dBFS  rms  -17.4 dBFS  voices given up 153  clipped 0
arrival:    given up by track 2 130 1 20 (above -20 dB: 2 0 1 0, held: 0 0 0 0); limiter on 26.2 % of blocks, at most 5.8 dB
arrival:    hits given up (note: all / loud): 46:20/0
arrival:    voices: most per track 1 3 1 6, all 8 taken 9.5 % of the time
arrival: 02 WE OUTSIDE         208.7 s, peak  -5.0 dBFS, limiter at most 4.5 dB, 0 held notes cut, 0 clipped: ok
arrival: 02 WE OUTSIDE     115 BPM 210.7 s  peak   -5.0 dBFS  rms  -16.3 dBFS  voices given up 112  clipped 0
arrival:    given up by track 0 0 0 112 (above -20 dB: 0 0 0 0, held: 0 0 0 0); limiter on 15.2 % of blocks, at most 4.5 dB
arrival:    hits given up (note: all / loud): 48:112/0
arrival:    voices: most per track 1 3 2 5, all 8 taken 10.4 % of the time
arrival: 03 OYA COME           212.4 s, peak  -5.2 dBFS, limiter at most 5.5 dB, 0 held notes cut, 0 clipped: ok
arrival: 03 OYA COME       113 BPM 214.4 s  peak   -5.2 dBFS  rms  -17.1 dBFS  voices given up 109  clipped 0
arrival:    given up by track 0 29 70 10 (above -20 dB: 0 0 38 10, held: 0 0 0 0); limiter on 11.4 % of blocks, at most 5.5 dB
arrival:    hits given up (note: all / loud): 45:10/10
arrival:    voices: most per track 1 3 3 4, all 8 taken 14.1 % of the time
arrival: 04 WHERE YOU SLEEP    214.3 s, peak  -4.9 dBFS, limiter at most 4.9 dB, 0 held notes cut, 0 clipped: ok
arrival: 04 WHERE YOU SLEEP 112 BPM 216.3 s  peak   -4.9 dBFS  rms  -16.3 dBFS  voices given up 110  clipped 0
arrival:    given up by track 0 80 0 30 (above -20 dB: 0 80 0 0, held: 0 0 0 0); limiter on 16.7 % of blocks, at most 4.9 dB
arrival:    hits given up (note: all / loud): 39:30/0
arrival:    voices: most per track 1 3 1 5, all 8 taken 9.3 % of the time
arrival: 05 E GO BE            211.0 s, peak  -4.1 dBFS, limiter at most 5.8 dB, 0 held notes cut, 0 clipped: ok
arrival: 05 E GO BE        116 BPM 213.0 s  peak   -4.1 dBFS  rms  -17.3 dBFS  voices given up 411  clipped 0
arrival:    given up by track 0 272 139 0 (above -20 dB: 0 0 55 0, held: 0 0 0 0); limiter on 21.3 % of blocks, at most 5.8 dB
arrival:    hits given up (note: all / loud):
arrival:    voices: most per track 1 3 2 5, all 8 taken 8.4 % of the time
arrival: 06 I DEY WAKA         186.5 s, peak  -5.1 dBFS, limiter at most 2.2 dB, 0 held notes cut, 0 clipped: ok
arrival: 06 I DEY WAKA     139 BPM 188.5 s  peak   -5.1 dBFS  rms  -16.6 dBFS  voices given up 6  clipped 0
arrival:    given up by track 0 6 0 0 (above -20 dB: 0 6 0 0, held: 0 0 0 0); limiter on 8.9 % of blocks, at most 2.2 dB
arrival:    hits given up (note: all / loud):
arrival:    voices: most per track 1 3 1 5, all 8 taken 13.2 % of the time
arrival: 07 BODY KNOW          205.7 s, peak  -4.8 dBFS, limiter at most 6.6 dB, 0 held notes cut, 0 clipped: ok
arrival: 07 BODY KNOW      112 BPM 207.7 s  peak   -4.8 dBFS  rms  -17.1 dBFS  voices given up 1  clipped 0
arrival:    given up by track 0 0 1 0 (above -20 dB: 0 0 1 0, held: 0 0 0 0); limiter on 26.0 % of blocks, at most 6.6 dB
arrival:    hits given up (note: all / loud):
arrival:    voices: most per track 1 3 1 5, all 8 taken 7.9 % of the time
arrival: 08 DO AM AGAIN        192.0 s, peak  -4.7 dBFS, limiter at most 4.3 dB, 0 held notes cut, 0 clipped: ok
arrival: 08 DO AM AGAIN    125 BPM 194.0 s  peak   -4.7 dBFS  rms  -17.2 dBFS  voices given up 448  clipped 0
arrival:    given up by track 0 64 384 0 (above -20 dB: 0 64 0 0, held: 0 0 0 0); limiter on 13.4 % of blocks, at most 4.3 dB
arrival:    hits given up (note: all / loud):
arrival:    voices: most per track 1 4 2 4, all 8 taken 21.2 % of the time
arrival: 09 YOU DEY WHINE ME   201.3 s, peak  -4.7 dBFS, limiter at most 4.5 dB, 0 held notes cut, 0 clipped: ok
arrival: 09 YOU DEY WHINE ME 124 BPM 203.3 s  peak   -4.7 dBFS  rms  -16.2 dBFS  voices given up 13  clipped 0
arrival:    given up by track 0 0 13 0 (above -20 dB: 0 0 13 0, held: 0 0 0 0); limiter on 17.9 % of blocks, at most 4.5 dB
arrival:    hits given up (note: all / loud):
arrival:    voices: most per track 1 3 1 5, all 8 taken 12.0 % of the time
arrival: 10 TURN AM UP         198.1 s, peak  -4.3 dBFS, limiter at most 5.0 dB, 0 held notes cut, 0 clipped: ok
arrival: 10 TURN AM UP     126 BPM 200.1 s  peak   -4.3 dBFS  rms  -17.5 dBFS  voices given up 310  clipped 0
arrival:    given up by track 0 0 310 0 (above -20 dB: 0 0 0 0, held: 0 0 0 0); limiter on 18.2 % of blocks, at most 5.0 dB
arrival:    hits given up (note: all / loud):
arrival:    voices: most per track 1 3 2 5, all 8 taken 26.4 % of the time
arrival: 11 ENJOYMENT ONLY     210.5 s, peak  -4.3 dBFS, limiter at most 5.9 dB, 0 held notes cut, 0 clipped: ok
arrival: 11 ENJOYMENT ONLY 114 BPM 212.5 s  peak   -4.3 dBFS  rms  -17.4 dBFS  voices given up 286  clipped 0
arrival:    given up by track 0 112 174 0 (above -20 dB: 0 112 0 0, held: 0 0 0 0); limiter on 15.9 % of blocks, at most 5.9 dB
arrival:    hits given up (note: all / loud):
arrival:    voices: most per track 1 3 2 5, all 8 taken 21.2 % of the time
arrival: 12 RING ME            206.9 s, peak  -5.0 dBFS, limiter at most 3.4 dB, 0 held notes cut, 0 clipped: ok
arrival: 12 RING ME        116 BPM 208.9 s  peak   -5.0 dBFS  rms  -16.9 dBFS  voices given up 136  clipped 0
arrival:    given up by track 0 43 93 0 (above -20 dB: 0 43 31 0, held: 0 0 0 0); limiter on 10.7 % of blocks, at most 3.4 dB
arrival:    hits given up (note: all / loud):
arrival:    voices: most per track 1 1 4 5, all 8 taken 11.9 % of the time
arrival: 13 JAPA AND COME BACK 208.7 s, peak  -4.8 dBFS, limiter at most 5.1 dB, 0 held notes cut, 0 clipped: ok
arrival: 13 JAPA AND COME BACK 115 BPM 210.7 s  peak   -4.8 dBFS  rms  -16.7 dBFS  voices given up 0  clipped 0
arrival:    given up by track 0 0 0 0 (above -20 dB: 0 0 0 0, held: 0 0 0 0); limiter on 20.7 % of blocks, at most 5.1 dB
arrival:    hits given up (note: all / loud):
arrival:    voices: most per track 1 3 1 4, all 8 taken 8.1 % of the time
arrival: 13 songs ok
== themes: contrast, text blending and font metrics
GREY    text 12.4:1, labels 6.5:1, values 16.9:1, selection 10.4:1
GREEN   text 17.4:1, labels 8.8:1, values 10.5:1, selection 6.9:1
AMBER   text 17.0:1, labels 8.5:1, values 10.2:1, selection 6.7:1
ICE     text 16.9:1, labels 8.5:1, values 8.8:1, selection 6.0:1
VIOLET  text 16.7:1, labels 8.7:1, values 7.3:1, selection 5.1:1
ROSE    text 17.0:1, labels 8.6:1, values 7.4:1, selection 5.2:1
PAPER   text 14.8:1, labels 5.7:1, values 7.7:1, selection 4.7:1
HI-CON  text 20.5:1, labels 9.7:1, values 17.1:1, selection 10.7:1
NIGHT   text 14.3:1, labels 7.1:1, values 11.9:1, selection 7.6:1
MONO    text 21.0:1, labels 21.0:1, values 21.0:1, selection 21.0:1
EDDA    text 17.2:1, labels 8.7:1, values 9.8:1, selection 6.4:1
Palettes: GREY gray, MONO black and white, contrast (worst margin x1.02), blending, ramp cache, font metrics and ellipsis passed.
== text: pens, kerning and pixels equal the reference renderer
text: 3366 strings x fonts x palettes against the mock renderer: 0 end pens and 0 pixels differ ok
== text spacing: glyph gaps against the font's own (16x supersampled), S M <= 0.25 px, L <= 0.5 px
  S 12px x4 phases: 216 pairs, gap error max 0.204 px, rms 0.093 px, 0 over 0.25 px ok
    worst: 'im' +0.20, 'i-' +0.20, 'll' +0.19, 'll' +0.19, 'ev' -0.19, 'In' +0.18, 'id' +0.18, 'iv' +0.18, 'er' -0.17, 'op' +0.17
  M 15px x4 phases: 216 pairs, gap error max 0.239 px, rms 0.116 px, 0 over 0.25 px ok
    worst: 'ra' +0.24, 'el' -0.22, 'lt' +0.22, 'lo' +0.21, 'le' +0.20, 'st' -0.20, 'mu' -0.20, 'im' +0.19, 'el' -0.19, 'ed' -0.19
  L 28px x2 phases: 83 pairs, gap error max 0.382 px, rms 0.167 px, 0 over 0.5 px ok
    worst: 'IN' +0.38, 'LT' +0.32, 'NO' +0.32, 'IT' +0.31, 'SA' -0.30, 'CC' -0.29, 'AL' +0.27, 'WI' -0.26, 'LU' +0.23, 'CU' +0.23
text spacing: ok
== settings: PER1..PER4 migration, palette ids and preference preservation
Settings: PER1/PER2/PER3 migration, palette ids, calibration, HOLD, LEDS, CLICK / COUNT-IN and independent feature preservation passed.
== UI: sounds keep steps, undo, recording, MIDI overflow, pending saves, panel recovery, drum grid, song chain, GREY gray, MONO neutral
ui: the L face holds every glyph of the strings drawn in it                    ok
ui: power-on: the four sounds, every sequencer empty, no undo copy             ok
ui: PRESETS on HOME loads the sound: steps, LEN, DIV untouched                 ok
ui: ..ARP, SCL, the SLICER and the mix stay the track's                        ok
ui: ..and no warning about the sequence                                        ok
ui: RAVE (an ARP preset) leaves the arp off; it suggests pattern 13 ARP        ok
ui: browsing on, into another engine: the steps still untouched                ok
ui: browsing keeps the copy from before the first load                         ok
ui: SAVE held: the sound back (UNDO/REDO T1); steps recorded since stay        ok
ui: SAVE held does not open the SAVE pages                                     ok
ui: SAVE held again: the loads again (redo)                                    ok
ui: a load after the undo: its own copy; the mix (LEVEL) is never swapped      ok
ui: SAVE tap opens the SAVE pages (on release)                                 ok
ui: TOOLS INIT: the sound only (steps and SLICER kept), a copy of T2           ok
ui: a user preset keeps its pattern in the record (format unchanged)           ok
ui: a user preset load: the sound only (steps, DIV kept); the copy is now T1's ok
ui: undo of a user preset load                                                 ok
ui: a project load drops the copy and takes none                               ok
ui: SAMPLE factory browsing has four melodic presets and no PERC               ok
ui: SAMPLE: old SET 1 / preset 1 (TRANH) play PIANO; browsing and knobs skip them ok
ui: SAMPLE / GRAIN SET 4 (PERC, retired): a PIANO alias, knobs skip it, USR1..3 stay 5..7, USR4 is 8, THE ARRIVAL's EKIT LOG 9 10 (EDDA OS) ok
ui: saved SAMPLE PERC project: a DRUM track (its kit), the rest of the sound and every step kept ok
ui:   its GM hits play as drums (kick, snare, closed hat on their lanes)       ok
ui: SAMPLE PERC user preset: loads as a DRUM track (its kit)                   ok
ui:   its GM hits play as drums                                                ok
ui: factory preset 4 of another engine stays that engine's                     ok
ui: SAMPLE preset 4 (once PERC): DRUM's kit                                    ok
ui: old GM projects (the drum part) load as DRUM's kit, their mix and steps kept ok
ui:   their GM hits play as drums                                              ok
ui:   its old drum channel (10, in id 24) loads as REVERB TYPE ROOM            ok
ui: undo copy 1340 bytes
ui: SEQ > PHRASES is a SEQ page                                                ok
ui: KNOB 2 loads nothing (the knobs only pick)                                 ok
ui: LOAD into an empty sequencer: at once, LOADED 01 ACID                      ok
ui: ..the sound and the track's settings untouched                             ok
ui: a loaded pattern, untouched: the next one without asking (03 MELODY)       ok
ui: SAVE held: back past both loads (empty again), the sound untouched         ok
ui: edited steps: the REPLACE T1 SEQUENCE? dialog                              ok
ui: OCT- keeps them                                                            ok
ui: OCT+ loads (12 BEAT), then HOLD SAVE: UNDO                                 ok
ui: SAVE held: the user's steps and LEN back                                   ok
ui: user presets with a pattern are listed after the factory ones              ok
ui: LOAD U06: its 16 steps, LEN 16 (at most), DIV and SWING                    ok
ui: over a project's steps: the dialog                                         ok
ui: PRESETS: a factory preset's suggested pattern becomes the pick             ok
ui: REC on TRACKS: arms the selected track, PLAY starts                        ok
ui: REC again disarms (the transport runs on)                                  ok
ui: REC held: its layer, closed when let go; no dialog, the arming as it was   ok
ui: #133 REC on SEQ > STEP: arms the selected track for step recording, PLAY does not start ok
ui: REC again disarms (the transport runs on)                                  ok
ui: REC held: its layer, closed when let go; no dialog, the arming as it was   ok
ui: REC on ARP: arms the selected track, PLAY starts                           ok
ui: REC again disarms (the transport runs on)                                  ok
ui: REC held: its layer, closed when let go; no dialog, the arming as it was   ok
ui: REC on HOME records without changing the screen                            ok
ui: SEQ opens STEP                                                             ok
ui: STEP, armed and playing: a key does not write the cursor step              ok
ui: #133 STEP, not armed: the key only plays (nothing written, the cursor stays) ok
ui: #133 STEP, armed and stopped: the key writes the cursor step (and moves on) ok
ui: ARP on: the key held is not recorded                                       ok
ui: ARP on: the note the arp plays is recorded                                 ok
ui: #133 STEP, not armed, stopped: a key sounds, writes nothing, the cursor stays ok
ui: #133 STEP, not armed, playing: nothing written either                      ok
ui: #133 another track armed: the selected track's STEP writes nothing         ok
ui: #133 REC on STEP arms step recording: stopped, KEYS WRITE STEPS            ok
ui: #133 armed, stopped: a key writes its note into the cursor step (only), letting go moves on one ok
ui: #133 keys held together: one chord step (POLY), the cursor moves on once all are up ok
ui: #133 MONO: one note, the last key                                          ok
ui: #133 the last step of LEN 8: written, the cursor wraps to step 1           ok
ui: #133 PLAY with the track armed: live recording at the play head (the cursor and its step stay) ok
ui: #133 REC again disarms: the keys only play, nothing written                ok
ui: #133 the DRUM grid unchanged: white keys toggle steps armed or not, REC from stop starts PLAY ok
ui: #133 STEP, not armed, stopped: a key sounds, writes nothing, the cursor stays ok
ui: #133 STEP, not armed, playing: nothing written either                      ok
ui: #133 another track armed: the selected track's STEP writes nothing         ok
ui: #133 REC on STEP arms step recording: stopped, KEYS WRITE STEPS            ok
ui: #133 armed, stopped: a key writes its note into the cursor step (only), letting go moves on one ok
ui: #133 keys held together: one chord step (POLY), the cursor moves on once all are up ok
ui: #133 MONO: one note, the last key                                          ok
ui: #133 the last step of LEN 8: written, the cursor wraps to step 1           ok
ui: #133 PLAY with the track armed: live recording at the play head (the cursor and its step stay) ok
ui: #133 REC again disarms: the keys only play, nothing written                ok
ui: #133 the DRUM grid unchanged: white keys toggle steps armed or not, REC from stop starts PLAY ok
ui: #92 PRESETS on STEP, PATTERN, CHANCE, AUTOMATION: the step cursor; the sound and the steps stay ok
ui: #94 PRESETS on USER, PROJECT, ARRIVAL, PHRASES, SONG: the selection (KNOB 1's); nothing loaded ok
ui: #94 PRESETS on TOOLS does nothing                                          ok
ui: #94 PRESETS elsewhere (EDIT, ENV, LFO, FX, SCL, ARP, MIXER, GLOBAL, ...): the next sound, the steps stay ok
ui: #94   SAVE held undoes each of those loads                                 ok
ui: #92 the DRUM grid: PRESETS moves the cursor (and the page), as KNOB 1; wraps ok
ui: #94 the menu: PRESETS still moves the selection                            ok
ui: ROUT CH1-4 (default): channel 1 -> part 1, channel 10 ignored              ok
ui: a note into another track tells the UI                                     ok
ui: MIDI IN -> T1 shown                                                        ok
ui: ROUT changes: note-off releases original owner, new note uses selection    ok
ui: note-off after selection follows the note-on's track                       ok
ui: same MIDI channel/pitch on a new selected track releases its old owner     ok
ui: both note-offs after a MIDI ownership change leave neither track held      ok
ui: same channel/pitch across a ROUT change cannot leave its previous part held ok
ui: MIDI ownership transfer releases old ARP keys and respects explicit HOLD   ok
ui: MIDI ownership transfer releases old ARP keys and respects explicit HOLD   ok
ui: MIDI overflow releases held notes and latched ARP, keeps transport running ok
ui: MIDI accepts a fresh note after overflow recovery                          ok
ui: GLO > SYSTEM K3: ROUT CH1-4 / SEL                                          ok
ui: SAVE opens USER with SAVE selected, without writing a slot                 ok
ui: SAVE then OCT+ opens NAME (the automatic name), writes nothing yet         ok
ui: ..OCT+ again stores the edited sound with that name (SAVE, OCT+, OCT+)     ok
ui: SAVE again still cycles to PROJECT                                         ok
ui: SAVE from HOME returns directly to USER, even after visiting PROJECT       ok
ui: direct SAVE still asks before overwriting an occupied slot                 ok
ui: project save while playing: refused, STOP TO SAVE                          ok
ui: user preset save while playing: refused                                    ok
ui: a pending PLAY cannot save a project                                       ok
ui: a pending PLAY cannot save a user preset                                   ok
ui: a pending SONG cannot save a user preset                                   ok
ui: PROJECT KNOB 4 picks SAVE, saves nothing                                   ok
ui: OCT+ while playing: STOP TO SAVE, no NAME                                  ok
ui: stopped, an empty slot: OCT+ opens NAME (no name yet: PROJECT A)           ok
ui: ..OCT+ saves it unnamed, SAVE dropped                                      ok
ui: a used slot: the OVERWRITE? dialog                                         ok
ui: OCT- keeps the slot                                                        ok
ui: OCT+ (YES): NAME, the slot not written yet                                 ok
ui: OCT+ overwrites it                                                         ok
ui: KNOB 3 LOAD, OCT+: the project back; LOAD stays picked                     ok
ui: USER SAVE over a used slot: the OVERWRITE? dialog                          ok
ui: YES: NAME with the sound's name (not the old slot's)                       ok
ui: OCT+ stores the sound there                                                ok
ui: USER ERASE while playing: STOP TO SAVE                                     ok
ui: HOME: OCT+ shifts the octave (lit)                                         ok
ui: PATTERNS: OCT+ breathes (a pattern to load), OCT- lit                      ok
ui: ..OCT+ loads it, the octave stays                                          ok
ui: ..the same pattern again would change nothing: OCT+ dark                   ok
ui: ..another one picked: OCT+ breathes again                                  ok
ui: ..the footer: OCT+ LOAD / OCT- BACK                                        ok
ui: OCT- + OCT+ together: no load, no HOME, no octave change                   ok
ui: a press that began elsewhere does not load                                 ok
ui: PATTERNS: OCT- goes HOME (the octave stays)                                ok
ui: TOOLS: nothing picked, OCT+ dark                                           ok
ui: KNOB 1 picks CLEAR, the steps stay; OCT+ breathes                          ok
ui: ..the footer: OCT+ CLEAR / OCT- CANCEL                                     ok
ui: KNOB 1 left drops it                                                       ok
ui: OCT- cancels the pick (still on TOOLS)                                     ok
ui: TOOLS CLEAR first asks confirmation                                        ok
ui: OCT+ clears the pattern, the pick dropped                                  ok
ui: nothing to clear: OCT+ dark                                                ok
ui: TOOLS INIT first asks confirmation                                         ok
ui: KNOB 2 INIT, OCT+: SOUND INIT                                              ok
ui: OCT- with nothing picked: HOME                                             ok
ui: a dialog: OCT+ breathes, OCT- lit                                          ok
ui: ..it answers on release, not on the press                                  ok
ui: ..OCT+ let go: cleared                                                     ok
ui: back on SEQ: the octave LEDs again                                         ok
ui: #94 MIXER: the PRESETS knob loads the next sound; the steps and the mix stay ok
ui: #94 MIXER: SAVE held undoes it                                             ok
ui: MIXER KNOB 4 right: MUTE ON (the selected track stays)                     ok
ui: KNOB 1 changes LEVEL only (MUTE stays)                                     ok
ui: KNOB 2 changes PAN                                                         ok
ui: MIXER KNOB 4 left: MUTE OFF                                                ok
ui: ALGORITHM selects the track                                                ok
ui: SEQ > STEP on a DRUM track is the grid (keys to the UI), GRID in the footer ok
ui: the lanes: KICK SNARE CLAP HATCL HATOP TOM RIM BELL on GM 36 38 39 42 46 45 37 56 ok
ui: black key 2: lane 2 (SNARE) selected                                       ok
ui: white key 5: SNARE on step 5, the cursor there                             ok
ui: LEDs: white key 5 lit, black key 2 lit, ACC and the page keys dark (LEN 16) ok
ui: LEDs: the step playing inverted (a hit goes dark, an empty step lights)    ok
ui: white key 5 again: off, an empty step (REST)                               ok
ui: ACC held: a tap adds the hit accented, again drops the accent only; the LEDs show accents ok
ui: KNOB 1 STEP, 2 LANE, 3 HIT on / off, 4 ACC (an accent adds the hit)        ok
ui: EDIT: the cursor step cleared, on to the next                              ok
ui: pages: black keys 11 / 10 up / down (the cursor along); past LEN a key does nothing ok
ui: GM notes on the grid: a low tom / crash on their lanes; an edit makes the lane its hit ok
ui: grid keys in the ISR: white keys and ACC silent, black key 4 plays HAT CL (42) ok
ui: REC on the grid: lane keys record hits, quantised (the next step late), no TIE holds ok
ui: REC on HOME: GM keys quantised into the grid (35 a note on the KICK lane)  ok
ui: PATTERNS 12 BEAT into a DRUM track: the grid (hits, the accents on 1 5 9 13) ok
ui: ..its KICK lane on the white key LEDs (1 7 9 12)                           ok
ui: a sound load keeps the grid; on ANALOG its hits play as their GM notes     ok
ui: BEAT over the user's steps: the dialog, then SAVE held brings them back    ok
ui: HOME held (the menu): the keys are no longer the grid's                    ok
ui: a message keeps the header's transport and BPM (drawn right of x 80)       ok
ui: UPDATE MODE countdown drawn over the menu                                  ok
ui: FAV and LIST mark/filter the current sound without loading or touching its steps ok
ui: one favorite occupies one display row, without repeated copies             ok
ui: a DRUM sound can be a favorite on any track                                ok
ui: filtered browsing crosses DRUM and synth sounds while retaining the track's pattern and ARP ok
ui: unmarking the current sound leaves it loaded even when outside the filtered list ok
ui: browsing from a nonfavorite selects the last favorite                      ok
ui: empty favorites explains LIST ALL and retains the current sound and steps  ok
ui: LIST ALL restores the full browser without an implicit load                ok
ui: user slot 32 has its own favorite reference                                ok
ui: overwriting or renaming a user slot retains its star                       ok
ui: successful erasure removes the user slot star and source label             ok
ui: reusing the erased slot does not restore its old star                      ok
ui: COLOR OCT+ previews the next palette (PAPER, light) without closing the menu ok
ui: COLOR KNOB 1 steps on to HI-CON, NIGHT (#50: true black), MONO (1.0.2: black and white), then wraps to GREY ok
ui: the expanded menu retains all three SPEAKER modes (OCT+ / OCT- step them, stopping at the ends) ok
ui: #42 SPEAKER EQ: FLAT (old OFF) / LOWCUT / BASS+ on KNOB 1, fx_lowcut follows ok
ui: HOME leaves display preferences without changing musical state (OCT- no longer closes) ok
ui: MENU tabs: DISPLAY CONTROL AUDIO EDDA SYSTEM (6 6 5 6 4 rows), 1..6 each in a run, fit the page; tab gaps constant (S, LARGE) ok
ui: MENU: PRESETS moves within the tab and wraps there (COLOR .. SCREEN OFF)   ok
ui: MENU: ALGORITHM steps between the tabs and wraps, each tab back at its last row ok
ui: MENU: any of KNOB 1..4 changes the selected row's value in any tab, the menu stays ok
ui: MENU: OCT+ / OCT- step every value row up / down (COLOR wraps, the rest stop), the menu stays ok
ui: MENU: on an ON / OFF row OCT+ / a knob right is ON, OCT- / left OFF (ANIM, USB SERIAL, RESTORE LAST too) ok
ui: MENU: HOME pressed closes it, held too (no reopen); held opens it again at the same tab and row ok
ui: MENU SYSTEM: OCT+ opens ABOUT (OCT- back to the tab) and CALIBRATION; OCT- does nothing on them ok
ui: MENU: HOME closes ABOUT too; reopened at the tabs; a value row breathes OCT- / OCT+ where they can go ok
ui: MENU tabs slide with ANIM ON (their strip only, settled within 6 frames), snap with ANIM OFF ok
ui: ABOUT opens one document with scrollable license text and credits          ok
ui: ABOUT QR keeps its complete white quiet zone above the fixed footer        ok
ui: PRESETS scrolls ABOUT with its header and controls fixed                   ok
ui: PRESETS continues from ABOUT into CREDITS without changing pages           ok
ui: OCT+ does not switch pages or alter the octave in the document             ok
ui: the continuous document stops at its final credit                          ok
ui: scrolling back through CREDITS returns to ABOUT's top                      ok
ui: OCT- returns to the menu without changing sounds or patterns               ok
ui: reopening ABOUT starts the continuous document at the top                  ok
ui: USB power shows a steady bolt inside the battery without animation         ok
ui: USB suspension restores the battery outline and measured level             ok
ui: battery operation retains all three ADC level thresholds                   ok
ui: SONG empty: PLAY does not start                                            ok
ui: SONG missing source: refuses before changing any track                     ok
ui: SONG rows saved and loaded with their project                              ok
ui: SONG prepares while stopped, no starts over a pending start                ok
ui: SONG starts all tracks at source step 0, recording paused                  ok
ui: SONG first row repeats without a gap                                       ok
ui: SONG row change: four tracks together, sounds unchanged                    ok
ui: SONG playing: step edits, clears, recording and undo are blocked           ok
ui: SONG end: stops and restores editable patterns, timing and record arms     ok
ui: SONG source projects stay unchanged                                        ok
ui: SONG transition preserves fractional block time on all tracks              ok
ui: SONG manual STOP restores the previous pattern                             ok
ui: PROJECT load during SONG stops it before loading new timing                ok
ui: SONG page empty PLAY explains how to start                                 ok
ui: SONG SLOT knob adds the first row with one repeat                          ok
ui: SONG row, slot and repeat knobs build a chain                              ok
ui: SONG OCT chord does not start playback or leave the page                   ok
ui: SONG OCT+ on release starts, pending start blocks SAVE                     ok
ui: SONG pending start cannot write a project                                  ok
ui: SONG PLAY cancels a pending start                                          ok
ui: SONG unused K4 cannot accidentally add or clear rows                       ok
ui: SONG append row stays bounded at 16                                        ok
ui: CLEAR SONG requires explicit confirmation                                  ok
ui: cancel preserves the full song                                             ok
ui: confirmed CLEAR SONG keeps musical steps                                   ok
ui: REC stays on every page, SONG stopped asks for pattern recording (STEP: step recording, stopped) ok
ui: REC in the MENU does nothing (the menu stays, no arm, no transport start)  ok
ui: REC in ABOUT does nothing (the document and its scroll stay)               ok
ui: GLO directly opens the four-channel MIXER                                  ok
ui: MIXER K3 edits reverb, never sequence length                               ok
ui: GLO cycles MIXER > GLOBAL > SYSTEM > MIXER                                 ok
ui: long SEQ goes directly to SONG with no tap on release                      ok
ui: REC cannot write borrowed patterns while SONG is armed                     ok
ui: operator envelope pages are hidden on non-DIGITAL instruments              ok
ui: DIGITAL retired: engine 1 asked for loads FM6; the OP ENV / OP LEVEL pages never show ok
ui: CHANCE is per step and starts at backward-compatible 100 percent           ok
ui: CHANCE controls clamp to 0..100 without changing adjacent steps            ok
ui: REC plus a sound knob records motion through the UI                        ok
ui: stopping returns the original sound after a recorded knob gesture          ok
ui: #93 the page is AUTOMATION (GR_MOTION inside)                              ok
ui: MOTION playback OFF preserves its stored events                            ok
ui: MOTION clear always asks confirmation                                      ok
ui: #93   the dialog asks CLEAR T1 AUTOMATION?                                 ok
ui: confirmed MOTION clear removes events and SAVE hold restores them          ok
ui: motion-clear UNDO restores the recorded events                             ok
ui: #93 the events used up: AUTOMATION FULL                                    ok
ui: MOTION: a recorded knob marks its HOME card (and no other)                 ok
ui: MOTION: PLAY OFF takes the icon off the card, the events stay              ok
ui: MOTION: PLAY ON again shows it; only on the track that has the motion      ok
ui: MOTION: a mix parameter's event marks its MIXER card (PAN)                 ok
ui: MOTION: CLEAR takes the icon off every card                                ok
ui: PLAY's green and REC LEDs stay lit across time and audio block phase       ok
ui: the power-on LED sweep: the UI leaves the LEDs alone while it runs, takes them after ok
ui: all palettes: active column is subtle, stable-size, no zoom over graph     ok
ui: sample waveform is bounded, matches audio IMA decode and leaves voices intact ok
ui: GREY: every pixel of every page, HOME, menu, ABOUT, dialog and countdown is gray ok
ui: MONO (black and white): every pixel of every page, HOME, menu, ABOUT, dialog and countdown is neutral ok
ui: roll: numbers of one shape roll by the sign of the change; names, length, sign changes snap ok
ui: roll: every page and engine: a name (enum, even ALG 1..8, note, ON/OFF) snaps, numbers roll ok
ui: roll: a card's value rolls for 9 frames (TUNE 0 -> 1), the value itself at once ok
ui: roll: the roll's last frame is pixel-identical to the static render        ok
ui: roll: a mid-roll frame differs from the static render inside the value strip only ok
ui: roll: header BPM 120 -> 121 and a card 10 -> 11: only the strip changes, unchanged digits stay put ok
ui: roll: an increase rolls up, a decrease down (-5 -> -6 is down)             ok
ui: roll: a change mid-roll retargets (from the last value, restarted) and ends static ok
ui: roll: a change within 40 ms of the last one snaps (a fast turn)            ok
ui: roll: a sign / length change (0 -> -1) and a name (CLK) snap               ok
ui: roll: a page, track, palette or engine change and ui.force snap            ok
ui: roll: MONO roll frames are gray                                            ok
ui: #63 soak: 150000 random frames, wrapping clocks, motion: no roll lasts, cards = a forced redraw ok
ui: duplicate button mappings recover to the default panel                     ok
ui: duplicate knob mappings recover to the default panel                       ok
ui: out-of-range panel data recovers without an invalid shift                  ok
ui: a valid reversed knob mapping is retained                                  ok
ui: FX tap: nothing on press, the FX page when let go                          ok
ui:   a second tap: the next page of the family (SLICER)                       ok
ui:   held 0.35 s (HOLD 0.4): still a tap, the map never shown                 ok
ui: FX held past 0.4 s: the map (not before); let go: no page, the map gone    ok
ui: menu HOLD 0.6 s (KNOB 1): FX held 0.5 s is a tap, no map                   ok
ui:   HOLD is saved with the settings and read back                            ok
ui: menu LEDS: DIM HI by default; KNOB 1 OFF < DIM LO < DIM HI < INV (stops at the ends), OCT+ / OCT- the same; a change from the editor redraws the shown MENU ok
ui:   LEDS is saved with the settings and read back (all four); DIM HI saves the field as before (0) ok
ui: FX + a key: the map at once; no voice, no MIDI, no recording, no step written ok
ui:   the key let go: its effect off, no note-off sent                         ok
ui:   FX let go after a combo: no tap, the map gone                            ok
ui: FX let go first: the key holds its effect and the map; a new key is a note ok
ui: FX + G4 / A4: OCT UP / OCT DN held, silent, no MIDI; KNOB 4 turns; B4 nothing; FX let go: K4 back to 0 ok
ui: REVERB page: TYPE ROOM -> SPRING on KNOB 1 (SIZE, DAMP beside it); a project keeps SPRING ok
ui:   CHORUS page: CRT CDP                                                     ok
ui: a key held before FX stays a note: note-on, note-off, nothing left held    ok
ui: FX + KNOB 1 / 2: the macros, not ATK, not recorded; FX let go: back to 0, no tap ok
ui: in the layer: PLAY plays; SAVE (tap and hold), ENV, HOME (hold) do nothing ok
ui:   a page button pressed with FX, let go after it: still nothing            ok
ui: ENV LFO SCL ARP GLO EDIT act when let go, not on press (ENV LFO ARP held long: the same) ok
ui: EDIT on STEP clears the step when let go (not on press)                    ok
ui: HOME (menu) and SEQ (SONG) holds of 0.7 s unchanged                        ok
ui: in the menu: no layer, FX + a key plays the key; FX let go: no page        ok
ui: in a dialog: FX held shows no map and taps nothing                         ok
ui: UBOOT countdown over the layer: the map closes, effects off; OCT- + OCT+ untouched ok
ui: map LEDs: held lit, the 10 effects breathe, B4 .. G5 and a too-long REPEAT dark ok
ui: #39 FX / GLO / SCL / EDIT + KNOB 1..4, let go while turning: no page under the layer changes ok
ui:   0.3 s after FX is let go KNOB 1 is ARP MODE again; a knob turned with FX opened no FX page ok
ui:   FX tapped while a knob turns: no FX page, no ARP change                  ok
ui: #102 FX GLO SCL EDIT (held, combo, locked) x KNOB 1..4, detents counted mid-pass: the layer's only ok
ui:   HOME with REC: FX's KNOB 1..4, GLO's KNOB 2..4 record no automation, HOME's sound stays ok
ui:   FX LATCH: FILTER stays after FX is let go, HOME's KNOB 1 never moves; FX + OCT- turns it off ok
ui:   no layer: a detent counted mid-pass is HOME's KNOB 1, once               ok
ui: #40 FX + KNOB 4: DEPTH rises to the right, falls to the left; SHIMR (OCT UP) rises to the right ok
ui:   FX LATCH OFF by default: a key's effect ends when it is let go           ok
ui:   FX LATCH ON: FX + C4 latches LPF, CRUSH stays at 30 after FX is let go   ok
ui:   the FX LED lit while something is on; a mute key latches; C4 again: LPF off ok
ui:   FX + OCT-: every latched effect and macro off (no octave)                ok
ui:   FX LATCH: FX + OCT- quick (before HOLD): all off, no octave, no page     ok
ui:   FX LATCH: FX + OCT- in one frame / held: no octave; OCT- alone: the octave ok
ui:   FX LATCH OFF: FX + OCT- quick / held shifts the octave (no page); FX tap: the FX page; GLO + OCT- quick: put back, no octave ok
ui:   the menu turns the latched effects off; MENU > FX LATCH: OCT+ / KNOB 1 right ON, OCT- / left OFF ok
ui:   FX LATCH saved with the settings; settings from before it: OFF           ok
ui: #83 FX GLO SCL EDIT double tapped: the map stays open with no button held, over the page as it was ok
ui:   a tap of the button closes it, no page opens                             ok
ui:   GLO locked: a black key mutes (silent, no MIDI), KNOB 1 T1 LEVEL, OCT- puts back, still locked ok
ui:   FX locked: a key's effect while held, KNOB 2 CRUSH; closed: the macros snap back ok
ui:   SCL locked: a key sets ROOT, KNOB 2 SCL, the page stays ENV              ok
ui:   EDIT locked: KNOB 1 the engine; INIT's dialog closes the lock            ok
ui:   LFO, HOME, another layer's button, the menu close it (and act as always) ok
ui:   its button held after the lock: a peek, let go closes it; KNOB 1 is ENV's again ok
ui:   unchanged: a tap opens the page, slow taps cycle, a tap then a peek or a combo: no lock ok
ui:   another button between the taps: no lock; PLAY in a locked layer plays, the lock stays ok
ui:   EDIT on STEP (it clears the step): two quick taps clear two steps, no lock ok
ui: REC layer: REC held on STEP PATTERN CHANCE PHRASES SONG AUTOMATION ENV MIXER HOME opens it ok
ui:   no CLEAR dialog any more, nothing armed, cleared or started (#91's hold replaced) ok
ui:   it opens after MENU > HOLD (0.3 .. 0.6 s), not the old 0.7 s             ok
ui:   a tap still arms / disarms when let go (HOME starts PLAY, STEP: step recording) ok
ui:   REC held + PLAY: plays, and REC let go before HOLD still arms (no combo) ok
ui:   a song playing: STOP TO RECORD; REC in another layer still arms / disarms ok
ui: REC + F3: CLEAR T2's sequence at once (no dialog, the key silent), nothing armed ok
ui:   SAVE held undoes the clear                                               ok
ui:   empty: NOTHING TO CLEAR; a song playing: STOP TO EDIT; armed and playing: clears, records on ok
ui: REC + G3 CLICK OFF>REC>ON, A3 COUNT-IN OFF>1 BAR>2 BARS, B3 LEVEL MID>HIGH>LOW: MENU's values ok
ui:   applied at once (click.c, seq.c), saved when the layer closes, kept with the settings ok
ui:   KNOB 1..3 CLICK COUNT-IN LEVEL, stopping at the ends; KNOB 4 nothing; the page untouched ok
ui:   OCT- puts back CLICK and the cleared track; no octave shift              ok
ui:   LEDs: CLEAR breathes (dark when empty), CLICK / COUNT-IN lit when on, LEVEL with the click ok
ui: #83 REC double tapped: locked, the arming as before; keys, knobs, PLAY; a REC tap closes it ok
ui:   playing: the transport stays; in GLO's lock a REC tap arms, GLO stays locked ok
ui: SEQ TOOLS: SEQ held on STEP, PATTERN, CHANCE, AUTOMATION opens the map (no SONG, the page stays) ok
ui:   elsewhere (PHRASES, SONG, MIXER, HOME, ENV) SEQ held opens SONG, no map  ok
ui:   a tap on STEP: the next SEQ page, as always (the hint until the layer was opened) ok
ui:   G3 REVERSE: steps 1..LEN mirrored, C4 + its tie as C4 then the tie, the lock moves with E4 ok
ui:   SAVE held: the reverse undone (steps and the lock)                       ok
ui:   B3 / A3 SHIFT > <: one step round inside LEN (the lock with it); back again: as it was ok
ui:   F3 CLEAR: steps 1..LEN empty (no dialog), past LEN kept, the locks of the steps cleared go ok
ui:   OCT-: the track as the layer opened (steps, locks, LEN); KNOB 1..4 LEN DIV SWING GATE ok
ui:   C4 RANDOM (melodic): the rhythm kept, new notes in the scale near the middle (40 seeds) ok
ui:   D4 COOK x12: each press changes it, the rhythm and the scale kept, "COOKED 12" ok
ui:   SAVE held after COOKs: the last one undone only                          ok
ui:   an empty pattern: COOK says NOTHING TO COOK; RANDOM writes 8ths with rests, in the scale ok
ui:   DRUM RANDOM: kick 3..5 (one on 1), snare on 2 and 4 (+ a ghost), hat 8..12; 60 seeds ok
ui:   DRUM COOK x10: each press changes it, the kick on 1 stays                ok
ui:   E4 BEAT: four on the floor, 2 and 4, 8th hats; black key 3 the lane, B4 FILL 1 / 2 / 4 / none ok
ui:   A4 / G4 / C5: the lane reversed (its accents with it), cleared, at random; the others stay ok
ui:   LEDs: the tools breathe, the lane lit (DRUM); a melodic track: no BEAT, no lane keys ok
ui:   double tapped on STEP: locked over STEP, the keys act; a tap closes it   ok
ui:   while a song plays: STOP TO EDIT, nothing changes                        ok
ui: MENU: ALGORITHM and PRESETS reach every row, each tab a page of its own    ok
ui: #46 MENU > ANIM: ON by default, KNOB 1 right / OCT+ ON, left / OCT- OFF    ok
ui: #46 ANIM OFF: the card values and the header BPM snap (no rolling digits), the frame is static ok
ui: #46 ANIM OFF: the piano roll's view jumps to the notes (ON: it glides)     ok
ui: #46 ANIM saved with the settings; settings from before it: ON              ok
ui: MENU > STYLE: FLAT by default, KNOB 1 / OCT-+ FLAT / LINE, LINE drawn (rules, no SURF) ok
ui:   STYLE saved with the settings and read back; older settings and unknown values: FLAT, PIXEL: LINE (idempotent) ok
    head stopped    x   4.. 19 ink rows  4..19 centre 12.0 (+0.0)
    head stopped    x  74.. 83 ink rows  7..16 centre 12.0 (+0.0)
    head stopped    x  90..101 ink rows  5..18 centre 12.0 (+0.0)
    head stopped    x 107..111 ink rows  6..16 centre 11.5 (-0.5)
    head stopped    x 115..132 ink rows  5..16 centre 11.0 (-1.0)
    head stopped    x 216..235 ink rows  7..16 centre 12.0 (+0.0)
    head play+REC   x   4.. 19 ink rows  4..19 centre 12.0 (+0.0)
    head play+REC   x  23.. 32 ink rows  7..16 centre 12.0 (+0.0)
    head play+REC   x  76.. 83 ink rows  7..16 centre 12.0 (+0.0)
    head play+REC   x  90..101 ink rows  5..18 centre 12.0 (+0.0)
    head play+REC   x 107..111 ink rows  6..16 centre 11.5 (-0.5)
    head play+REC   x 115..132 ink rows  5..16 centre 11.0 (-1.0)
    head play+REC   x 216..235 ink rows  7..16 centre 12.0 (+0.0)
    head song       x   4.. 19 ink rows  4..19 centre 12.0 (+0.0)
    head song       x  70.. 83 ink rows  5..18 centre 12.0 (+0.0)
    head song       x  90..101 ink rows  5..18 centre 12.0 (+0.0)
    head song       x 107..111 ink rows  6..16 centre 11.5 (-0.5)
    head song       x 115..132 ink rows  5..16 centre 11.0 (-1.0)
    head song       x 180..193 ink rows  5..18 centre 12.0 (+0.0)
    head song       x 199..207 ink rows  5..17 centre 11.5 (-0.5)
    head song       x 216..235 ink rows  7..16 centre 12.0 (+0.0)
    head message    x   4.. 19 ink rows  4..19 centre 12.0 (+0.0)
    head message    x  78..113 ink rows  7..16 centre 12.0 (+0.0)
    head message    x 117..130 ink rows  7..16 centre 12.0 (+0.0)
    head message    x 134..162 ink rows  7..16 centre 12.0 (+0.0)
    head message    x 216..235 ink rows  7..16 centre 12.0 (+0.0)
    head OCT        x   4.. 19 ink rows  4..19 centre 12.0 (+0.0)
    head OCT        x  76.. 83 ink rows  7..16 centre 12.0 (+0.0)
    head OCT        x  90..101 ink rows  5..18 centre 12.0 (+0.0)
    head OCT        x 107..111 ink rows  6..16 centre 11.5 (-0.5)
    head OCT        x 115..132 ink rows  5..16 centre 11.0 (-1.0)
    head OCT        x 162..185 ink rows  7..16 centre 12.0 (+0.0)
    head OCT        x 191..207 ink rows  5..16 centre 11.0 (-1.0)
    head OCT        x 216..235 ink rows  7..16 centre 12.0 (+0.0)
    head USB        x   4.. 19 ink rows  4..19 centre 12.0 (+0.0)
    head USB        x  74.. 83 ink rows  7..16 centre 12.0 (+0.0)
    head USB        x  90..101 ink rows  5..18 centre 12.0 (+0.0)
    head USB        x 107..111 ink rows  6..16 centre 11.5 (-0.5)
    head USB        x 115..132 ink rows  5..16 centre 11.0 (-1.0)
    head USB        x 216..235 ink rows  7..16 centre 12.0 (+0.0)
    head keycap     x   4.. 19 ink rows  4..19 centre 12.0 (+0.0)
    head keycap     x  89..118 ink rows  5..17 centre 11.5 (-0.5)
    head keycap     x 123..150 ink rows  7..16 centre 12.0 (+0.0)
    head keycap     x 216..235 ink rows  7..16 centre 12.0 (+0.0)
    head REC other  x   4.. 19 ink rows  4..19 centre 12.0 (+0.0)
    head REC other  x  23.. 32 ink rows  7..16 centre 12.0 (+0.0)
    head REC other  x  74.. 83 ink rows  7..16 centre 12.0 (+0.0)
    head REC other  x  90..101 ink rows  5..18 centre 12.0 (+0.0)
    head REC other  x 107..111 ink rows  6..16 centre 11.5 (-0.5)
    head REC other  x 115..132 ink rows  5..16 centre 11.0 (-1.0)
    head REC other  x 216..235 ink rows  7..16 centre 12.0 (+0.0)
    head BPM turn   x   4.. 19 ink rows  4..19 centre 12.0 (+0.0)
    head BPM turn   x  74.. 83 ink rows  7..16 centre 12.0 (+0.0)
    head BPM turn   x  90..101 ink rows  5..18 centre 12.0 (+0.0)
    head BPM turn   x 107..111 ink rows  6..16 centre 11.5 (-0.5)
    head BPM turn   x 115..132 ink rows  5..16 centre 11.0 (-1.0)
    head BPM turn   x 216..235 ink rows  7..16 centre 12.0 (+0.0)
    head BPM LOCK   x   4.. 19 ink rows  4..19 centre 12.0 (+0.0)
    head BPM LOCK   x  74.. 83 ink rows  7..16 centre 12.0 (+0.0)
    head BPM LOCK   x  90..101 ink rows  5..18 centre 12.0 (+0.0)
    head BPM LOCK   x 107..111 ink rows  6..16 centre 11.5 (-0.5)
    head BPM LOCK   x 115..132 ink rows  5..16 centre 11.0 (-1.0)
    head BPM LOCK   x 137..142 ink rows  7..15 centre 11.5 (-0.5)
    head BPM LOCK   x 216..235 ink rows  7..16 centre 12.0 (+0.0)
    head NO SAMPLE  x   4.. 19 ink rows  4..19 centre 12.0 (+0.0)
    head NO SAMPLE  x  79.. 92 ink rows  5..18 centre 12.0 (+0.0)
    head NO SAMPLE  x  98..114 ink rows  7..16 centre 12.0 (+0.0)
    head NO SAMPLE  x 118..161 ink rows  7..16 centre 12.0 (+0.0)
    head NO SAMPLE  x 216..235 ink rows  7..16 centre 12.0 (+0.0)
    head REC layer  x   4.. 19 ink rows  4..19 centre 12.0 (+0.0)
    head REC layer  x  23.. 32 ink rows  7..16 centre 12.0 (+0.0)
    head REC layer  x  96..119 ink rows  5..17 centre 11.5 (-0.5)
    head REC layer  x 124..144 ink rows  7..16 centre 12.0 (+0.0)
    head REC layer  x 216..235 ink rows  7..16 centre 12.0 (+0.0)
    head EDIT lock  x   4.. 19 ink rows  4..19 centre 12.0 (+0.0)
    head EDIT lock  x  87..112 ink rows  5..17 centre 11.5 (-0.5)
    head EDIT lock  x 117..137 ink rows  7..16 centre 12.0 (+0.0)
    head EDIT lock  x 147..152 ink rows  7..15 centre 11.5 (-0.5)
    head EDIT lock  x 216..235 ink rows  7..16 centre 12.0 (+0.0)
    head GLO turn   x   4.. 19 ink rows  4..19 centre 12.0 (+0.0)
    head GLO turn   x  74.. 83 ink rows  7..16 centre 12.0 (+0.0)
    head GLO turn   x  90..101 ink rows  5..18 centre 12.0 (+0.0)
    head GLO turn   x 107..111 ink rows  6..16 centre 11.5 (-0.5)
    head GLO turn   x 115..132 ink rows  5..16 centre 11.0 (-1.0)
    head GLO turn   x 137..142 ink rows  7..15 centre 11.5 (-0.5)
    head GLO turn   x 152..175 ink rows  5..17 centre 11.5 (-0.5)
    head GLO turn   x 180..200 ink rows  7..16 centre 12.0 (+0.0)
    head msg2       x   4.. 19 ink rows  4..19 centre 12.0 (+0.0)
    head msg2       x  47.. 90 ink rows  7..16 centre 12.0 (+0.0)
    head msg2       x  94..107 ink rows  7..16 centre 12.0 (+0.0)
    head msg2       x 111..118 ink rows  7..15 centre 11.5 (-0.5)
    head msg2       x 121..149 ink rows  7..15 centre 11.5 (-0.5)
    head msg2       x 153..183 ink rows  7..16 centre 12.0 (+0.0)
    head msg2       x 187..193 ink rows  7..15 centre 11.5 (-0.5)
    head msg2       x 216..235 ink rows  7..16 centre 12.0 (+0.0)
    head beat 2     x   4.. 19 ink rows  4..19 centre 12.0 (+0.0)
    head beat 2     x  76.. 83 ink rows  7..16 centre 12.0 (+0.0)
    head beat 2     x  90..101 ink rows  5..18 centre 12.0 (+0.0)
    head beat 2     x 107..111 ink rows  6..16 centre 11.5 (-0.5)
    head beat 2     x 115..132 ink rows  5..16 centre 11.0 (-1.0)
    head beat 2     x 216..235 ink rows  7..16 centre 12.0 (+0.0)
    head count-in   x   4.. 19 ink rows  4..19 centre 12.0 (+0.0)
    head count-in   x  23.. 32 ink rows  7..16 centre 12.0 (+0.0)
    head count-in   x  76.. 83 ink rows  7..16 centre 12.0 (+0.0)
    head count-in   x  90..101 ink rows  5..18 centre 12.0 (+0.0)
    head count-in   x 107..111 ink rows  6..16 centre 11.5 (-0.5)
    head count-in   x 115..132 ink rows  5..16 centre 11.0 (-1.0)
    head count-in   x 216..235 ink rows  7..16 centre 12.0 (+0.0)
    head battery 1  x   4.. 19 ink rows  4..19 centre 12.0 (+0.0)
    head battery 1  x  74.. 83 ink rows  7..16 centre 12.0 (+0.0)
    head battery 1  x  90..101 ink rows  5..18 centre 12.0 (+0.0)
    head battery 1  x 107..111 ink rows  6..16 centre 11.5 (-0.5)
    head battery 1  x 115..132 ink rows  5..16 centre 11.0 (-1.0)
    head battery 1  x 216..235 ink rows  7..16 centre 12.0 (+0.0)
    head battery 0  x   4.. 19 ink rows  4..19 centre 12.0 (+0.0)
    head battery 0  x  74.. 83 ink rows  7..16 centre 12.0 (+0.0)
    head battery 0  x  90..101 ink rows  5..18 centre 12.0 (+0.0)
    head battery 0  x 107..111 ink rows  6..16 centre 11.5 (-0.5)
    head battery 0  x 115..132 ink rows  5..16 centre 11.0 (-1.0)
    head battery 0  x 216..235 ink rows  7..16 centre 12.0 (+0.0)
    head BPM 90     x   4.. 19 ink rows  4..19 centre 12.0 (+0.0)
    head BPM 90     x  79.. 88 ink rows  7..16 centre 12.0 (+0.0)
    head BPM 90     x  95..106 ink rows  5..18 centre 12.0 (+0.0)
    head BPM 90     x 111..128 ink rows  5..17 centre 11.5 (-0.5)
    head BPM 90     x 216..235 ink rows  7..16 centre 12.0 (+0.0)
ui: header: every element's ink centred on row 12 (+-1 px), every state, FLAT and LINE, every palette ok
ui: header: three slots: track at 4, BPM / message on x 120, octave to 208, battery 214..236 (GLO with the tempo turned: the label right of the BPM and its lock) ok
ui: header metronome: still on every beat, as stopped                          ok
ui: header metronome: a beat changes nothing in the header                     ok
ui: #48 DIV / RATE / TIME / SLICER RATE step longest -> shortest, every value once, the ends hold ok
ui: #48 the pages' knobs step the divisions by length (SEQ, ARP, DLY, SLICER)  ok
ui: #52 KNOB ACCEL: OFF by default; ON, slow (>= 26 ms a detent) and lone quick detents: 1 step each ok
ui: #52 KNOB ACCEL ON: 20 ms a detent x2, 15 ms x3, 10 ms x4 from a turn's third detent; reversal x1 ok
  #126 a flick of 12 detents over 126 ms on -100..100: 47 steps
ui: #126 KNOB ACCEL ON over a range above 64: 10 ms x5 .. 6 ms x8; a 12-detent flick ~120 ms: 47 ok
ui: #52 KNOB ACCEL: never on narrow values or lists; 20000 random reads keep the sign, x1..x8, slow = x1 ok
ui: #52 KNOB ACCEL on MIXER LEVEL: a fast turn of 8 detents moves 20 (OFF: 8)  ok
  #126 FX FILTER, 12 detents: ON 10 ms 52, OFF 12, ON 60 ms 12, ON 6 right 6 left 0
ui: #126 KNOB ACCEL on the FX layer (FILTER: a 12-detent flick >= 35, OFF 12, slow 12) and GLO LEVEL ok
ui: #52 KNOB ACCEL saved with the settings; settings from before it: OFF       ok
ui: MENU > USB LEVEL: MASTER by default, KNOB 1 / OCT+ FIXED, left / OCT- MASTER, saved, the audio follows ok
ui: MENU > AUDIO: CLICK OFF / REC / ON, CLICK LEVEL LOW / MID / HIGH, COUNT-IN OFF / 1 BAR / 2 BARS; OFF MID OFF by default ok
ui: MENU > AUDIO: PRESETS to CLICK, CLICK LEVEL, COUNT-IN; knobs / OCT step them, applied at once ok
ui: CLICK / CLICK LEVEL / COUNT-IN saved and read back; a stored 3 the default; older settings OFF / MID / OFF ok
ui: count-in from the UI: REC on STEP arms, PLAY counts in (STEP entry paused); 4 3 2 1 on screen; PLAY's green on the beats ok
ui: PLAY while counting in stops it: nothing plays, still armed, the page back ok
ui: PLAY armed and stopped: the count-in again; at its end the sequencer plays from step 1, the page back ok
ui: #67 MENU > USB SERIAL: ON by default, the console presented (misc / IAD, as before) ok
ui:   KNOB 1 left / OCT- OFF, right ON; the menu closed (HOME): audio + MIDI only, class 0 ok
ui:   saved with the settings (older ones: ON); at boot the device enumerates with the saved choice ok
ui:   OFF: the soft key (SysEx on the MIDI endpoint) still asks for UPDATE MODE ok
ui: #58 BPM LOCK OFF (the default): SELECT sets the tempo as before            ok
ui: #58 MENU > BPM LOCK: KNOB 1 right / OCT+ ON, left / OCT- OFF; SELECT in the menu is no tempo ok
ui: #58 BPM LOCK ON: SELECT leaves the tempo on HOME and the pages, "BPM LOCKED" once per turn burst ok
ui: #58 BPM LOCK ON: GLO > GLOBAL KNOB 1 still sets the tempo                  ok
ui: #58 BPM LOCK ON: GLO + SELECT sets the tempo (a combo: the map, no GLO page; OCT- puts it back) ok
ui: #58 BPM LOCK ON: GLO + F4 TAP still sets the tempo                         ok
ui: #58 BPM LOCK saved with the settings; settings from before it: OFF (idempotent) ok
ui: #15 MENU > LARGE: OFF by default, under STYLE; KNOB 1 right / OCT+ ON, left / OCT- OFF ok
ui: #15 LARGE ON: HOME's cards tall (a K1..K4 pill over each column), the scope a strip, the footer kept ok
ui: #15 LARGE: a card value in L (GLOBAL's BPM 120: about 21 rows of figures, M's 11) ok
ui: #15 LARGE: ENV tall with its ADSR in the strip; KNOB 2 turned redraws card 2 only ok
ui: #15 LARGE: PRESETS and the roll keep the layout (labels in M), the layers too; MIXER tall, its tracks in the strip ok
ui: #15 LARGE saved with the settings; settings from before it: OFF (idempotent) ok
ui: #51 every sound browsed (HOME, PRESETS; stopped, playing): no step, ARP off, nothing held, no start ok
ui: NAME: USER SAVE into an empty slot opens NAME, prefilled with the automatic name ok
ui:   DELETE removes the character before the cursor, down to empty            ok
ui:   a white key types its first letter; tapped again within 0.8 s: the next one, cycling (A B A) ok
ui:   another key keeps the letter and types its own (A, C)                    ok
ui:   0.8 s without a tap keeps it: the cursor moves on                        ok
ui:   a second tap within 0.8 s (0.43 s later) still cycles (C -> D)           ok
ui:   a three-letter key (IJK) cycles to K; SPACE keeps it and adds a space    ok
ui:   DELETE, cursor left twice, a letter inserted at the cursor               ok
ui:   cursor right stops at the end                                            ok
ui:   D# switches to 123: one tap, one character (2, 0, +), no cycling         ok
ui:   back to ABC: the last key (0-.) gives 0, then -, then .                  ok
ui:   KNOB 1 moves the cursor, KNOB 2 changes the character there (+ -> SPACE, wrapping) ok
ui:   KNOB 2 on: SPACE + 5 = E                                                 ok
ui:   KNOB 1 to the end, KNOB 2 adds a character there (A)                     ok
ui:   .. and turns it back past SPACE to the last symbol (+)                   ok
ui:   12 characters at most: NAME FULL, nothing typed                          ok
ui:   DELETE held 0.64 s: one, then it repeats after 0.45 s, every 0.09 s (3 in all) ok
ui:   keys in NAME: no voice, no MIDI, nothing recorded (seq.c: song.grid 2)   ok
ui:   LEDs: every key lit, the cycling key (LM) blinks                         ok
ui:   OCT- cancels: nothing written, back on the USER page                     ok
ui:   OCT+ while playing: STOP TO SAVE, NAME stays                             ok
ui:   OCT+ stopped: saved as typed, the trailing space dropped (CB 2)          ok
ui:   overwrite: the dialog, then NAME                                         ok
ui:   SAVE held, FX held: nothing in NAME (no undo, no map, no page)           ok
ui:   EDIT on an empty slot: EMPTY SLOT                                        ok
ui:   EDIT on a used slot: NAME (rename) with its name                         ok
ui:   OCT+: renamed (CB W), the sound stored there unchanged                   ok
ui:   a name deleted to nothing: the automatic one                             ok
ui:   SAVE of a sound that came from U03: prefilled with U03's name            ok
ui: PROJECT SAVE: NAME, typed, saved: the slot has the name, the project too   ok
ui:   loading it brings its name back (the next save's prefill)                ok
ui:   EDIT renames a project (PNPN); its music unchanged                       ok
ui:   EDIT on an empty project slot: EMPTY SLOT                                ok
ui:   HOME held in NAME: the menu, NAME closed                                 ok
ui: EDIT opens EDIT 1, when let go (not on press)                              ok
ui: no ENGINE page (engines are the EDIT layer's)                              ok
ui: EDIT cycle (ANALOG): EDIT 1 EDIT 2 VOICE VOICE 2 EDIT 1                    ok
ui: EDIT cycle (engine 1 asked for: FM6, DIGITAL retired): EDIT 1 EDIT 2 VOICE VOICE 2 EDIT 1 ok
ui: EDIT cycle (DRUM): EDIT 1 EDIT 2 LANES LANES 2 VOICE VOICE 2 EDIT 1        ok
ui: LANES 2: KNOB 2 turns TOM's level (100 % by default), the other lanes stay ok
ui: a factory preset load: every lane 100 % again                              ok
ui: LANES 2 of a track no longer DRUM falls back to EDIT 1                     ok
ui: an OP page of a track no longer DIGITAL falls back to EDIT 1               ok
ui: EDIT remembers its last page (as every family)                             ok
ui: SLICES: SLICE's EDIT cycle EDIT 1 EDIT 2 SLICES VOICE VOICE 2 EDIT 1       ok
ui: SLICES on BREAK: its 16 slices shown, KNOB 1 picks; edits need USR1-4 (DIV unchanged) ok
ui: SLICES on an empty USR2: NO SAMPLE, no slices; edits: "USR2 EMPTY"         ok
ui: SLICES on PIANO: its 16 slices shown; edits need USR1-4 (DIV unchanged)    ok
ui: SLICES on USR1: the first KNOB 2 turn takes the 8 slices as MAN (DIV MAN), moves slice 3's start ok
ui: SLICES: KNOB 3 picks SPLIT, OCT+ splits the slice (again: it stays picked) ok
ui: SLICES: KNOB 4 picks JOIN, OCT+ joins to the slice before; not the first slice ok
ui: SLICES: after the last slice the END marker: KNOB 2 trims the tail         ok
ui: SLICES: DIV 16 over a slot's MAN slices: KNOB 2 goes back to them (DIV MAN), keeps them ok
ui: SLICES: a key picks the slice it plays; the keys of the selected slice are lit ok
ui: SLICES: OCT- drops the pick, then goes HOME                                ok
ui: SLICES: on another engine the page is not there (EDIT 1)                   ok
ui: SLICES: left by an engine change not yet drawn: KNOB 2 and OCT+ change nothing ok
ui: SLICES: a re-upload of the same length redraws the waveform                ok
ui: missing sample: the power-on sounds have their samples (no alert)          ok
ui: SAMPLE on an empty USR2: NO SAMPLE once (not again on a note)              ok
ui: SAMPLE: another empty slot is said; back to it after a sample: said again  ok
ui: GRAIN on an empty USR2: said                                               ok
ui: SLICE on an empty USR3: said; PIANO: not (it has its sample)               ok
ui: a project load with an empty slot: LOADED, then NO SAMPLE                  ok
ui: missing sample: the icon and NO SAMPLE fit the header                      ok
ui: GLO SCL EDIT: a tap opens the page, held past HOLD the map (no page), a key: the map at once ok
ui:   after a tap "HOLD [BTN] QUICK" until the layer has been opened once      ok
ui:   the seen bits are kept with the settings (a spare favorites byte)        ok
ui: GLO + black key 2: T2 MUTE latched (SET), silent, no MIDI; LEDs: sounding lit, muted dark ok
ui:   again: unmuted; C4: UNMUTE ALL                                           ok
ui: GLO + A3 held: SOLO T3 (the others muted), lasts while the key is held, not P_MUTE ok
ui: GLO + F4 x3 at 0.5 s: TAP 120 BPM; with CLK EXT: dimmed, it says why       ok
ui: GLO KNOB 3: T3 LEVEL from any page; OCT-: mutes and levels as it opened, no octave ok
ui: GLO + PLAY: RESTART playing (from the top, not stopped); stopped: PLAY     ok
ui: SCL + D#4, then G3: ROOT D#, G (latched); KNOB 2: SCL; LEDs: root lit, the scale breathes ok
ui:   OCT- in SCL: ROOT and SCL as the layer opened                            ok
ui: EDIT + white key n: the n-th engine shown (FM6 2nd, DRUM last), while playing; steps, LEN, SLICER stay ok
ui:   SAVE held: UNDO back to before the layer's loads, the steps untouched    ok
ui:   every engine one can pick has its white key from F3 (NENG_SHOWN, not a fixed count; never DIGITAL) ok
ui:   KNOB 2: the engine's next sound, KNOB 3 FAV; OCT-: the sound as the layer opened ok
ui:   KNOB 1: the next engine                                                  ok
ui:   #124 SAMPLE: KNOB 2 right PIANO, FLUTE, SAX (No. 1 2 3), both ways round the list, never the alias ok
ui: EDIT + the key after the engines: INITIALIZE SOUND? dialog (closes the layer, no tap); OCT+ inits ok
ui: in the menu: no GLO layer, GLO + a key plays it; GLO let go: no page       ok
ui: in a dialog: SCL held shows no map and taps nothing                        ok
ui: GLO then EDIT: GLO's layer; EDIT ignored (no layer, no page, its keys notes) ok
ui: SCL tapped again: the CHORD page (CHRD VOIC, the chord graph)              ok
ui:   CHRD OFF: the page says what to do, MONO gray                            ok
ui:   KNOB 1: CHRD DIA3, KNOB 2: VOIC OPEN                                     ok
ui:   a key plays the chord, the graph shows it (C), MONO gray                 ok
ui:   a sound load keeps CHRD and VOIC (SCL settings)                          ok
ui:   a kit (DRUM): the page says so, MONO gray                                ok
ui: SCL layer: KNOB 1 ROOT, 3 CHRD, 4 VOIC (QNT TRN untouched); OCT- puts them back ok
ui:   its map and cards MONO gray                                              ok
ui: REC in NAME does nothing (no arm, no transport start); NAME stays          ok
ui: REC in the menu does nothing (then PLAY: nothing either)                   ok
ui: REC in the OVERWRITE? dialog does nothing; OCT+ then opens NAME            ok
ui: UNDO of a sound load on FM6: the track's edited patch back; REDO: the load's ok
ui:   the EDIT layer's OCT- after an engine pick: FM6 with the track's edited patch ok
ui: UNDO after load, editor patch, load: the editor's patch back               ok
ui: ARP LED: none without an ARP; flashes on the beat, the bar's first beat longer ok
ui:   the beat counter runs (a bar of blocks wraps the beat of the bar)        ok
ui: USER ERASE: the ERASE U02? dialog; OCT- keeps the preset, OCT+ erases it   ok
ui:   an empty slot: no dialog, EMPTY SLOT                                     ok
ui: CHANCE on a DRUM track: no grid (title, LEDs), a white key toggles no hit  ok
ui: CHANCE on a melodic track: a key writes no step, EDIT clears none; KNOB 2 the chance ok
ui:   STEP still: armed, a key writes the cursor step                          ok
ui: ALGORITHM ignored with a layer's button held (OCT- puts back all); then T2 ok
ui: TOOLS: DELETE ROW / CLEAR SONG / CLEAR PAT with nothing there: NOTHING TO ..; a song: its dialog ok
ui: REC in every layer: arms the track and starts PLAY; the layer stays, no page ok
ui: SET layers: the OCT- LED lit (UNDO), OCT+ dark; after: the octave; FX: the octave ok
ui: EDIT tap = RENAME on USER: no layer hint over NAME (elsewhere the hint as before) ok
ui: dead FX held from a dialog: no map, the key plays a note, no effect        ok
ui: dead GLO held from a dialog: no map, the key plays a note                  ok
ui: STEP entry with CHRD: POLY the chord, MONO its root, as live recording writes ok
ui: MIXER: K1..K4 light LEVEL / PAN / REV / the MUTE badge, nothing else       ok
ui: rename of the loaded slot: the music's name follows, SAVE prefills it      ok
ui: NAME: PLAY stops a running transport (never starts), REC ignored, then OCT+ saves ok
ui: piano roll: the C-1 label stays inside the panel (every palette)           ok
ui: EDIT: INIT's map cell (after the engines) and its key agree                ok
ui: piano roll: ACID's bars drawn at their notes' rows, ties carried, rests empty ok
ui:   the view holds the page's notes (A2..A3 in 21 rows), MONO gray           ok
ui:   4-note chords stacked, their ties carry all four                         ok
ui:   LEN 32, the cursor on page 2: its 16 steps drawn                         ok
ui:   notes moved two octaves: the view follows over frames (not at once), then rests ok
ui:   nothing changed: the graph is not drawn again                            ok
ui:   after the follow the bars match again                                    ok
ui:   a key held: its row on the keyboard strip is the accent                  ok
ui: stopped, nothing held: no key lit                                          ok
ui: playing: C4 and E4 of step 1 light keys 8 and 12 (from F3), track 2's G4 does not ok
ui: the selected track's notes: track 2's G4 on key 15                         ok
ui: a key held still lights with them                                          ok
ui: the keys follow the octave and TRN; notes off the keyboard are not shown   ok
ui: QNT SNAP: only the key of the note itself lights, not the keys rounding onto it ok
ui: the ARP's note lights its key too                                          ok
ui: a note above the keyboard (G#7) lights nothing                             ok
ui: stopped: the notes end, their keys go dark                                 ok
ui: the layer's map and the DRUM grid keep their keys; elsewhere a kit's hits light the keys that play them ok
ui: #89 HOME, stopped: no step's keys lit                                      ok
ui: #89 STEP, stopped: the cursor step's C4 and E4 light keys 8 and 12         ok
ui: #89 the step's keys follow the octave; notes off the keyboard are not shown ok
ui: #89 a key held lights with them                                            ok
ui: #89 KNOB 1 moves the cursor and the keys follow its step (REST, empty, off the keys: dark) ok
ui: #89 playing: the keys show what plays, not the cursor step                 ok
ui: #89   (the cursor on G4's step changes nothing while playing)              ok
ui: #89 stopped again: the cursor step's keys                                  ok
ui: #89 CHANCE (same cursor): no step keys                                     ok
ui: #89 the DRUM grid keeps its map                                            ok
ui: #81 USB MIDI C4 into the selected track lights key 8 (C4)                  ok
ui:   another track's MIDI notes light nothing; selected, its G4 lights key 15 ok
ui:   note-off: dark                                                           ok
ui:   TRS MIDI IN: E4 lights key 12 while held                                 ok
ui:   ROUT SEL: channel 10 into the selected track lights its key              ok
ui:   the keys follow the octave; notes off the keyboard are not shown         ok
ui:   QNT SNAP: only the lowest key giving the note lights                     ok
ui:   a note the pedal holds stays lit until the pedal is up                   ok
ui:   with a key held and the sequencer's notes: all of them lit               ok
ui:   the layer's map and the DRUM grid keep their keys over the MIDI notes    ok
ui: SCL KNOB 3 QNT: OFF SNAP WHITE SEQ, SEQ last (default OFF)                 ok
ui: QNT SEQ: the keys snap as SNAP; C#4 F#4 of a step play C4 F4 in C major, the step keeps C#4 F#4 ok
ui: QNT SEQ saved and loaded with the project                                  ok
ui: HOME: its button lit, ENV and PLAY (stopped) glow, the keys glow, none lit ok
ui: a key held lit over the glow; PLAY running: its green, its own LED dark    ok
ui: a layer's map: the keys lit or dark (no glow), the buttons still glow      ok
ui: LEDS INV: the page's button, PLAY running and a key held go dark, the rest lit, no glow ok
ui: LEDS INV: the layer's button breathes (not inverted); a layer's map stays lit / dark as in DIM ok
ui: #119 FX GLO SCL EDIT, held and locked, every LEDS mode: the keys that can be pressed breathe ok
ui:   ..held / in effect lit, never the glow, the layer's button breathes, steady over time ok
ui:   ..closed: nothing breathes                                               ok
ui:   ..the breath's peak follows LEDS (DIM LO ~30 % of lit, else ~60 %)       ok
ui: #119 a dialog: OCT+ breathes (not lit, not the glow), OCT- lit (INV: dark), every LEDS mode ok
ui: STEP piano roll, stopped, LEDS OFF: buttons and keys as the mode says (1 lit, 0 glow) ok
ui:   the mid level: the grid's beats in DIM HI / LO only, never a lit key     ok
ui: STEP piano roll, stopped, LEDS DIM LO: buttons and keys as the mode says (1 lit, 26 glow) ok
ui:   the mid level: the grid's beats in DIM HI / LO only, never a lit key     ok
ui: STEP piano roll, stopped, LEDS DIM HI: buttons and keys as the mode says (1 lit, 26 glow) ok
ui:   the mid level: the grid's beats in DIM HI / LO only, never a lit key     ok
ui: STEP piano roll, stopped, LEDS INV: buttons and keys as the mode says (26 lit, 0 glow) ok
ui:   the mid level: the grid's beats in DIM HI / LO only, never a lit key     ok
ui: STEP piano roll, playing, LEDS OFF: buttons and keys as the mode says (1 lit, 0 glow) ok
ui:   the mid level: the grid's beats in DIM HI / LO only, never a lit key     ok
ui: STEP piano roll, playing, LEDS DIM LO: buttons and keys as the mode says (1 lit, 26 glow) ok
ui:   the mid level: the grid's beats in DIM HI / LO only, never a lit key     ok
ui: STEP piano roll, playing, LEDS DIM HI: buttons and keys as the mode says (1 lit, 26 glow) ok
ui:   the mid level: the grid's beats in DIM HI / LO only, never a lit key     ok
ui: STEP piano roll, playing, LEDS INV: buttons and keys as the mode says (26 lit, 0 glow) ok
ui:   the mid level: the grid's beats in DIM HI / LO only, never a lit key     ok
ui: STEP DRUM grid, stopped, LEDS OFF: buttons and keys as the mode says (2 lit, 4 glow) ok
ui:   the mid level: the grid's beats in DIM HI / LO only, never a lit key     ok
ui: STEP DRUM grid, stopped, LEDS DIM LO: buttons and keys as the mode says (2 lit, 23 glow) ok
ui:   the mid level: the grid's beats in DIM HI / LO only, never a lit key     ok
ui: STEP DRUM grid, stopped, LEDS DIM HI: buttons and keys as the mode says (2 lit, 23 glow) ok
ui:   the mid level: the grid's beats in DIM HI / LO only, never a lit key     ok
ui: STEP DRUM grid, stopped, LEDS INV: buttons and keys as the mode says (2 lit, 4 glow) ok
ui:   the mid level: the grid's beats in DIM HI / LO only, never a lit key     ok
ui: STEP DRUM grid, playing, LEDS OFF: buttons and keys as the mode says (3 lit, 3 glow) ok
ui:   the mid level: the grid's beats in DIM HI / LO only, never a lit key     ok
ui: STEP DRUM grid, playing, LEDS DIM LO: buttons and keys as the mode says (3 lit, 22 glow) ok
ui:   the mid level: the grid's beats in DIM HI / LO only, never a lit key     ok
ui: STEP DRUM grid, playing, LEDS DIM HI: buttons and keys as the mode says (3 lit, 22 glow) ok
ui:   the mid level: the grid's beats in DIM HI / LO only, never a lit key     ok
ui: STEP DRUM grid, playing, LEDS INV: buttons and keys as the mode says (3 lit, 3 glow) ok
ui:   the mid level: the grid's beats in DIM HI / LO only, never a lit key     ok
ui: DRUM grid beats, LEDS OFF: steps 1 9 13 glow (nothing else does), the hits 3 5 lit ok
ui: DRUM grid beats, LEDS DIM LO: steps 1 9 13 at the mid level over the glow, the hits 3 5 lit ok
ui: DRUM grid beats, LEDS DIM HI: steps 1 9 13 at the mid level over the glow, the hits 3 5 lit ok
ui:   another lane, LEN 12, DIV, the playhead, page 2: the beats as the steps show ok
ui: DRUM grid beats, LEDS INV: steps 1 9 13 glow (nothing else does), the hits 3 5 lit ok
ui: #127 SCALE LEDS OFF (the default): every key glows as before               ok
ui: #127 MENU > CONTROL > SCALE LEDS ON (a bit of its own); C major: the white keys, the root C4 C5 ok
ui: #127 LEDS OFF: the scale glows, the root brighter; the keys held lit over it ok
ui: #127 LEDS DIM LO: the scale glows, the root brighter; the keys held lit over it ok
ui: #127 LEDS DIM HI: the scale glows, the root brighter; the keys held lit over it ok
ui: #127 LEDS INV: root lit, the scale mid, the others glow; the keys held dark ok
ui: #127 the keys as they play: ROOT D, TRN +2                                 ok
ui: #127 QNT SNAP: the keys of the scale; QNT WHITE: all the white keys, its roots; CHR: every key ok
ui: #127 a layer, a DRUM track (its keys as before) and the DRUM grid keep their own LEDs ok
ui: #127 SCALE LEDS OFF again: the bit clears                                  ok
ui: SCREEN OFF: MENU > DISPLAY row, NEVER 5 15 30 60 MIN, NEVER by default (stored 0, 1.1.5.1) ok
ui: SCREEN OFF: 30 MIN untouched -> DISPOFF + SLPIN once; dark: nothing drawn  ok
ui: SCREEN OFF: a button wakes it (SLPOUT, 120 ms, the page redrawn, DISPON), swallowed ok
ui: SCREEN OFF: HOME held to wake: no menu, no HOME tap after                  ok
ui: SCREEN OFF: SAVE held to wake: no undo, no SAVE page                       ok
ui: SCREEN OFF: REC held to wake: nothing armed, no clear, no transport        ok
ui: SCREEN OFF: a key wakes it silently (no note on, none off), the next one plays ok
ui: SCREEN OFF: a knob wakes it; turns until it rests 0.3 s change nothing (K1..4, PRESETS, ALGO, SELECT) ok
ui: SCREEN OFF: NEVER stays on for hours; 5 MIN goes dark after 5; PLAY to wake starts nothing ok
ui: SCREEN OFF: a dialog, the count-in, UPDATE MODE keep it on and wake it; the crash screen at once ok
ui: SCREEN OFF: saved with the settings (0, 1.1.5's 30 MIN, and unknown = NEVER) ok
ui: SCREEN OFF: the MENU row steps NEVER .. 60 MIN (OCT-/+, any knob), stops at the ends ok
ui: SCREEN OFF: the sound bit for bit as with NEVER while dark (sequencer playing) ok
ui: VIZ: HOME tapped on HOME opens SCOPE; again the next of 12; past CLOCK: HOME, then SCOPE again ok
ui: VIZ: a page button leaves for its page; HOME from a page: HOME, then the visualiser shown last ok
ui: VIZ: HOME held opens the MENU; closed, the visualiser again                ok
ui: VIZ: the keys play, KNOB 1..4 are HOME's, SELECT the tempo; it stays       ok
ui: VIZ SPECTRUM: a 1 kHz tone peaks in bin 23's band, 5 kHz in bin 116's; -60 dB shows nothing ok
ui: VIZ: a forced frame draws the whole picture, then a band a frame; SCOPE's trace in both ok
ui: VIZ: each of the twelve draws something, playing or stopped                ok
ui: VIZ: the screen stays on while one shows; off HOME, SCREEN OFF as before   ok
ui: VIZ: its name shows for a moment; a layer's map over it, then the visualiser again ok
ui: MENU > CONTROL > SELECT PAGES: SELECT turns the pages (HOME, every visible page, HOME); GLO + SELECT the tempo ok
ui: SONG: the first four white keys append A B C D (tap A B B C: A, B x2, C); past x16 a new row; 16 rows: SONG FULL; elsewhere the keys only play ok
ui: FM6 charts: the 32 algorithms' routes, carriers and feedback operator equal fm6_core.c's ok
ui: FM6 charts: carriers on the bottom row, modulators a row up, one per cell, at most 4 rows ok
ui: power-on: track 2 is FM6 PAD (TRK_DEF, was DIGITAL PAD)                    ok
ui: PRESETS: the list holds every engine's presets but DIGITAL's               ok
ui: PRESETS KNOB 2: the engines in order, DIGITAL skipped, back to the first   ok
ui: engines shown ANALOG FM6 PHASE ... NOISE SLICE DRUM (ENGINE_ORDER); PRESETS lists them so ok
ui: a DIGITAL user preset loads as FM6: the converted patch its own (SLOT OWN), preset = FM6 PAD ok
ui:   .. and the main loop keeps that patch (not a factory one)                ok
ui:   the record stays DIGITAL in the bank, listed with FM6's sounds (EDIT KNOB 2) ok
ui:   saved again: an FM6 user preset with SLOT OWN and the converted patch beside it ok
ui:   .. which loads back: the same patch, SLOT OWN                            ok
ui: engine 1 asked for: DIGITAL E.PIANO converted (FM6, PTCH TINE EP, the patch named E.PIANO) ok
ui: a DIGITAL preset number (apply_preset_to): its sound converted (BELL)      ok
ui: a track left on engine 1 any other way: the main loop converts it (BASS -> FM BASS) ok
ui: favourites: DIGITAL PAD / FUNK KEY -> FM6 PAD / PLUCK, engine 1's cleared  ok
ui: all passed
== UI renders: layout lint (every screen and palette, every page, engine and column value), GREY gray, MONO neutral, alignment by ink (1 px fails), draw cost
ui_render: the splash shows the version v1.1.5-EDDA (FELUCCA_VERSION) and its lines
ui_render: 166 screens x 11 palettes + the page/value sweep; 0 lint findings, 262 ellipsised free texts (14 distinct), 0 inks on their own colour, 0 GREY / MONO pixels off gray / neutral; report build/ui_new/report.txt
ui_render: alignment: 2407853 measurements of 81 places, 0 off by 1 px or more
ui_render: PNGs in build/ui_new/<palette>/ and build/ui_new/sheet_<palette>.png
ui_render: rolling-digit filmstrips in build/ui_slot/*.png
== UI built with FELUCCA_FM4=1 (DIGITAL, kept in the tree): its OP pages, EDIT cycle, algorithm charts
ui: the L face holds every glyph of the strings drawn in it                    ok
ui: power-on: the four sounds, every sequencer empty, no undo copy             ok
ui: PRESETS on HOME loads the sound: steps, LEN, DIV untouched                 ok
ui: ..ARP, SCL, the SLICER and the mix stay the track's                        ok
ui: ..and no warning about the sequence                                        ok
ui: RAVE (an ARP preset) leaves the arp off; it suggests pattern 13 ARP        ok
ui: browsing on, into another engine: the steps still untouched                ok
ui: browsing keeps the copy from before the first load                         ok
ui: SAVE held: the sound back (UNDO/REDO T1); steps recorded since stay        ok
ui: SAVE held does not open the SAVE pages                                     ok
ui: SAVE held again: the loads again (redo)                                    ok
ui: a load after the undo: its own copy; the mix (LEVEL) is never swapped      ok
ui: SAVE tap opens the SAVE pages (on release)                                 ok
ui: TOOLS INIT: the sound only (steps and SLICER kept), a copy of T2           ok
ui: a user preset keeps its pattern in the record (format unchanged)           ok
ui: a user preset load: the sound only (steps, DIV kept); the copy is now T1's ok
ui: undo of a user preset load                                                 ok
ui: a project load drops the copy and takes none                               ok
ui: SAMPLE factory browsing has four melodic presets and no PERC               ok
ui: SAMPLE: old SET 1 / preset 1 (TRANH) play PIANO; browsing and knobs skip them ok
ui: SAMPLE / GRAIN SET 4 (PERC, retired): a PIANO alias, knobs skip it, USR1..3 stay 5..7, USR4 is 8, THE ARRIVAL's EKIT LOG 9 10 (EDDA OS) ok
ui: saved SAMPLE PERC project: a DRUM track (its kit), the rest of the sound and every step kept ok
ui:   its GM hits play as drums (kick, snare, closed hat on their lanes)       ok
ui: SAMPLE PERC user preset: loads as a DRUM track (its kit)                   ok
ui:   its GM hits play as drums                                                ok
ui: factory preset 4 of another engine stays that engine's                     ok
ui: SAMPLE preset 4 (once PERC): DRUM's kit                                    ok
ui: old GM projects (the drum part) load as DRUM's kit, their mix and steps kept ok
ui:   their GM hits play as drums                                              ok
ui:   its old drum channel (10, in id 24) loads as REVERB TYPE ROOM            ok
ui: undo copy 1340 bytes
ui: SEQ > PHRASES is a SEQ page                                                ok
ui: KNOB 2 loads nothing (the knobs only pick)                                 ok
ui: LOAD into an empty sequencer: at once, LOADED 01 ACID                      ok
ui: ..the sound and the track's settings untouched                             ok
ui: a loaded pattern, untouched: the next one without asking (03 MELODY)       ok
ui: SAVE held: back past both loads (empty again), the sound untouched         ok
ui: edited steps: the REPLACE T1 SEQUENCE? dialog                              ok
ui: OCT- keeps them                                                            ok
ui: OCT+ loads (12 BEAT), then HOLD SAVE: UNDO                                 ok
ui: SAVE held: the user's steps and LEN back                                   ok
ui: user presets with a pattern are listed after the factory ones              ok
ui: LOAD U06: its 16 steps, LEN 16 (at most), DIV and SWING                    ok
ui: over a project's steps: the dialog                                         ok
ui: PRESETS: a factory preset's suggested pattern becomes the pick             ok
ui: REC on TRACKS: arms the selected track, PLAY starts                        ok
ui: REC again disarms (the transport runs on)                                  ok
ui: REC held: its layer, closed when let go; no dialog, the arming as it was   ok
ui: #133 REC on SEQ > STEP: arms the selected track for step recording, PLAY does not start ok
ui: REC again disarms (the transport runs on)                                  ok
ui: REC held: its layer, closed when let go; no dialog, the arming as it was   ok
ui: REC on ARP: arms the selected track, PLAY starts                           ok
ui: REC again disarms (the transport runs on)                                  ok
ui: REC held: its layer, closed when let go; no dialog, the arming as it was   ok
ui: REC on HOME records without changing the screen                            ok
ui: SEQ opens STEP                                                             ok
ui: STEP, armed and playing: a key does not write the cursor step              ok
ui: #133 STEP, not armed: the key only plays (nothing written, the cursor stays) ok
ui: #133 STEP, armed and stopped: the key writes the cursor step (and moves on) ok
ui: ARP on: the key held is not recorded                                       ok
ui: ARP on: the note the arp plays is recorded                                 ok
ui: #133 STEP, not armed, stopped: a key sounds, writes nothing, the cursor stays ok
ui: #133 STEP, not armed, playing: nothing written either                      ok
ui: #133 another track armed: the selected track's STEP writes nothing         ok
ui: #133 REC on STEP arms step recording: stopped, KEYS WRITE STEPS            ok
ui: #133 armed, stopped: a key writes its note into the cursor step (only), letting go moves on one ok
ui: #133 keys held together: one chord step (POLY), the cursor moves on once all are up ok
ui: #133 MONO: one note, the last key                                          ok
ui: #133 the last step of LEN 8: written, the cursor wraps to step 1           ok
ui: #133 PLAY with the track armed: live recording at the play head (the cursor and its step stay) ok
ui: #133 REC again disarms: the keys only play, nothing written                ok
ui: #133 the DRUM grid unchanged: white keys toggle steps armed or not, REC from stop starts PLAY ok
ui: #133 STEP, not armed, stopped: a key sounds, writes nothing, the cursor stays ok
ui: #133 STEP, not armed, playing: nothing written either                      ok
ui: #133 another track armed: the selected track's STEP writes nothing         ok
ui: #133 REC on STEP arms step recording: stopped, KEYS WRITE STEPS            ok
ui: #133 armed, stopped: a key writes its note into the cursor step (only), letting go moves on one ok
ui: #133 keys held together: one chord step (POLY), the cursor moves on once all are up ok
ui: #133 MONO: one note, the last key                                          ok
ui: #133 the last step of LEN 8: written, the cursor wraps to step 1           ok
ui: #133 PLAY with the track armed: live recording at the play head (the cursor and its step stay) ok
ui: #133 REC again disarms: the keys only play, nothing written                ok
ui: #133 the DRUM grid unchanged: white keys toggle steps armed or not, REC from stop starts PLAY ok
ui: #92 PRESETS on STEP, PATTERN, CHANCE, AUTOMATION: the step cursor; the sound and the steps stay ok
ui: #94 PRESETS on USER, PROJECT, ARRIVAL, PHRASES, SONG: the selection (KNOB 1's); nothing loaded ok
ui: #94 PRESETS on TOOLS does nothing                                          ok
ui: #94 PRESETS elsewhere (EDIT, ENV, LFO, FX, SCL, ARP, MIXER, GLOBAL, ...): the next sound, the steps stay ok
ui: #94   SAVE held undoes each of those loads                                 ok
ui: #92 the DRUM grid: PRESETS moves the cursor (and the page), as KNOB 1; wraps ok
ui: #94 the menu: PRESETS still moves the selection                            ok
ui: ROUT CH1-4 (default): channel 1 -> part 1, channel 10 ignored              ok
ui: a note into another track tells the UI                                     ok
ui: MIDI IN -> T1 shown                                                        ok
ui: ROUT changes: note-off releases original owner, new note uses selection    ok
ui: note-off after selection follows the note-on's track                       ok
ui: same MIDI channel/pitch on a new selected track releases its old owner     ok
ui: both note-offs after a MIDI ownership change leave neither track held      ok
ui: same channel/pitch across a ROUT change cannot leave its previous part held ok
ui: MIDI ownership transfer releases old ARP keys and respects explicit HOLD   ok
ui: MIDI ownership transfer releases old ARP keys and respects explicit HOLD   ok
ui: MIDI overflow releases held notes and latched ARP, keeps transport running ok
ui: MIDI accepts a fresh note after overflow recovery                          ok
ui: GLO > SYSTEM K3: ROUT CH1-4 / SEL                                          ok
ui: SAVE opens USER with SAVE selected, without writing a slot                 ok
ui: SAVE then OCT+ opens NAME (the automatic name), writes nothing yet         ok
ui: ..OCT+ again stores the edited sound with that name (SAVE, OCT+, OCT+)     ok
ui: SAVE again still cycles to PROJECT                                         ok
ui: SAVE from HOME returns directly to USER, even after visiting PROJECT       ok
ui: direct SAVE still asks before overwriting an occupied slot                 ok
ui: project save while playing: refused, STOP TO SAVE                          ok
ui: user preset save while playing: refused                                    ok
ui: a pending PLAY cannot save a project                                       ok
ui: a pending PLAY cannot save a user preset                                   ok
ui: a pending SONG cannot save a user preset                                   ok
ui: PROJECT KNOB 4 picks SAVE, saves nothing                                   ok
ui: OCT+ while playing: STOP TO SAVE, no NAME                                  ok
ui: stopped, an empty slot: OCT+ opens NAME (no name yet: PROJECT A)           ok
ui: ..OCT+ saves it unnamed, SAVE dropped                                      ok
ui: a used slot: the OVERWRITE? dialog                                         ok
ui: OCT- keeps the slot                                                        ok
ui: OCT+ (YES): NAME, the slot not written yet                                 ok
ui: OCT+ overwrites it                                                         ok
ui: KNOB 3 LOAD, OCT+: the project back; LOAD stays picked                     ok
ui: USER SAVE over a used slot: the OVERWRITE? dialog                          ok
ui: YES: NAME with the sound's name (not the old slot's)                       ok
ui: OCT+ stores the sound there                                                ok
ui: USER ERASE while playing: STOP TO SAVE                                     ok
ui: HOME: OCT+ shifts the octave (lit)                                         ok
ui: PATTERNS: OCT+ breathes (a pattern to load), OCT- lit                      ok
ui: ..OCT+ loads it, the octave stays                                          ok
ui: ..the same pattern again would change nothing: OCT+ dark                   ok
ui: ..another one picked: OCT+ breathes again                                  ok
ui: ..the footer: OCT+ LOAD / OCT- BACK                                        ok
ui: OCT- + OCT+ together: no load, no HOME, no octave change                   ok
ui: a press that began elsewhere does not load                                 ok
ui: PATTERNS: OCT- goes HOME (the octave stays)                                ok
ui: TOOLS: nothing picked, OCT+ dark                                           ok
ui: KNOB 1 picks CLEAR, the steps stay; OCT+ breathes                          ok
ui: ..the footer: OCT+ CLEAR / OCT- CANCEL                                     ok
ui: KNOB 1 left drops it                                                       ok
ui: OCT- cancels the pick (still on TOOLS)                                     ok
ui: TOOLS CLEAR first asks confirmation                                        ok
ui: OCT+ clears the pattern, the pick dropped                                  ok
ui: nothing to clear: OCT+ dark                                                ok
ui: TOOLS INIT first asks confirmation                                         ok
ui: KNOB 2 INIT, OCT+: SOUND INIT                                              ok
ui: OCT- with nothing picked: HOME                                             ok
ui: a dialog: OCT+ breathes, OCT- lit                                          ok
ui: ..it answers on release, not on the press                                  ok
ui: ..OCT+ let go: cleared                                                     ok
ui: back on SEQ: the octave LEDs again                                         ok
ui: #94 MIXER: the PRESETS knob loads the next sound; the steps and the mix stay ok
ui: #94 MIXER: SAVE held undoes it                                             ok
ui: MIXER KNOB 4 right: MUTE ON (the selected track stays)                     ok
ui: KNOB 1 changes LEVEL only (MUTE stays)                                     ok
ui: KNOB 2 changes PAN                                                         ok
ui: MIXER KNOB 4 left: MUTE OFF                                                ok
ui: ALGORITHM selects the track                                                ok
ui: SEQ > STEP on a DRUM track is the grid (keys to the UI), GRID in the footer ok
ui: the lanes: KICK SNARE CLAP HATCL HATOP TOM RIM BELL on GM 36 38 39 42 46 45 37 56 ok
ui: black key 2: lane 2 (SNARE) selected                                       ok
ui: white key 5: SNARE on step 5, the cursor there                             ok
ui: LEDs: white key 5 lit, black key 2 lit, ACC and the page keys dark (LEN 16) ok
ui: LEDs: the step playing inverted (a hit goes dark, an empty step lights)    ok
ui: white key 5 again: off, an empty step (REST)                               ok
ui: ACC held: a tap adds the hit accented, again drops the accent only; the LEDs show accents ok
ui: KNOB 1 STEP, 2 LANE, 3 HIT on / off, 4 ACC (an accent adds the hit)        ok
ui: EDIT: the cursor step cleared, on to the next                              ok
ui: pages: black keys 11 / 10 up / down (the cursor along); past LEN a key does nothing ok
ui: GM notes on the grid: a low tom / crash on their lanes; an edit makes the lane its hit ok
ui: grid keys in the ISR: white keys and ACC silent, black key 4 plays HAT CL (42) ok
ui: REC on the grid: lane keys record hits, quantised (the next step late), no TIE holds ok
ui: REC on HOME: GM keys quantised into the grid (35 a note on the KICK lane)  ok
ui: PATTERNS 12 BEAT into a DRUM track: the grid (hits, the accents on 1 5 9 13) ok
ui: ..its KICK lane on the white key LEDs (1 7 9 12)                           ok
ui: a sound load keeps the grid; on ANALOG its hits play as their GM notes     ok
ui: BEAT over the user's steps: the dialog, then SAVE held brings them back    ok
ui: HOME held (the menu): the keys are no longer the grid's                    ok
ui: a message keeps the header's transport and BPM (drawn right of x 80)       ok
ui: UPDATE MODE countdown drawn over the menu                                  ok
ui: FAV and LIST mark/filter the current sound without loading or touching its steps ok
ui: one favorite occupies one display row, without repeated copies             ok
ui: a DRUM sound can be a favorite on any track                                ok
ui: filtered browsing crosses DRUM and synth sounds while retaining the track's pattern and ARP ok
ui: unmarking the current sound leaves it loaded even when outside the filtered list ok
ui: browsing from a nonfavorite selects the last favorite                      ok
ui: empty favorites explains LIST ALL and retains the current sound and steps  ok
ui: LIST ALL restores the full browser without an implicit load                ok
ui: user slot 32 has its own favorite reference                                ok
ui: overwriting or renaming a user slot retains its star                       ok
ui: successful erasure removes the user slot star and source label             ok
ui: reusing the erased slot does not restore its old star                      ok
ui: COLOR OCT+ previews the next palette (PAPER, light) without closing the menu ok
ui: COLOR KNOB 1 steps on to HI-CON, NIGHT (#50: true black), MONO (1.0.2: black and white), then wraps to GREY ok
ui: the expanded menu retains all three SPEAKER modes (OCT+ / OCT- step them, stopping at the ends) ok
ui: #42 SPEAKER EQ: FLAT (old OFF) / LOWCUT / BASS+ on KNOB 1, fx_lowcut follows ok
ui: HOME leaves display preferences without changing musical state (OCT- no longer closes) ok
ui: MENU tabs: DISPLAY CONTROL AUDIO EDDA SYSTEM (6 6 5 6 4 rows), 1..6 each in a run, fit the page; tab gaps constant (S, LARGE) ok
ui: MENU: PRESETS moves within the tab and wraps there (COLOR .. SCREEN OFF)   ok
ui: MENU: ALGORITHM steps between the tabs and wraps, each tab back at its last row ok
ui: MENU: any of KNOB 1..4 changes the selected row's value in any tab, the menu stays ok
ui: MENU: OCT+ / OCT- step every value row up / down (COLOR wraps, the rest stop), the menu stays ok
ui: MENU: on an ON / OFF row OCT+ / a knob right is ON, OCT- / left OFF (ANIM, USB SERIAL, RESTORE LAST too) ok
ui: MENU: HOME pressed closes it, held too (no reopen); held opens it again at the same tab and row ok
ui: MENU SYSTEM: OCT+ opens ABOUT (OCT- back to the tab) and CALIBRATION; OCT- does nothing on them ok
ui: MENU: HOME closes ABOUT too; reopened at the tabs; a value row breathes OCT- / OCT+ where they can go ok
ui: MENU tabs slide with ANIM ON (their strip only, settled within 6 frames), snap with ANIM OFF ok
ui: ABOUT opens one document with scrollable license text and credits          ok
ui: ABOUT QR keeps its complete white quiet zone above the fixed footer        ok
ui: PRESETS scrolls ABOUT with its header and controls fixed                   ok
ui: PRESETS continues from ABOUT into CREDITS without changing pages           ok
ui: OCT+ does not switch pages or alter the octave in the document             ok
ui: the continuous document stops at its final credit                          ok
ui: scrolling back through CREDITS returns to ABOUT's top                      ok
ui: OCT- returns to the menu without changing sounds or patterns               ok
ui: reopening ABOUT starts the continuous document at the top                  ok
ui: USB power shows a steady bolt inside the battery without animation         ok
ui: USB suspension restores the battery outline and measured level             ok
ui: battery operation retains all three ADC level thresholds                   ok
ui: SONG empty: PLAY does not start                                            ok
ui: SONG missing source: refuses before changing any track                     ok
ui: SONG rows saved and loaded with their project                              ok
ui: SONG prepares while stopped, no starts over a pending start                ok
ui: SONG starts all tracks at source step 0, recording paused                  ok
ui: SONG first row repeats without a gap                                       ok
ui: SONG row change: four tracks together, sounds unchanged                    ok
ui: SONG playing: step edits, clears, recording and undo are blocked           ok
ui: SONG end: stops and restores editable patterns, timing and record arms     ok
ui: SONG source projects stay unchanged                                        ok
ui: SONG transition preserves fractional block time on all tracks              ok
ui: SONG manual STOP restores the previous pattern                             ok
ui: PROJECT load during SONG stops it before loading new timing                ok
ui: SONG page empty PLAY explains how to start                                 ok
ui: SONG SLOT knob adds the first row with one repeat                          ok
ui: SONG row, slot and repeat knobs build a chain                              ok
ui: SONG OCT chord does not start playback or leave the page                   ok
ui: SONG OCT+ on release starts, pending start blocks SAVE                     ok
ui: SONG pending start cannot write a project                                  ok
ui: SONG PLAY cancels a pending start                                          ok
ui: SONG unused K4 cannot accidentally add or clear rows                       ok
ui: SONG append row stays bounded at 16                                        ok
ui: CLEAR SONG requires explicit confirmation                                  ok
ui: cancel preserves the full song                                             ok
ui: confirmed CLEAR SONG keeps musical steps                                   ok
ui: REC stays on every page, SONG stopped asks for pattern recording (STEP: step recording, stopped) ok
ui: REC in the MENU does nothing (the menu stays, no arm, no transport start)  ok
ui: REC in ABOUT does nothing (the document and its scroll stay)               ok
ui: GLO directly opens the four-channel MIXER                                  ok
ui: MIXER K3 edits reverb, never sequence length                               ok
ui: GLO cycles MIXER > GLOBAL > SYSTEM > MIXER                                 ok
ui: long SEQ goes directly to SONG with no tap on release                      ok
ui: REC cannot write borrowed patterns while SONG is armed                     ok
ui: operator envelope pages are hidden on non-DIGITAL instruments              ok
ui: DIGITAL exposes four envelopes and independent operator levels             ok
ui: operator envelope K1 edits only OP1 attack                                 ok
ui: changing to a non-FM track leaves the stale operator page                  ok
ui: CHANCE is per step and starts at backward-compatible 100 percent           ok
ui: CHANCE controls clamp to 0..100 without changing adjacent steps            ok
ui: REC plus a sound knob records motion through the UI                        ok
ui: stopping returns the original sound after a recorded knob gesture          ok
ui: #93 the page is AUTOMATION (GR_MOTION inside)                              ok
ui: MOTION playback OFF preserves its stored events                            ok
ui: MOTION clear always asks confirmation                                      ok
ui: #93   the dialog asks CLEAR T1 AUTOMATION?                                 ok
ui: confirmed MOTION clear removes events and SAVE hold restores them          ok
ui: motion-clear UNDO restores the recorded events                             ok
ui: #93 the events used up: AUTOMATION FULL                                    ok
ui: MOTION: a recorded knob marks its HOME card (and no other)                 ok
ui: MOTION: PLAY OFF takes the icon off the card, the events stay              ok
ui: MOTION: PLAY ON again shows it; only on the track that has the motion      ok
ui: MOTION: a mix parameter's event marks its MIXER card (PAN)                 ok
ui: MOTION: CLEAR takes the icon off every card                                ok
ui: PLAY's green and REC LEDs stay lit across time and audio block phase       ok
ui: the power-on LED sweep: the UI leaves the LEDs alone while it runs, takes them after ok
ui: all palettes: active column is subtle, stable-size, no zoom over graph     ok
ui: sample waveform is bounded, matches audio IMA decode and leaves voices intact ok
ui: GREY: every pixel of every page, HOME, menu, ABOUT, dialog and countdown is gray ok
ui: MONO (black and white): every pixel of every page, HOME, menu, ABOUT, dialog and countdown is neutral ok
ui: roll: numbers of one shape roll by the sign of the change; names, length, sign changes snap ok
ui: roll: every page and engine: a name (enum, even ALG 1..8, note, ON/OFF) snaps, numbers roll ok
ui: roll: a card's value rolls for 9 frames (TUNE 0 -> 1), the value itself at once ok
ui: roll: the roll's last frame is pixel-identical to the static render        ok
ui: roll: a mid-roll frame differs from the static render inside the value strip only ok
ui: roll: header BPM 120 -> 121 and a card 10 -> 11: only the strip changes, unchanged digits stay put ok
ui: roll: an increase rolls up, a decrease down (-5 -> -6 is down)             ok
ui: roll: a change mid-roll retargets (from the last value, restarted) and ends static ok
ui: roll: a change within 40 ms of the last one snaps (a fast turn)            ok
ui: roll: a sign / length change (0 -> -1) and a name (CLK) snap               ok
ui: roll: a page, track, palette or engine change and ui.force snap            ok
ui: roll: MONO roll frames are gray                                            ok
ui: #63 soak: 150000 random frames, wrapping clocks, motion: no roll lasts, cards = a forced redraw ok
ui: duplicate button mappings recover to the default panel                     ok
ui: duplicate knob mappings recover to the default panel                       ok
ui: out-of-range panel data recovers without an invalid shift                  ok
ui: a valid reversed knob mapping is retained                                  ok
ui: FX tap: nothing on press, the FX page when let go                          ok
ui:   a second tap: the next page of the family (SLICER)                       ok
ui:   held 0.35 s (HOLD 0.4): still a tap, the map never shown                 ok
ui: FX held past 0.4 s: the map (not before); let go: no page, the map gone    ok
ui: menu HOLD 0.6 s (KNOB 1): FX held 0.5 s is a tap, no map                   ok
ui:   HOLD is saved with the settings and read back                            ok
ui: menu LEDS: DIM HI by default; KNOB 1 OFF < DIM LO < DIM HI < INV (stops at the ends), OCT+ / OCT- the same; a change from the editor redraws the shown MENU ok
ui:   LEDS is saved with the settings and read back (all four); DIM HI saves the field as before (0) ok
ui: FX + a key: the map at once; no voice, no MIDI, no recording, no step written ok
ui:   the key let go: its effect off, no note-off sent                         ok
ui:   FX let go after a combo: no tap, the map gone                            ok
ui: FX let go first: the key holds its effect and the map; a new key is a note ok
ui: FX + G4 / A4: OCT UP / OCT DN held, silent, no MIDI; KNOB 4 turns; B4 nothing; FX let go: K4 back to 0 ok
ui: REVERB page: TYPE ROOM -> SPRING on KNOB 1 (SIZE, DAMP beside it); a project keeps SPRING ok
ui:   CHORUS page: CRT CDP                                                     ok
ui: a key held before FX stays a note: note-on, note-off, nothing left held    ok
ui: FX + KNOB 1 / 2: the macros, not ATK, not recorded; FX let go: back to 0, no tap ok
ui: in the layer: PLAY plays; SAVE (tap and hold), ENV, HOME (hold) do nothing ok
ui:   a page button pressed with FX, let go after it: still nothing            ok
ui: ENV LFO SCL ARP GLO EDIT act when let go, not on press (ENV LFO ARP held long: the same) ok
ui: EDIT on STEP clears the step when let go (not on press)                    ok
ui: HOME (menu) and SEQ (SONG) holds of 0.7 s unchanged                        ok
ui: in the menu: no layer, FX + a key plays the key; FX let go: no page        ok
ui: in a dialog: FX held shows no map and taps nothing                         ok
ui: UBOOT countdown over the layer: the map closes, effects off; OCT- + OCT+ untouched ok
ui: map LEDs: held lit, the 10 effects breathe, B4 .. G5 and a too-long REPEAT dark ok
ui: #39 FX / GLO / SCL / EDIT + KNOB 1..4, let go while turning: no page under the layer changes ok
ui:   0.3 s after FX is let go KNOB 1 is ARP MODE again; a knob turned with FX opened no FX page ok
ui:   FX tapped while a knob turns: no FX page, no ARP change                  ok
ui: #102 FX GLO SCL EDIT (held, combo, locked) x KNOB 1..4, detents counted mid-pass: the layer's only ok
ui:   HOME with REC: FX's KNOB 1..4, GLO's KNOB 2..4 record no automation, HOME's sound stays ok
ui:   FX LATCH: FILTER stays after FX is let go, HOME's KNOB 1 never moves; FX + OCT- turns it off ok
ui:   no layer: a detent counted mid-pass is HOME's KNOB 1, once               ok
ui: #40 FX + KNOB 4: DEPTH rises to the right, falls to the left; SHIMR (OCT UP) rises to the right ok
ui:   FX LATCH OFF by default: a key's effect ends when it is let go           ok
ui:   FX LATCH ON: FX + C4 latches LPF, CRUSH stays at 30 after FX is let go   ok
ui:   the FX LED lit while something is on; a mute key latches; C4 again: LPF off ok
ui:   FX + OCT-: every latched effect and macro off (no octave)                ok
ui:   FX LATCH: FX + OCT- quick (before HOLD): all off, no octave, no page     ok
ui:   FX LATCH: FX + OCT- in one frame / held: no octave; OCT- alone: the octave ok
ui:   FX LATCH OFF: FX + OCT- quick / held shifts the octave (no page); FX tap: the FX page; GLO + OCT- quick: put back, no octave ok
ui:   the menu turns the latched effects off; MENU > FX LATCH: OCT+ / KNOB 1 right ON, OCT- / left OFF ok
ui:   FX LATCH saved with the settings; settings from before it: OFF           ok
ui: #83 FX GLO SCL EDIT double tapped: the map stays open with no button held, over the page as it was ok
ui:   a tap of the button closes it, no page opens                             ok
ui:   GLO locked: a black key mutes (silent, no MIDI), KNOB 1 T1 LEVEL, OCT- puts back, still locked ok
ui:   FX locked: a key's effect while held, KNOB 2 CRUSH; closed: the macros snap back ok
ui:   SCL locked: a key sets ROOT, KNOB 2 SCL, the page stays ENV              ok
ui:   EDIT locked: KNOB 1 the engine; INIT's dialog closes the lock            ok
ui:   LFO, HOME, another layer's button, the menu close it (and act as always) ok
ui:   its button held after the lock: a peek, let go closes it; KNOB 1 is ENV's again ok
ui:   unchanged: a tap opens the page, slow taps cycle, a tap then a peek or a combo: no lock ok
ui:   another button between the taps: no lock; PLAY in a locked layer plays, the lock stays ok
ui:   EDIT on STEP (it clears the step): two quick taps clear two steps, no lock ok
ui: REC layer: REC held on STEP PATTERN CHANCE PHRASES SONG AUTOMATION ENV MIXER HOME opens it ok
ui:   no CLEAR dialog any more, nothing armed, cleared or started (#91's hold replaced) ok
ui:   it opens after MENU > HOLD (0.3 .. 0.6 s), not the old 0.7 s             ok
ui:   a tap still arms / disarms when let go (HOME starts PLAY, STEP: step recording) ok
ui:   REC held + PLAY: plays, and REC let go before HOLD still arms (no combo) ok
ui:   a song playing: STOP TO RECORD; REC in another layer still arms / disarms ok
ui: REC + F3: CLEAR T2's sequence at once (no dialog, the key silent), nothing armed ok
ui:   SAVE held undoes the clear                                               ok
ui:   empty: NOTHING TO CLEAR; a song playing: STOP TO EDIT; armed and playing: clears, records on ok
ui: REC + G3 CLICK OFF>REC>ON, A3 COUNT-IN OFF>1 BAR>2 BARS, B3 LEVEL MID>HIGH>LOW: MENU's values ok
ui:   applied at once (click.c, seq.c), saved when the layer closes, kept with the settings ok
ui:   KNOB 1..3 CLICK COUNT-IN LEVEL, stopping at the ends; KNOB 4 nothing; the page untouched ok
ui:   OCT- puts back CLICK and the cleared track; no octave shift              ok
ui:   LEDs: CLEAR breathes (dark when empty), CLICK / COUNT-IN lit when on, LEVEL with the click ok
ui: #83 REC double tapped: locked, the arming as before; keys, knobs, PLAY; a REC tap closes it ok
ui:   playing: the transport stays; in GLO's lock a REC tap arms, GLO stays locked ok
ui: SEQ TOOLS: SEQ held on STEP, PATTERN, CHANCE, AUTOMATION opens the map (no SONG, the page stays) ok
ui:   elsewhere (PHRASES, SONG, MIXER, HOME, ENV) SEQ held opens SONG, no map  ok
ui:   a tap on STEP: the next SEQ page, as always (the hint until the layer was opened) ok
ui:   G3 REVERSE: steps 1..LEN mirrored, C4 + its tie as C4 then the tie, the lock moves with E4 ok
ui:   SAVE held: the reverse undone (steps and the lock)                       ok
ui:   B3 / A3 SHIFT > <: one step round inside LEN (the lock with it); back again: as it was ok
ui:   F3 CLEAR: steps 1..LEN empty (no dialog), past LEN kept, the locks of the steps cleared go ok
ui:   OCT-: the track as the layer opened (steps, locks, LEN); KNOB 1..4 LEN DIV SWING GATE ok
ui:   C4 RANDOM (melodic): the rhythm kept, new notes in the scale near the middle (40 seeds) ok
ui:   D4 COOK x12: each press changes it, the rhythm and the scale kept, "COOKED 12" ok
ui:   SAVE held after COOKs: the last one undone only                          ok
ui:   an empty pattern: COOK says NOTHING TO COOK; RANDOM writes 8ths with rests, in the scale ok
ui:   DRUM RANDOM: kick 3..5 (one on 1), snare on 2 and 4 (+ a ghost), hat 8..12; 60 seeds ok
ui:   DRUM COOK x10: each press changes it, the kick on 1 stays                ok
ui:   E4 BEAT: four on the floor, 2 and 4, 8th hats; black key 3 the lane, B4 FILL 1 / 2 / 4 / none ok
ui:   A4 / G4 / C5: the lane reversed (its accents with it), cleared, at random; the others stay ok
ui:   LEDs: the tools breathe, the lane lit (DRUM); a melodic track: no BEAT, no lane keys ok
ui:   double tapped on STEP: locked over STEP, the keys act; a tap closes it   ok
ui:   while a song plays: STOP TO EDIT, nothing changes                        ok
ui: MENU: ALGORITHM and PRESETS reach every row, each tab a page of its own    ok
ui: #46 MENU > ANIM: ON by default, KNOB 1 right / OCT+ ON, left / OCT- OFF    ok
ui: #46 ANIM OFF: the card values and the header BPM snap (no rolling digits), the frame is static ok
ui: #46 ANIM OFF: the piano roll's view jumps to the notes (ON: it glides)     ok
ui: #46 ANIM saved with the settings; settings from before it: ON              ok
ui: MENU > STYLE: FLAT by default, KNOB 1 / OCT-+ FLAT / LINE, LINE drawn (rules, no SURF) ok
ui:   STYLE saved with the settings and read back; older settings and unknown values: FLAT, PIXEL: LINE (idempotent) ok
    head stopped    x   4.. 19 ink rows  4..19 centre 12.0 (+0.0)
    head stopped    x  74.. 83 ink rows  7..16 centre 12.0 (+0.0)
    head stopped    x  90..101 ink rows  5..18 centre 12.0 (+0.0)
    head stopped    x 107..111 ink rows  6..16 centre 11.5 (-0.5)
    head stopped    x 115..132 ink rows  5..16 centre 11.0 (-1.0)
    head stopped    x 216..235 ink rows  7..16 centre 12.0 (+0.0)
    head play+REC   x   4.. 19 ink rows  4..19 centre 12.0 (+0.0)
    head play+REC   x  23.. 32 ink rows  7..16 centre 12.0 (+0.0)
    head play+REC   x  76.. 83 ink rows  7..16 centre 12.0 (+0.0)
    head play+REC   x  90..101 ink rows  5..18 centre 12.0 (+0.0)
    head play+REC   x 107..111 ink rows  6..16 centre 11.5 (-0.5)
    head play+REC   x 115..132 ink rows  5..16 centre 11.0 (-1.0)
    head play+REC   x 216..235 ink rows  7..16 centre 12.0 (+0.0)
    head song       x   4.. 19 ink rows  4..19 centre 12.0 (+0.0)
    head song       x  70.. 83 ink rows  5..18 centre 12.0 (+0.0)
    head song       x  90..101 ink rows  5..18 centre 12.0 (+0.0)
    head song       x 107..111 ink rows  6..16 centre 11.5 (-0.5)
    head song       x 115..132 ink rows  5..16 centre 11.0 (-1.0)
    head song       x 180..193 ink rows  5..18 centre 12.0 (+0.0)
    head song       x 199..207 ink rows  5..17 centre 11.5 (-0.5)
    head song       x 216..235 ink rows  7..16 centre 12.0 (+0.0)
    head message    x   4.. 19 ink rows  4..19 centre 12.0 (+0.0)
    head message    x  78..113 ink rows  7..16 centre 12.0 (+0.0)
    head message    x 117..130 ink rows  7..16 centre 12.0 (+0.0)
    head message    x 134..162 ink rows  7..16 centre 12.0 (+0.0)
    head message    x 216..235 ink rows  7..16 centre 12.0 (+0.0)
    head OCT        x   4.. 19 ink rows  4..19 centre 12.0 (+0.0)
    head OCT        x  76.. 83 ink rows  7..16 centre 12.0 (+0.0)
    head OCT        x  90..101 ink rows  5..18 centre 12.0 (+0.0)
    head OCT        x 107..111 ink rows  6..16 centre 11.5 (-0.5)
    head OCT        x 115..132 ink rows  5..16 centre 11.0 (-1.0)
    head OCT        x 162..185 ink rows  7..16 centre 12.0 (+0.0)
    head OCT        x 191..207 ink rows  5..16 centre 11.0 (-1.0)
    head OCT        x 216..235 ink rows  7..16 centre 12.0 (+0.0)
    head USB        x   4.. 19 ink rows  4..19 centre 12.0 (+0.0)
    head USB        x  74.. 83 ink rows  7..16 centre 12.0 (+0.0)
    head USB        x  90..101 ink rows  5..18 centre 12.0 (+0.0)
    head USB        x 107..111 ink rows  6..16 centre 11.5 (-0.5)
    head USB        x 115..132 ink rows  5..16 centre 11.0 (-1.0)
    head USB        x 216..235 ink rows  7..16 centre 12.0 (+0.0)
    head keycap     x   4.. 19 ink rows  4..19 centre 12.0 (+0.0)
    head keycap     x  89..118 ink rows  5..17 centre 11.5 (-0.5)
    head keycap     x 123..150 ink rows  7..16 centre 12.0 (+0.0)
    head keycap     x 216..235 ink rows  7..16 centre 12.0 (+0.0)
    head REC other  x   4.. 19 ink rows  4..19 centre 12.0 (+0.0)
    head REC other  x  23.. 32 ink rows  7..16 centre 12.0 (+0.0)
    head REC other  x  74.. 83 ink rows  7..16 centre 12.0 (+0.0)
    head REC other  x  90..101 ink rows  5..18 centre 12.0 (+0.0)
    head REC other  x 107..111 ink rows  6..16 centre 11.5 (-0.5)
    head REC other  x 115..132 ink rows  5..16 centre 11.0 (-1.0)
    head REC other  x 216..235 ink rows  7..16 centre 12.0 (+0.0)
    head BPM turn   x   4.. 19 ink rows  4..19 centre 12.0 (+0.0)
    head BPM turn   x  74.. 83 ink rows  7..16 centre 12.0 (+0.0)
    head BPM turn   x  90..101 ink rows  5..18 centre 12.0 (+0.0)
    head BPM turn   x 107..111 ink rows  6..16 centre 11.5 (-0.5)
    head BPM turn   x 115..132 ink rows  5..16 centre 11.0 (-1.0)
    head BPM turn   x 216..235 ink rows  7..16 centre 12.0 (+0.0)
    head BPM LOCK   x   4.. 19 ink rows  4..19 centre 12.0 (+0.0)
    head BPM LOCK   x  74.. 83 ink rows  7..16 centre 12.0 (+0.0)
    head BPM LOCK   x  90..101 ink rows  5..18 centre 12.0 (+0.0)
    head BPM LOCK   x 107..111 ink rows  6..16 centre 11.5 (-0.5)
    head BPM LOCK   x 115..132 ink rows  5..16 centre 11.0 (-1.0)
    head BPM LOCK   x 137..142 ink rows  7..15 centre 11.5 (-0.5)
    head BPM LOCK   x 216..235 ink rows  7..16 centre 12.0 (+0.0)
    head NO SAMPLE  x   4.. 19 ink rows  4..19 centre 12.0 (+0.0)
    head NO SAMPLE  x  79.. 92 ink rows  5..18 centre 12.0 (+0.0)
    head NO SAMPLE  x  98..114 ink rows  7..16 centre 12.0 (+0.0)
    head NO SAMPLE  x 118..161 ink rows  7..16 centre 12.0 (+0.0)
    head NO SAMPLE  x 216..235 ink rows  7..16 centre 12.0 (+0.0)
    head REC layer  x   4.. 19 ink rows  4..19 centre 12.0 (+0.0)
    head REC layer  x  23.. 32 ink rows  7..16 centre 12.0 (+0.0)
    head REC layer  x  96..119 ink rows  5..17 centre 11.5 (-0.5)
    head REC layer  x 124..144 ink rows  7..16 centre 12.0 (+0.0)
    head REC layer  x 216..235 ink rows  7..16 centre 12.0 (+0.0)
    head EDIT lock  x   4.. 19 ink rows  4..19 centre 12.0 (+0.0)
    head EDIT lock  x  87..112 ink rows  5..17 centre 11.5 (-0.5)
    head EDIT lock  x 117..137 ink rows  7..16 centre 12.0 (+0.0)
    head EDIT lock  x 147..152 ink rows  7..15 centre 11.5 (-0.5)
    head EDIT lock  x 216..235 ink rows  7..16 centre 12.0 (+0.0)
    head GLO turn   x   4.. 19 ink rows  4..19 centre 12.0 (+0.0)
    head GLO turn   x  74.. 83 ink rows  7..16 centre 12.0 (+0.0)
    head GLO turn   x  90..101 ink rows  5..18 centre 12.0 (+0.0)
    head GLO turn   x 107..111 ink rows  6..16 centre 11.5 (-0.5)
    head GLO turn   x 115..132 ink rows  5..16 centre 11.0 (-1.0)
    head GLO turn   x 137..142 ink rows  7..15 centre 11.5 (-0.5)
    head GLO turn   x 152..175 ink rows  5..17 centre 11.5 (-0.5)
    head GLO turn   x 180..200 ink rows  7..16 centre 12.0 (+0.0)
    head msg2       x   4.. 19 ink rows  4..19 centre 12.0 (+0.0)
    head msg2       x  47.. 90 ink rows  7..16 centre 12.0 (+0.0)
    head msg2       x  94..107 ink rows  7..16 centre 12.0 (+0.0)
    head msg2       x 111..118 ink rows  7..15 centre 11.5 (-0.5)
    head msg2       x 121..149 ink rows  7..15 centre 11.5 (-0.5)
    head msg2       x 153..183 ink rows  7..16 centre 12.0 (+0.0)
    head msg2       x 187..193 ink rows  7..15 centre 11.5 (-0.5)
    head msg2       x 216..235 ink rows  7..16 centre 12.0 (+0.0)
    head beat 2     x   4.. 19 ink rows  4..19 centre 12.0 (+0.0)
    head beat 2     x  76.. 83 ink rows  7..16 centre 12.0 (+0.0)
    head beat 2     x  90..101 ink rows  5..18 centre 12.0 (+0.0)
    head beat 2     x 107..111 ink rows  6..16 centre 11.5 (-0.5)
    head beat 2     x 115..132 ink rows  5..16 centre 11.0 (-1.0)
    head beat 2     x 216..235 ink rows  7..16 centre 12.0 (+0.0)
    head count-in   x   4.. 19 ink rows  4..19 centre 12.0 (+0.0)
    head count-in   x  23.. 32 ink rows  7..16 centre 12.0 (+0.0)
    head count-in   x  76.. 83 ink rows  7..16 centre 12.0 (+0.0)
    head count-in   x  90..101 ink rows  5..18 centre 12.0 (+0.0)
    head count-in   x 107..111 ink rows  6..16 centre 11.5 (-0.5)
    head count-in   x 115..132 ink rows  5..16 centre 11.0 (-1.0)
    head count-in   x 216..235 ink rows  7..16 centre 12.0 (+0.0)
    head battery 1  x   4.. 19 ink rows  4..19 centre 12.0 (+0.0)
    head battery 1  x  74.. 83 ink rows  7..16 centre 12.0 (+0.0)
    head battery 1  x  90..101 ink rows  5..18 centre 12.0 (+0.0)
    head battery 1  x 107..111 ink rows  6..16 centre 11.5 (-0.5)
    head battery 1  x 115..132 ink rows  5..16 centre 11.0 (-1.0)
    head battery 1  x 216..235 ink rows  7..16 centre 12.0 (+0.0)
    head battery 0  x   4.. 19 ink rows  4..19 centre 12.0 (+0.0)
    head battery 0  x  74.. 83 ink rows  7..16 centre 12.0 (+0.0)
    head battery 0  x  90..101 ink rows  5..18 centre 12.0 (+0.0)
    head battery 0  x 107..111 ink rows  6..16 centre 11.5 (-0.5)
    head battery 0  x 115..132 ink rows  5..16 centre 11.0 (-1.0)
    head battery 0  x 216..235 ink rows  7..16 centre 12.0 (+0.0)
    head BPM 90     x   4.. 19 ink rows  4..19 centre 12.0 (+0.0)
    head BPM 90     x  79.. 88 ink rows  7..16 centre 12.0 (+0.0)
    head BPM 90     x  95..106 ink rows  5..18 centre 12.0 (+0.0)
    head BPM 90     x 111..128 ink rows  5..17 centre 11.5 (-0.5)
    head BPM 90     x 216..235 ink rows  7..16 centre 12.0 (+0.0)
ui: header: every element's ink centred on row 12 (+-1 px), every state, FLAT and LINE, every palette ok
ui: header: three slots: track at 4, BPM / message on x 120, octave to 208, battery 214..236 (GLO with the tempo turned: the label right of the BPM and its lock) ok
ui: header metronome: still on every beat, as stopped                          ok
ui: header metronome: a beat changes nothing in the header                     ok
ui: #48 DIV / RATE / TIME / SLICER RATE step longest -> shortest, every value once, the ends hold ok
ui: #48 the pages' knobs step the divisions by length (SEQ, ARP, DLY, SLICER)  ok
ui: #52 KNOB ACCEL: OFF by default; ON, slow (>= 26 ms a detent) and lone quick detents: 1 step each ok
ui: #52 KNOB ACCEL ON: 20 ms a detent x2, 15 ms x3, 10 ms x4 from a turn's third detent; reversal x1 ok
  #126 a flick of 12 detents over 126 ms on -100..100: 47 steps
ui: #126 KNOB ACCEL ON over a range above 64: 10 ms x5 .. 6 ms x8; a 12-detent flick ~120 ms: 47 ok
ui: #52 KNOB ACCEL: never on narrow values or lists; 20000 random reads keep the sign, x1..x8, slow = x1 ok
ui: #52 KNOB ACCEL on MIXER LEVEL: a fast turn of 8 detents moves 20 (OFF: 8)  ok
  #126 FX FILTER, 12 detents: ON 10 ms 52, OFF 12, ON 60 ms 12, ON 6 right 6 left 0
ui: #126 KNOB ACCEL on the FX layer (FILTER: a 12-detent flick >= 35, OFF 12, slow 12) and GLO LEVEL ok
ui: #52 KNOB ACCEL saved with the settings; settings from before it: OFF       ok
ui: MENU > USB LEVEL: MASTER by default, KNOB 1 / OCT+ FIXED, left / OCT- MASTER, saved, the audio follows ok
ui: MENU > AUDIO: CLICK OFF / REC / ON, CLICK LEVEL LOW / MID / HIGH, COUNT-IN OFF / 1 BAR / 2 BARS; OFF MID OFF by default ok
ui: MENU > AUDIO: PRESETS to CLICK, CLICK LEVEL, COUNT-IN; knobs / OCT step them, applied at once ok
ui: CLICK / CLICK LEVEL / COUNT-IN saved and read back; a stored 3 the default; older settings OFF / MID / OFF ok
ui: count-in from the UI: REC on STEP arms, PLAY counts in (STEP entry paused); 4 3 2 1 on screen; PLAY's green on the beats ok
ui: PLAY while counting in stops it: nothing plays, still armed, the page back ok
ui: PLAY armed and stopped: the count-in again; at its end the sequencer plays from step 1, the page back ok
ui: #67 MENU > USB SERIAL: ON by default, the console presented (misc / IAD, as before) ok
ui:   KNOB 1 left / OCT- OFF, right ON; the menu closed (HOME): audio + MIDI only, class 0 ok
ui:   saved with the settings (older ones: ON); at boot the device enumerates with the saved choice ok
ui:   OFF: the soft key (SysEx on the MIDI endpoint) still asks for UPDATE MODE ok
ui: #58 BPM LOCK OFF (the default): SELECT sets the tempo as before            ok
ui: #58 MENU > BPM LOCK: KNOB 1 right / OCT+ ON, left / OCT- OFF; SELECT in the menu is no tempo ok
ui: #58 BPM LOCK ON: SELECT leaves the tempo on HOME and the pages, "BPM LOCKED" once per turn burst ok
ui: #58 BPM LOCK ON: GLO > GLOBAL KNOB 1 still sets the tempo                  ok
ui: #58 BPM LOCK ON: GLO + SELECT sets the tempo (a combo: the map, no GLO page; OCT- puts it back) ok
ui: #58 BPM LOCK ON: GLO + F4 TAP still sets the tempo                         ok
ui: #58 BPM LOCK saved with the settings; settings from before it: OFF (idempotent) ok
ui: #15 MENU > LARGE: OFF by default, under STYLE; KNOB 1 right / OCT+ ON, left / OCT- OFF ok
ui: #15 LARGE ON: HOME's cards tall (a K1..K4 pill over each column), the scope a strip, the footer kept ok
ui: #15 LARGE: a card value in L (GLOBAL's BPM 120: about 21 rows of figures, M's 11) ok
ui: #15 LARGE: ENV tall with its ADSR in the strip; KNOB 2 turned redraws card 2 only ok
ui: #15 LARGE: PRESETS and the roll keep the layout (labels in M), the layers too; MIXER tall, its tracks in the strip ok
ui: #15 LARGE saved with the settings; settings from before it: OFF (idempotent) ok
ui: #51 every sound browsed (HOME, PRESETS; stopped, playing): no step, ARP off, nothing held, no start ok
ui: NAME: USER SAVE into an empty slot opens NAME, prefilled with the automatic name ok
ui:   DELETE removes the character before the cursor, down to empty            ok
ui:   a white key types its first letter; tapped again within 0.8 s: the next one, cycling (A B A) ok
ui:   another key keeps the letter and types its own (A, C)                    ok
ui:   0.8 s without a tap keeps it: the cursor moves on                        ok
ui:   a second tap within 0.8 s (0.43 s later) still cycles (C -> D)           ok
ui:   a three-letter key (IJK) cycles to K; SPACE keeps it and adds a space    ok
ui:   DELETE, cursor left twice, a letter inserted at the cursor               ok
ui:   cursor right stops at the end                                            ok
ui:   D# switches to 123: one tap, one character (2, 0, +), no cycling         ok
ui:   back to ABC: the last key (0-.) gives 0, then -, then .                  ok
ui:   KNOB 1 moves the cursor, KNOB 2 changes the character there (+ -> SPACE, wrapping) ok
ui:   KNOB 2 on: SPACE + 5 = E                                                 ok
ui:   KNOB 1 to the end, KNOB 2 adds a character there (A)                     ok
ui:   .. and turns it back past SPACE to the last symbol (+)                   ok
ui:   12 characters at most: NAME FULL, nothing typed                          ok
ui:   DELETE held 0.64 s: one, then it repeats after 0.45 s, every 0.09 s (3 in all) ok
ui:   keys in NAME: no voice, no MIDI, nothing recorded (seq.c: song.grid 2)   ok
ui:   LEDs: every key lit, the cycling key (LM) blinks                         ok
ui:   OCT- cancels: nothing written, back on the USER page                     ok
ui:   OCT+ while playing: STOP TO SAVE, NAME stays                             ok
ui:   OCT+ stopped: saved as typed, the trailing space dropped (CB 2)          ok
ui:   overwrite: the dialog, then NAME                                         ok
ui:   SAVE held, FX held: nothing in NAME (no undo, no map, no page)           ok
ui:   EDIT on an empty slot: EMPTY SLOT                                        ok
ui:   EDIT on a used slot: NAME (rename) with its name                         ok
ui:   OCT+: renamed (CB W), the sound stored there unchanged                   ok
ui:   a name deleted to nothing: the automatic one                             ok
ui:   SAVE of a sound that came from U03: prefilled with U03's name            ok
ui: PROJECT SAVE: NAME, typed, saved: the slot has the name, the project too   ok
ui:   loading it brings its name back (the next save's prefill)                ok
ui:   EDIT renames a project (PNPN); its music unchanged                       ok
ui:   EDIT on an empty project slot: EMPTY SLOT                                ok
ui:   HOME held in NAME: the menu, NAME closed                                 ok
ui: EDIT opens EDIT 1, when let go (not on press)                              ok
ui: no ENGINE page (engines are the EDIT layer's)                              ok
ui: EDIT cycle (ANALOG): EDIT 1 EDIT 2 VOICE VOICE 2 EDIT 1                    ok
ui: EDIT cycle (DIGITAL): EDIT 1 EDIT 2 OP1..OP4 ENV OP LEVEL VOICE VOICE 2 EDIT 1 ok
ui: EDIT cycle (DRUM): EDIT 1 EDIT 2 LANES LANES 2 VOICE VOICE 2 EDIT 1        ok
ui: LANES 2: KNOB 2 turns TOM's level (100 % by default), the other lanes stay ok
ui: a factory preset load: every lane 100 % again                              ok
ui: LANES 2 of a track no longer DRUM falls back to EDIT 1                     ok
ui: an OP page of a track no longer DIGITAL falls back to EDIT 1               ok
ui: EDIT remembers its last page (as every family)                             ok
ui: SLICES: SLICE's EDIT cycle EDIT 1 EDIT 2 SLICES VOICE VOICE 2 EDIT 1       ok
ui: SLICES on BREAK: its 16 slices shown, KNOB 1 picks; edits need USR1-4 (DIV unchanged) ok
ui: SLICES on an empty USR2: NO SAMPLE, no slices; edits: "USR2 EMPTY"         ok
ui: SLICES on PIANO: its 16 slices shown; edits need USR1-4 (DIV unchanged)    ok
ui: SLICES on USR1: the first KNOB 2 turn takes the 8 slices as MAN (DIV MAN), moves slice 3's start ok
ui: SLICES: KNOB 3 picks SPLIT, OCT+ splits the slice (again: it stays picked) ok
ui: SLICES: KNOB 4 picks JOIN, OCT+ joins to the slice before; not the first slice ok
ui: SLICES: after the last slice the END marker: KNOB 2 trims the tail         ok
ui: SLICES: DIV 16 over a slot's MAN slices: KNOB 2 goes back to them (DIV MAN), keeps them ok
ui: SLICES: a key picks the slice it plays; the keys of the selected slice are lit ok
ui: SLICES: OCT- drops the pick, then goes HOME                                ok
ui: SLICES: on another engine the page is not there (EDIT 1)                   ok
ui: SLICES: left by an engine change not yet drawn: KNOB 2 and OCT+ change nothing ok
ui: SLICES: a re-upload of the same length redraws the waveform                ok
ui: missing sample: the power-on sounds have their samples (no alert)          ok
ui: SAMPLE on an empty USR2: NO SAMPLE once (not again on a note)              ok
ui: SAMPLE: another empty slot is said; back to it after a sample: said again  ok
ui: GRAIN on an empty USR2: said                                               ok
ui: SLICE on an empty USR3: said; PIANO: not (it has its sample)               ok
ui: a project load with an empty slot: LOADED, then NO SAMPLE                  ok
ui: missing sample: the icon and NO SAMPLE fit the header                      ok
ui: GLO SCL EDIT: a tap opens the page, held past HOLD the map (no page), a key: the map at once ok
ui:   after a tap "HOLD [BTN] QUICK" until the layer has been opened once      ok
ui:   the seen bits are kept with the settings (a spare favorites byte)        ok
ui: GLO + black key 2: T2 MUTE latched (SET), silent, no MIDI; LEDs: sounding lit, muted dark ok
ui:   again: unmuted; C4: UNMUTE ALL                                           ok
ui: GLO + A3 held: SOLO T3 (the others muted), lasts while the key is held, not P_MUTE ok
ui: GLO + F4 x3 at 0.5 s: TAP 120 BPM; with CLK EXT: dimmed, it says why       ok
ui: GLO KNOB 3: T3 LEVEL from any page; OCT-: mutes and levels as it opened, no octave ok
ui: GLO + PLAY: RESTART playing (from the top, not stopped); stopped: PLAY     ok
ui: SCL + D#4, then G3: ROOT D#, G (latched); KNOB 2: SCL; LEDs: root lit, the scale breathes ok
ui:   OCT- in SCL: ROOT and SCL as the layer opened                            ok
ui: EDIT + white key n: the n-th engine shown (FM6 2nd, DRUM last), while playing; steps, LEN, SLICER stay ok
ui:   SAVE held: UNDO back to before the layer's loads, the steps untouched    ok
ui:   every engine one can pick has its white key from F3 (NENG_SHOWN, not a fixed count; never DIGITAL) ok
ui:   KNOB 2: the engine's next sound, KNOB 3 FAV; OCT-: the sound as the layer opened ok
ui:   KNOB 1: the next engine                                                  ok
ui:   #124 SAMPLE: KNOB 2 right PIANO, FLUTE, SAX (No. 1 2 3), both ways round the list, never the alias ok
ui: EDIT + the key after the engines: INITIALIZE SOUND? dialog (closes the layer, no tap); OCT+ inits ok
ui: in the menu: no GLO layer, GLO + a key plays it; GLO let go: no page       ok
ui: in a dialog: SCL held shows no map and taps nothing                        ok
ui: GLO then EDIT: GLO's layer; EDIT ignored (no layer, no page, its keys notes) ok
ui: SCL tapped again: the CHORD page (CHRD VOIC, the chord graph)              ok
ui:   CHRD OFF: the page says what to do, MONO gray                            ok
ui:   KNOB 1: CHRD DIA3, KNOB 2: VOIC OPEN                                     ok
ui:   a key plays the chord, the graph shows it (C), MONO gray                 ok
ui:   a sound load keeps CHRD and VOIC (SCL settings)                          ok
ui:   a kit (DRUM): the page says so, MONO gray                                ok
ui: SCL layer: KNOB 1 ROOT, 3 CHRD, 4 VOIC (QNT TRN untouched); OCT- puts them back ok
ui:   its map and cards MONO gray                                              ok
ui: REC in NAME does nothing (no arm, no transport start); NAME stays          ok
ui: REC in the menu does nothing (then PLAY: nothing either)                   ok
ui: REC in the OVERWRITE? dialog does nothing; OCT+ then opens NAME            ok
ui: UNDO of a sound load on FM6: the track's edited patch back; REDO: the load's ok
ui:   the EDIT layer's OCT- after an engine pick: FM6 with the track's edited patch ok
ui: UNDO after load, editor patch, load: the editor's patch back               ok
ui: ARP LED: none without an ARP; flashes on the beat, the bar's first beat longer ok
ui:   the beat counter runs (a bar of blocks wraps the beat of the bar)        ok
ui: USER ERASE: the ERASE U02? dialog; OCT- keeps the preset, OCT+ erases it   ok
ui:   an empty slot: no dialog, EMPTY SLOT                                     ok
ui: CHANCE on a DRUM track: no grid (title, LEDs), a white key toggles no hit  ok
ui: CHANCE on a melodic track: a key writes no step, EDIT clears none; KNOB 2 the chance ok
ui:   STEP still: armed, a key writes the cursor step                          ok
ui: ALGORITHM ignored with a layer's button held (OCT- puts back all); then T2 ok
ui: TOOLS: DELETE ROW / CLEAR SONG / CLEAR PAT with nothing there: NOTHING TO ..; a song: its dialog ok
ui: REC in every layer: arms the track and starts PLAY; the layer stays, no page ok
ui: SET layers: the OCT- LED lit (UNDO), OCT+ dark; after: the octave; FX: the octave ok
ui: EDIT tap = RENAME on USER: no layer hint over NAME (elsewhere the hint as before) ok
ui: dead FX held from a dialog: no map, the key plays a note, no effect        ok
ui: dead GLO held from a dialog: no map, the key plays a note                  ok
ui: STEP entry with CHRD: POLY the chord, MONO its root, as live recording writes ok
ui: MIXER: K1..K4 light LEVEL / PAN / REV / the MUTE badge, nothing else       ok
ui: rename of the loaded slot: the music's name follows, SAVE prefills it      ok
ui: NAME: PLAY stops a running transport (never starts), REC ignored, then OCT+ saves ok
ui: piano roll: the C-1 label stays inside the panel (every palette)           ok
ui: EDIT: INIT's map cell (after the engines) and its key agree                ok
ui: piano roll: ACID's bars drawn at their notes' rows, ties carried, rests empty ok
ui:   the view holds the page's notes (A2..A3 in 21 rows), MONO gray           ok
ui:   4-note chords stacked, their ties carry all four                         ok
ui:   LEN 32, the cursor on page 2: its 16 steps drawn                         ok
ui:   notes moved two octaves: the view follows over frames (not at once), then rests ok
ui:   nothing changed: the graph is not drawn again                            ok
ui:   after the follow the bars match again                                    ok
ui:   a key held: its row on the keyboard strip is the accent                  ok
ui: stopped, nothing held: no key lit                                          ok
ui: playing: C4 and E4 of step 1 light keys 8 and 12 (from F3), track 2's G4 does not ok
ui: the selected track's notes: track 2's G4 on key 15                         ok
ui: a key held still lights with them                                          ok
ui: the keys follow the octave and TRN; notes off the keyboard are not shown   ok
ui: QNT SNAP: only the key of the note itself lights, not the keys rounding onto it ok
ui: the ARP's note lights its key too                                          ok
ui: a note above the keyboard (G#7) lights nothing                             ok
ui: stopped: the notes end, their keys go dark                                 ok
ui: the layer's map and the DRUM grid keep their keys; elsewhere a kit's hits light the keys that play them ok
ui: #89 HOME, stopped: no step's keys lit                                      ok
ui: #89 STEP, stopped: the cursor step's C4 and E4 light keys 8 and 12         ok
ui: #89 the step's keys follow the octave; notes off the keyboard are not shown ok
ui: #89 a key held lights with them                                            ok
ui: #89 KNOB 1 moves the cursor and the keys follow its step (REST, empty, off the keys: dark) ok
ui: #89 playing: the keys show what plays, not the cursor step                 ok
ui: #89   (the cursor on G4's step changes nothing while playing)              ok
ui: #89 stopped again: the cursor step's keys                                  ok
ui: #89 CHANCE (same cursor): no step keys                                     ok
ui: #89 the DRUM grid keeps its map                                            ok
ui: #81 USB MIDI C4 into the selected track lights key 8 (C4)                  ok
ui:   another track's MIDI notes light nothing; selected, its G4 lights key 15 ok
ui:   note-off: dark                                                           ok
ui:   TRS MIDI IN: E4 lights key 12 while held                                 ok
ui:   ROUT SEL: channel 10 into the selected track lights its key              ok
ui:   the keys follow the octave; notes off the keyboard are not shown         ok
ui:   QNT SNAP: only the lowest key giving the note lights                     ok
ui:   a note the pedal holds stays lit until the pedal is up                   ok
ui:   with a key held and the sequencer's notes: all of them lit               ok
ui:   the layer's map and the DRUM grid keep their keys over the MIDI notes    ok
ui: SCL KNOB 3 QNT: OFF SNAP WHITE SEQ, SEQ last (default OFF)                 ok
ui: QNT SEQ: the keys snap as SNAP; C#4 F#4 of a step play C4 F4 in C major, the step keeps C#4 F#4 ok
ui: QNT SEQ saved and loaded with the project                                  ok
ui: HOME: its button lit, ENV and PLAY (stopped) glow, the keys glow, none lit ok
ui: a key held lit over the glow; PLAY running: its green, its own LED dark    ok
ui: a layer's map: the keys lit or dark (no glow), the buttons still glow      ok
ui: LEDS INV: the page's button, PLAY running and a key held go dark, the rest lit, no glow ok
ui: LEDS INV: the layer's button breathes (not inverted); a layer's map stays lit / dark as in DIM ok
ui: #119 FX GLO SCL EDIT, held and locked, every LEDS mode: the keys that can be pressed breathe ok
ui:   ..held / in effect lit, never the glow, the layer's button breathes, steady over time ok
ui:   ..closed: nothing breathes                                               ok
ui:   ..the breath's peak follows LEDS (DIM LO ~30 % of lit, else ~60 %)       ok
ui: #119 a dialog: OCT+ breathes (not lit, not the glow), OCT- lit (INV: dark), every LEDS mode ok
ui: STEP piano roll, stopped, LEDS OFF: buttons and keys as the mode says (1 lit, 0 glow) ok
ui:   the mid level: the grid's beats in DIM HI / LO only, never a lit key     ok
ui: STEP piano roll, stopped, LEDS DIM LO: buttons and keys as the mode says (1 lit, 26 glow) ok
ui:   the mid level: the grid's beats in DIM HI / LO only, never a lit key     ok
ui: STEP piano roll, stopped, LEDS DIM HI: buttons and keys as the mode says (1 lit, 26 glow) ok
ui:   the mid level: the grid's beats in DIM HI / LO only, never a lit key     ok
ui: STEP piano roll, stopped, LEDS INV: buttons and keys as the mode says (26 lit, 0 glow) ok
ui:   the mid level: the grid's beats in DIM HI / LO only, never a lit key     ok
ui: STEP piano roll, playing, LEDS OFF: buttons and keys as the mode says (1 lit, 0 glow) ok
ui:   the mid level: the grid's beats in DIM HI / LO only, never a lit key     ok
ui: STEP piano roll, playing, LEDS DIM LO: buttons and keys as the mode says (1 lit, 26 glow) ok
ui:   the mid level: the grid's beats in DIM HI / LO only, never a lit key     ok
ui: STEP piano roll, playing, LEDS DIM HI: buttons and keys as the mode says (1 lit, 26 glow) ok
ui:   the mid level: the grid's beats in DIM HI / LO only, never a lit key     ok
ui: STEP piano roll, playing, LEDS INV: buttons and keys as the mode says (26 lit, 0 glow) ok
ui:   the mid level: the grid's beats in DIM HI / LO only, never a lit key     ok
ui: STEP DRUM grid, stopped, LEDS OFF: buttons and keys as the mode says (2 lit, 4 glow) ok
ui:   the mid level: the grid's beats in DIM HI / LO only, never a lit key     ok
ui: STEP DRUM grid, stopped, LEDS DIM LO: buttons and keys as the mode says (2 lit, 23 glow) ok
ui:   the mid level: the grid's beats in DIM HI / LO only, never a lit key     ok
ui: STEP DRUM grid, stopped, LEDS DIM HI: buttons and keys as the mode says (2 lit, 23 glow) ok
ui:   the mid level: the grid's beats in DIM HI / LO only, never a lit key     ok
ui: STEP DRUM grid, stopped, LEDS INV: buttons and keys as the mode says (2 lit, 4 glow) ok
ui:   the mid level: the grid's beats in DIM HI / LO only, never a lit key     ok
ui: STEP DRUM grid, playing, LEDS OFF: buttons and keys as the mode says (3 lit, 3 glow) ok
ui:   the mid level: the grid's beats in DIM HI / LO only, never a lit key     ok
ui: STEP DRUM grid, playing, LEDS DIM LO: buttons and keys as the mode says (3 lit, 22 glow) ok
ui:   the mid level: the grid's beats in DIM HI / LO only, never a lit key     ok
ui: STEP DRUM grid, playing, LEDS DIM HI: buttons and keys as the mode says (3 lit, 22 glow) ok
ui:   the mid level: the grid's beats in DIM HI / LO only, never a lit key     ok
ui: STEP DRUM grid, playing, LEDS INV: buttons and keys as the mode says (3 lit, 3 glow) ok
ui:   the mid level: the grid's beats in DIM HI / LO only, never a lit key     ok
ui: DRUM grid beats, LEDS OFF: steps 1 9 13 glow (nothing else does), the hits 3 5 lit ok
ui: DRUM grid beats, LEDS DIM LO: steps 1 9 13 at the mid level over the glow, the hits 3 5 lit ok
ui: DRUM grid beats, LEDS DIM HI: steps 1 9 13 at the mid level over the glow, the hits 3 5 lit ok
ui:   another lane, LEN 12, DIV, the playhead, page 2: the beats as the steps show ok
ui: DRUM grid beats, LEDS INV: steps 1 9 13 glow (nothing else does), the hits 3 5 lit ok
ui: #127 SCALE LEDS OFF (the default): every key glows as before               ok
ui: #127 MENU > CONTROL > SCALE LEDS ON (a bit of its own); C major: the white keys, the root C4 C5 ok
ui: #127 LEDS OFF: the scale glows, the root brighter; the keys held lit over it ok
ui: #127 LEDS DIM LO: the scale glows, the root brighter; the keys held lit over it ok
ui: #127 LEDS DIM HI: the scale glows, the root brighter; the keys held lit over it ok
ui: #127 LEDS INV: root lit, the scale mid, the others glow; the keys held dark ok
ui: #127 the keys as they play: ROOT D, TRN +2                                 ok
ui: #127 QNT SNAP: the keys of the scale; QNT WHITE: all the white keys, its roots; CHR: every key ok
ui: #127 a layer, a DRUM track (its keys as before) and the DRUM grid keep their own LEDs ok
ui: #127 SCALE LEDS OFF again: the bit clears                                  ok
ui: SCREEN OFF: MENU > DISPLAY row, NEVER 5 15 30 60 MIN, NEVER by default (stored 0, 1.1.5.1) ok
ui: SCREEN OFF: 30 MIN untouched -> DISPOFF + SLPIN once; dark: nothing drawn  ok
ui: SCREEN OFF: a button wakes it (SLPOUT, 120 ms, the page redrawn, DISPON), swallowed ok
ui: SCREEN OFF: HOME held to wake: no menu, no HOME tap after                  ok
ui: SCREEN OFF: SAVE held to wake: no undo, no SAVE page                       ok
ui: SCREEN OFF: REC held to wake: nothing armed, no clear, no transport        ok
ui: SCREEN OFF: a key wakes it silently (no note on, none off), the next one plays ok
ui: SCREEN OFF: a knob wakes it; turns until it rests 0.3 s change nothing (K1..4, PRESETS, ALGO, SELECT) ok
ui: SCREEN OFF: NEVER stays on for hours; 5 MIN goes dark after 5; PLAY to wake starts nothing ok
ui: SCREEN OFF: a dialog, the count-in, UPDATE MODE keep it on and wake it; the crash screen at once ok
ui: SCREEN OFF: saved with the settings (0, 1.1.5's 30 MIN, and unknown = NEVER) ok
ui: SCREEN OFF: the MENU row steps NEVER .. 60 MIN (OCT-/+, any knob), stops at the ends ok
ui: SCREEN OFF: the sound bit for bit as with NEVER while dark (sequencer playing) ok
ui: VIZ: HOME tapped on HOME opens SCOPE; again the next of 12; past CLOCK: HOME, then SCOPE again ok
ui: VIZ: a page button leaves for its page; HOME from a page: HOME, then the visualiser shown last ok
ui: VIZ: HOME held opens the MENU; closed, the visualiser again                ok
ui: VIZ: the keys play, KNOB 1..4 are HOME's, SELECT the tempo; it stays       ok
ui: VIZ SPECTRUM: a 1 kHz tone peaks in bin 23's band, 5 kHz in bin 116's; -60 dB shows nothing ok
ui: VIZ: a forced frame draws the whole picture, then a band a frame; SCOPE's trace in both ok
ui: VIZ: each of the twelve draws something, playing or stopped                ok
ui: VIZ: the screen stays on while one shows; off HOME, SCREEN OFF as before   ok
ui: VIZ: its name shows for a moment; a layer's map over it, then the visualiser again ok
ui: MENU > CONTROL > SELECT PAGES: SELECT turns the pages (HOME, every visible page, HOME); GLO + SELECT the tempo ok
ui: SONG: the first four white keys append A B C D (tap A B B C: A, B x2, C); past x16 a new row; 16 rows: SONG FULL; elsewhere the keys only play ok
ui: FM6 charts: the 32 algorithms' routes, carriers and feedback operator equal fm6_core.c's ok
ui: FM6 charts: carriers on the bottom row, modulators a row up, one per cell, at most 4 rows ok
ui: DIGITAL charts: the 8 algorithms' routes and carriers equal eng_digital.c's ok
ui: DIGITAL charts: carriers on the bottom row, modulators a row up, one per cell, distinct ok
ui: all passed
== UI renders with FELUCCA_FM4=1: DIGITAL's screens (EDIT, OP ENV, the 8 algorithm charts), lint, GREY gray, MONO neutral
ui_render: the splash shows the version v1.1.5-EDDA (FELUCCA_VERSION) and its lines
ui_render: 176 screens x 11 palettes + the page/value sweep; 0 lint findings, 266 ellipsised free texts (14 distinct), 0 inks on their own colour, 0 GREY / MONO pixels off gray / neutral; report build/ui_fm4/report.txt
ui_render: alignment: 2653664 measurements of 82 places, 0 off by 1 px or more
== audio: overload protection, bounded fades and DMA diagnostics
audio: USB / DAC rms: MASTER full 6560 / 6560, 1/4 2753 / 2753, 0 0 / 0; FIXED 1/4 6560 / 1640, 0 6560 / 0
audio: USB LEVEL MASTER (default): USB is the DAC's signal and follows the knob (0: silent) ok
audio: USB LEVEL FIXED: USB at the full level whatever MASTER is (within 0.1 dB), MASTER 0 too ok
audio: USB LEVEL FIXED: the DAC gets exactly USB scaled by MASTER (MASTER 0: silent, 1/4: -12 dB) ok
audio: boot, pot 300 (MASTER 351): splash peak 0, then rms 110373 (by hand 110373); before the fix: MASTER 2048, splash peak 2151168, then rms 710116
audio: #137 boot: MASTER is the pot's level before the first block (pot 300, pot 0) ok
audio: #137 boot: keys hammered under the splash sound nothing (before the fix: they did) ok
audio: #137 boot: a key held across the splash's end stays silent until pressed again ok
audio: #137 boot: after the splash the keys play at the pot's level, as set by hand (pot 0: silent) ok
audio: overload keeps each part's MONO lead and lowest POLY note                  ok
audio: overload frees its victim within one control block                         ok
audio: a lead alone on each part stays protected                                  ok
audio: overload frees a held one-shot drum without waiting for its decay          ok
audio: UNISON loses an extra voice and retains its lead                           ok
audio: overload can reclaim stale POLY voices after a MONO / LEGATO change        ok
audio: overload can reclaim stale POLY voices after a MONO / LEGATO change        ok
audio: released voices shed the quieter tail first                                ok
audio: an auxiliary interrupt does not render a DMA half                          ok
audio: one slow half records elapsed load but does not shed yet                   ok
audio: a second slow half in a row requests shedding                              ok
audio: DMA advancing during a render is counted once                              ok
audio: TIMER5 nested in the render counts toward the deadline                     ok
audio: slow halves that are not consecutive do not shed                           ok
audio: steady CPU load converges without integer smoothing bias                   ok
audio: all passed
== metronome and count-in: beats sample for sample (internal and external clock), accent, level, MASTER, not in USB, count-in timing, notes onto step 1
click: 120 BPM: beats at samples 0 22080 44128 66176 .. 705600 (beat 22048 samples)
click: the beats at 120, 97, 173 BPM: beat k at the first sample of block ceil(k * 60 FS / BPM / 32), 32 beats, no drift ok
click: each beat in the block a 1/16 track enters step 4k (step 1 with the first)                       ok
click: the bar's first beat accented (1760 Hz), the others not (1320 Hz)                                ok
click: USB audio silent the whole time (the click goes to the DAC only)                                 ok
click: the header's metronome (click_beat_now) moves in each click's block only, beat k % 4, 0 the accented ok
click: a track at DIV 1/8 with SWING: the click on the song tempo's quarters all the same               ok
click: MID: downbeat 1754 Hz peak 8077, beat 1303 Hz peak 3993 (6.1 dB), 31.4 ms long
click: the downbeat ~1760 Hz, a beat ~1320 Hz (within 3 %)                                              ok
click: the downbeat 6 dB louder (+-1 dB), MID's peak -12 dBFS of the mix (+-1 dB)                       ok
click: short: silent within 40 ms, no step at its start (a sine from 0: its first sample sin(2 pi f / FS) of the peak) ok
click: LOW / MID / HIGH downbeat peaks 4038 8077 16155
click: CLICK LEVEL LOW / MID / HIGH: -18 / -12 / -6 dBFS of the mix (6 dB steps, +-0.5 dB)              ok
click: MASTER scales it as the rest of the DAC's signal (1/4: -12 dB; 0: silent)                        ok
click: CLICK OFF: no click; REC: only with a track armed (any); ON: always while playing; stopped: never ok
click: USB audio bit for bit the same with CLICK ON (a pattern playing): the click is not in it         ok
click: the DAC: the same but for the clicks (each within 40 ms of its beat)                             ok
click: COUNT-IN 1 BAR: PLAY at sample 0, the sequencer's step 1 at sample 88192 (4 beats of 22048)
click: COUNT-IN 1 BAR: step 1 at exactly 4 beats after PLAY (the block it falls in), stopped until then ok
click: its beats clicked with CLICK OFF, each bar's first accented, then silence (CLICK OFF)            ok
click: the count-in: the header's metronome on its clicks (each bar's first: beat 0)                    ok
click: COUNT-IN 2 BARS: PLAY at sample 0, the sequencer's step 1 at sample 176384 (8 beats of 22048)
click: COUNT-IN 2 BARS: step 1 at exactly 8 beats after PLAY, stopped until then                        ok
click: its beats clicked with CLICK OFF, each bar's first accented, then silence (CLICK OFF)            ok
click: the count-in: the header's metronome on its clicks (each bar's first: beat 0)                    ok
click: CLICK REC with the count-in: its 4 beats, then the recording's from step 1 (accented), with the steps ok
click: PLAY again while counting in changes nothing; STOP cancels it (nothing plays); PLAY counts in again ok
click: no track armed, or COUNT-IN OFF: PLAY plays at once, as before                                   ok
click: a note held from the count-in's last eighth: on step 1, then tied while held (it sounded at once) ok
click: a note let go before step 1 (in the last eighth): step 1 alone                                   ok
click: a note before the last eighth: played, not recorded                                              ok
click: a note into a track not armed: not recorded                                                      ok
click: external clock: 216 pulses, 9 clicks, at samples 448 22368 44416 66464 ..
click: external clock: Start plays at step 1 at once, no count-in (COUNT-IN 2 BARS, a track armed)      ok
click: external clock: a click every 24 pulses, in the block the steps 1, 5, 9, 13 start, the bar's first accented ok
click: external clock: the header's metronome on its clicks                                             ok
click: external clock: PLAY on the FM-1 starts as before (as a Start), never a count-in                 ok
click: all passed
== persistence: deferred settings, retry and failed-save rollback
persist: editor display change while playing is applied and reports deferred saving ok
persist: STOP commits the deferred palette setting                          ok
persist: repeating an unchanged editor preference succeeds without erasing  ok
persist: editor reports failed saving while preserving the previous flash setting ok
persist: failed editor preference retries through the existing persistence path ok
persist: the retired font weight is refused without a write                 ok
persist: MENU_SET while playing: applied, rc 4 (queued until STOP), no erase ok
persist: STOP commits the MENU setting (LEDS OFF in the settings record)    ok
persist: MENU_SET stopped: rc 0, saved at once (LARGE, HOLD, SPEAKER EQ), the others kept ok
persist: repeating an unchanged MENU_SET: rc 0, no erase                    ok
persist: MENU_SET with a failing flash: applied, rc 3, the saved setting kept ok
persist: ... and retried by the settings path                               ok
persist: playing: settings queued, no erase, runtime kept                   ok
persist: pending PLAY: settings still queued, no erase                      ok
persist: pending SONG: settings still queued, no erase                      ok
persist: STOP: latest settings saved and request cleared                    ok
persist: unchanged settings do not erase                                    ok
persist: failed settings retry waits through clock wrap                     ok
persist: settings retry succeeds after 1000 ms                              ok
persist: failed project save keeps RAM and old flash                        ok
persist: successful project save publishes new RAM                          ok
persist: pending PLAY: project save leaves slot and flash                   ok
persist: failed first project save leaves slot empty                        ok
persist: a project's name goes to flash and comes back                      ok
persist: failed project rename: SAVE ERROR, the slot and flash as they were ok
persist: pending PLAY: no rename, no erase                                  ok
persist: project rename: flash has the new name, the music as it was        ok
persist: damaged FUN7 slot (hash ok, n > 4) is refused                      ok
persist: loading it says EMPTY SLOT and keeps the steps                     ok
persist: FUN5 load bounds steps and masks lane accents                      ok
persist: FUN5 load clamps a parameter into its range                        ok
persist: SONG sources use the same step bounds                              ok
persist: failed first preset save restores empty bank                       ok
persist: preset initial save                                                ok
persist: failed preset save rolls back bank and generation                  ok
persist: failed preset erasure retains both the sound and its favorite      ok
persist: failed preset save keeps old flash                                 ok
persist: failed preset erase keeps record and loaded label                  ok
persist: successful preset erase clears loaded label                        ok
persist: pending PLAY: preset save blocked                                  ok
persist: pending SONG: preset save blocked                                  ok
persist: preset invalid slot blocked before access                          ok
persist: PLAY consumed before the save snapshot still blocks a project write ok
persist: PLAY consumed before the preset snapshot still blocks a bank write ok
persist: PLAY consumed before the settings snapshot defers the write        ok
persist: FM6 bank -> user presets: B slots get the bank's newest patches    ok
persist:   .. written into A (the bank's older copy); the bank's newest copy (B) still whole ok
persist:   .. UP_LOAD 1 plays the bank's B3, SLOT OWN                       ok
persist:   .. UP_LOAD 2 (F2) plays F2, SLOT F2                              ok
persist:   .. UP_LOAD 3 (an empty B5) plays the init voice, as before       ok
persist:   .. the next boot: done (no write), the same patches              ok
persist: a power cut at any step of the migration loses nothing (the next boot redoes it) ok
persist: a cut while a preset's patch is written: the others kept, that preset without one ok
persist: saved again: its patch, and the bank's sectors now both hold the patches object ok
persist: no bank: nothing to move, nothing written                          ok
persist: autosave: power-on with none: nothing restored; 2 min unchanged: no write ok
persist: autosave: a change: no write within 10 s, one once idle 10 s (one erase) ok
persist: autosave: 10 min unchanged after it: no more writes                ok
persist: autosave: the selected track / PROJECT's slot pick alone: no write ok
persist: autosave: changed while playing: no write until stopped and idle 10 s, then one ok
persist: autosave: a key held, a voice sounding: no write (an erase stops the audio); after, idle 10 s: one ok
persist: autosave: two writes at least 60 s apart                           ok
persist: autosave: none during an editor transfer (autosave_hold), one after ok
persist: autosave: power-on restores it (steps, tempo, name; RESTORED); no write after (unchanged) ok
persist: autosave: after a crash / hang / failed boot: not restored, nothing written ok
persist: autosave: RESTORE LAST OFF: none restored, none written            ok
persist: autosave: the newest copy damaged: the copy before it is restored  ok
persist: autosave: both copies damaged: ignored, power-on as new            ok
persist: autosave: a record that is no project: ignored                     ok
persist: autosave: a write cut short (power off): the copy before is restored ok
persist:   a 4-hour session (3 h editing and playing, 1 h idle): 19 autosave writes
persist: autosave wear: a session's writes stay far below one a minute      ok
persist:   worst case, 8 h of a change every 11 s: 436 writes (218 per sector)
persist: autosave wear, worst case: at most one write a minute (480 in 8 h) ok
persistence test passed
== full backup: CRC before writes, stale runtime, USB reset / timeout, malformed objects, older projects
backup: LIST captures the runtime: 14 objects (id 8 empty, id 9 the FM6 patches, 35 the 4th slot), runtime 3648 B (FUN9) ok
backup: an empty project slot lists as length 0                                  ok
backup: GET of the runtime copy                                                  ok
backup: a project save after LIST reused the staging RAM: GET of the runtime is stale (5) ok
backup: a new LIST makes it readable again                                       ok
backup: a USB reset after LIST: GET is stale (5)                                 ok
backup: settings with SPEAKER BASS+ restore                                      ok
backup: settings of an older backup restore with the palette migrated            ok
backup: settings with an unknown SPEAKER value are refused, nothing written      ok
backup: settings with HOLD 0.6 s restore                                         ok
backup: settings of an older backup restore with HOLD 0.4 s                      ok
backup: settings with an unknown HOLD value are refused, nothing written         ok
backup: settings with LEDS INV restore                                           ok
backup: settings of an older backup restore with LEDS DIM                        ok
backup: settings with LEDS DIM LO restore                                        ok
backup: settings with LEDS OFF restore                                           ok
backup: settings with an unknown LEDS value are refused, nothing written         ok
backup: a wrong CRC is refused before any write                                  ok
backup: an unknown object id is refused                                          ok
backup: a project of the wrong length is refused                                 ok
backup: settings of the wrong length are refused                                 ok
backup: a chunk without a begin is refused (5)                                   ok
backup: a chunk at the wrong offset is refused                                   ok
backup: a chunk for another object is refused (5)                                ok
backup: a chunk past the length is refused                                       ok
backup: commit before all bytes arrived is refused                               ok
backup: a USB reset during PUT ends it (5)                                       ok
backup: 16 s without a chunk ends the PUT (5)                                    ok
backup: a project save during PUT (the staging RAM) ends it (5)                  ok
backup: PUT while starting PLAY is refused (3)                                   ok
backup: a FUN9 project restores into slot 3 (flash and RAM)                      ok
backup: a FUN8 project (1.0.x) restores as FUN9 into slot 2, E0 at P_E0, lane levels 100 % ok
backup: a FUN6 project restores as FUN9, bounded, its E0 at P_E0                 ok
backup: the user presets of an old archive (id 6) restore                        ok
backup: an old archive's FM6 bank (id 8) is taken (0)                            ok
backup:   .. its B3 patch is now the B3 presets' own (slots 1 and 5)             ok
backup:   .. an F slot, an empty B slot and a DRUM sound get none (factory / init / no patch, as before) ok
backup:   .. written to flash (the user presets' FM6 patches)                    ok
backup:   .. and the B3 preset loads it, SLOT OWN                                ok
backup:   .. the F2 preset loads the factory patch, SLOT F2                      ok
backup: a restore of id 8 twice moves nothing more (idempotent)                  ok
backup: an empty id 8 (a 1.0.3 archive) is taken and ignored                     ok
backup: an FM6 bank with a byte above 127 is refused (2)                         ok
backup: id 8 lists empty, id 9 with the patches' length                          ok
backup: id 9 restores the user presets' FM6 patches (flash and RAM)              ok
backup: an id 9 of another layout is refused (2), the patches kept               ok
backup: an id 9 of the wrong size is refused at begin (1)                        ok
backup: an id 10 is refused (1)                                                  ok
backup: a flash error on commit (4) keeps the slot's RAM copy                    ok
backup: an empty project object clears the slot                                  ok
backup: a project whose own hash fails is refused                                ok
backup: the runtime object restores the tracks                                   ok
backup: a bank with a future record version restores byte for byte               ok
backup: a bank with the wrong slot count is refused                              ok
backup test passed
== editor: real C protocol, malformed transfers, queue recovery, MENU settings (writes build/host/menu.json)
editor: INFO explicitly tags display capabilities after SONG without changing command 33 ok
editor: UI_SET updates the actual palette and reports RAM-only saving          ok
editor: out-of-range palette leaves the display unchanged                      ok
editor: the retired font weight is not supported (rc 2), UI_STATE says 127     ok
editor: unsupported preference is reported without applying it                 ok
editor: FAV_SET marks DRUM as a normal engine                                  ok
editor: FAV_GET reads the bounded favorite range                               ok
editor: empty user slot cannot be starred                                      ok
editor: saved user slot can be starred without changing its sound              ok
editor: favorite range cannot cross the end of user slots                      ok
editor: short favorite writes return an error without reading absent bytes     ok
editor: UI_STATE rejects unexpected request bytes                              ok
editor: SONG still responds through its original command                       ok
editor: MOTION op 5 sets a lock: rc 0, two records, then their kinds 0 1       ok
editor: MOTION query as before 1.1: no kinds, the lock's id without bit 7      ok
editor: MOTION op 7: the query with the kinds                                  ok
editor: MOTION op 5 refuses step 64 (rc 1)                                     ok
editor: MOTION op 6 on step 2: its automation event stays                      ok
editor: MOTION op 6, 127: every lock goes, the automation stays                ok
editor: realtime bytes interleaved in SysEx do not enter the editor frame      ok
editor: a non-realtime status aborts SysEx without changing parameters         ok
editor: a valid request works after an aborted frame                           ok
editor: a channel event in another USB packet aborts an unfinished SysEx       ok
editor: USB channel packets reject mismatched CIN and high data bits           ok
editor: USB program and channel pressure keep their one-byte payload           ok
editor: USB MIDI ring stops at capacity across counter wrap                    ok
editor: USB rejects new messages until the audio consumer clears overflow      ok
editor: USB resumes after the audio consumer clears overflow                   ok
editor: UART DMA overrun never combines a stale partial note with new data     ok
editor: UART receives a complete fresh note after DMA recovery                 ok
editor: UART discards running-status data after lost bytes until a new status  ok
editor: UART recovers immediately on a complete channel message                ok
editor: UART queue overflow latches the same recovery flag as USB              ok
editor: UART rejects a new stream until audio clears overflow                  ok
editor: UART resumes valid running status after audio clears overflow          ok
editor: legacy 8-byte step writes preserve lane data                           ok
editor: full grid step writes preserve high lane bits and constrain accents    ok
editor: partial or oversized step payloads never mutate a valid step           ok
editor: TRACK_STEP accepts its legacy payload on an unselected track           ok
editor: TRACK_STEP rejects an incomplete grid extension                        ok
editor: STEP_SET with the ratchet: x3 kept, replied after the chance, flags without it ok
editor: STEP_SET without the ratchet (an older editor) keeps the step's own    ok
editor: STEP_SET refuses a ratchet outside 1..4 and leaves the step            ok
editor: STEP_SET keeps the step's nudge and fill (EDDA OS); the reply's flags stay accent | slide ok
editor: TRACK_STEP sets the ratchet of any track (x4, then back to x1)         ok
editor: sample erase waits for STOP and refuses a stalled audio ISR            ok
editor: sample erase stops transport before touching flash                     ok
editor: 257 decoded sample bytes are rejected without a truncated write        ok
editor: a dangling packed-data mask is rejected                                ok
editor: sample writes cancel a pending PLAY before flash access                ok
editor: an oversized sample header is rejected without programming flash       ok
editor: complete sample header and CRC publish a valid slot                    ok
editor: repeated END of the same published header does not rewrite live zones  ok
editor: END cannot change published sample zones without BEGIN                 ok
editor: EDDA OS: slot 3 (USR4, flash 0xE7000) takes BEGIN / WRITE / END like the others; SMP_INFO lists 4 slots; slot 4 is no slot ok
editor: user-preset STORE does not mutate RAM when audio cannot stop           ok
editor: user-preset ERASE reports failure when audio cannot stop               ok
editor: SONG sets and queries the complete chain without changing selection    ok
editor: SONG invalid repeats leave the chain unchanged                         ok
editor: SONG cannot replace a chain while its start is pending                 ok
editor: SONG PLAY refuses extra argument bytes                                 ok
editor: PROJECT refuses an invalid slot instead of wrapping to slot 0          ok
editor: UP_STORE rejects bytes after its name terminator without saving        ok
editor: a successful PROJECT save confirms its slot                            ok
editor: PROJECT never confirms an old used slot when STOP timed out            ok
editor: FM6_GET factory 4: the packed record                                   ok
editor: FM6_PUT track 3: rc 0, the track's patch, SLOT OWN (not F4: the name differs) ok
editor:   .. the main loop keeps it                                            ok
editor: FM6_GET track 3: as sent                                               ok
editor: FM6_PUT of a factory patch unchanged: SLOT shows it (F6)               ok
editor: SLOT OWN -> F2 loads the factory patch                                 ok
editor:   .. and back to OWN brings the own patch back                         ok
editor: a SLOT past OWN is OWN: the patch stays, nothing reloads               ok
editor: FM6_GET of the bank: rc 3, no bank                                     ok
editor: FM6_PUT to the bank: rc 3, no bank                                     ok
editor: FM6_ERASE: rc 3, no bank                                               ok
editor: FM6_LIST: 8 factory names, nbank 0                                     ok
editor: UP_STORE of an FM6 track: FM6_GET user 6 gives its patch               ok
editor: FM6_PUT user 6, then GET: stored in range (a level of 120 -> 99)       ok
editor:   .. UP_LOAD 6 plays it, SLOT OWN                                      ok
editor:   .. a rename keeps it                                                 ok
editor: a DRUM user preset has no patch: GET rc 2, PUT rc 1                    ok
editor: an empty user slot: PUT rc 1; past the slots: GET rc 1                 ok
editor: an erased preset's patch is gone (GET rc 2)                            ok
editor: FM6_PUT: a fifth track or a short record: rc 1                         ok
editor: FM6_GET of an unknown target: rc 1                                     ok
editor: UP_PUT stores a v4 record (no flash here: kept in RAM)                 ok
editor: UP_PUT keeps every value (PAN -20, FLT -40, min and max)               ok
editor: UP_GET returns the values and the pattern UP_PUT sent                  ok
editor: WATCH 1 starts watching                                                ok
editor: WATCH 1 while watching keeps a pending change: CHANGED still goes out  ok
editor: WATCH 0 then WATCH 1 starts from the values as they are (no push)      ok
editor: WATCH 3 while watching: CHANGED kept, TRACK_CHANGED from the mix as it is ok
editor: WATCH after a USB reset starts over                                    ok
editor: the editor's own PRESET: no RELOAD, no CHANGED for what it loaded, a pending CHANGED stays ok
editor: PRESET of other engines: no push at all                                ok
editor: SET of G_ENGSEL: no RELOAD                                             ok
editor: a RELOAD due before the editor's PRESET still goes out                 ok
editor: not watching: PRESET as before, WATCH then starts from it              ok
editor: BACKUP_PUT begin through ep1_take                                      ok
editor: 256-byte pieces in 64-byte USB packets at full speed: every piece taken (rc 0) ok
editor: abort through ep1_take                                                 ok
editor: pipelined: the first piece is taken, the second (sent before its reply) dropped whole ok
editor: ... so the next piece is refused (rc 1, offset), as a host that waits never sees ok
editor: MENU_DESC: 25 items (1.0.4's 12 in the menu's order, then 1.1's CLICK, CLICK LEVEL, COUNT-IN, 1.2's RESTORE LAST, SCALE LEDS, SCREEN OFF, EDDA OS's KEY, SHOW CUES, ACT, RUN, REVEAL, SEQ OUT, SELECT), ids 0..24, names, defaults ok
editor: MENU_DESC (1.0.5): after the names each item's tab, index and name (DISPLAY CONTROL AUDIO EDDA SYSTEM) ok
editor: MENU_DESC: the tab comes after every byte of the 1.0.4 reply (older editors ignore it) ok
editor: MENU_DESC: no CALIBRATION / ABOUT; an index past the list answers index, 127 (no item) ok
editor: MENU_DESC / MENU_SET with the wrong length: no reply                   ok
editor: MENU_SET: every setting applied as the menu does (palette, EQ, USB LEVEL, CLICK, COUNT-IN at once, RESTORE LAST, SCALE LEDS, SCREEN OFF, EDDA's), read back ok
editor: MENU_SET: a flag back to its default leaves the other flags            ok
editor: MENU_SET: out-of-range values clamped, the reply says the value the device took ok
editor: MENU_SET: an unknown id answers rc 1, id and value echoed, nothing changed ok
editor: MENU_SET while the MENU page is shown: the page redraws (ui.force)     ok
editor: MENU_SET USB SERIAL OFF: reply first, applied ~200 ms later (the device re-enumerates) ok
editor: MENU_SET USB SERIAL ON: applied later (with the MENU open: when it closes); unchanged: no drop ok
editor: DESC of DRUM KIT: STD 66 10 77 80 10 66 55 77 USR1..USR4 (1..3 as the kits they play; EDDA OS: the user kits) ok
editor: SET of DRUM KIT 1..3 lands on 66 10 77 (and replies it)                ok
editor: a user preset of DRUM KIT 3 (H+CYM) loads as 77                        ok
editor: a project of DRUM KIT 1..3 loads as 66 10 77 (STD stays)               ok
editor test passed
== robustness: crafted sample slots, engine numbers, retained old projects, preset patterns, malformed requests
robust: SLICE material of 16 overlapping zones: 162816 samples (the slot holds 162816)
editor: 16 overlapping zones: the SLICE scan is at most the slot's size        ok
editor: a slot with a malformed zone: unusable, no zone of it left behind      ok
editor: the same slot made valid scans again                                   ok
editor: a captured project packs and imports                                   ok
editor: FUN8 with an engine past the last (a valid hash) is not a project      ok
editor: FUN5 with an engine past the last is not a project                     ok
editor: restoring a project with an engine past the last is refused, nothing changes ok
editor: a retained FUN5 RAM slot loads bounded (velocity 200 -> inside 0..127) ok
editor: a bank from flash: a note pattern's note inside 0..127, its flags inside their fields ok
editor: a bank from flash: a drum grid's accents only on its hits              ok
editor: a malformed SMP_END is refused without stopping the transport          ok
editor: a malformed BACKUP_PUT is refused without stopping the transport       ok
editor: BACKUP_PUT data without a session: refused, the transport runs         ok
robustness test passed
== modulation matrix: off = bit-identical, the math, MIDI CC1 / CC11 / aftertouch, cost, demos
mod: slots that do nothing: bit-identical to the matrix off                     ok
mod: an active matrix changes the sound, and leaves no modulated value in p[]   ok
mod: LFO -> CUT +63: +63 steps at the top of the LFO (as ENV DEST)              ok
mod: LFO -> PITCH +63: +11.8 semitones (as LFO DEST PIT)                        ok
mod: LFO bipolar: the bottom of the LFO pulls SHP down                          ok
mod: a negative AMT inverts it                                                  ok
mod: MODW -> AMP +63: the wheel down closes the amp (gain 1.6 %)                ok
mod: MODW -> AMP +63: the wheel up opens it fully                               ok
mod: AT -> AMP -64: full pressure closes it                                     ok
mod: EXPR before any CC11 is full (the MIDI default): AMP open                  ok
mod: LFO -> AMP: bipolar as 0..1 (half way at an LFO of 0)                      ok
mod: RAND per note-on: its own generator (the shared rng untouched)             ok
mod: KEY -> CUT +63: an octave above C4 = +12 steps (key tracking 1:1)          ok
mod: VEL -> AMP +63: velocity 127 keeps the amplitude                           ok
mod: ENV -> SHP +40: half the envelope = +20 steps                              ok
mod: RAND -> PITCH: the voice's own random offset                               ok
mod: KEY below C4 negative, VEL 1 -> AMP almost closed                          ok
mod: CUT sums clamp to what the fixed routings reach (+150), PITCH to 2047      ok
mod: MODW -> PAN +16: a quarter of the range (+31)                              ok
mod: PAN restored after the block                                               ok
mod: two slots on PAN add up (+62)                                              ok
mod: PAN clamps to +63                                                          ok
mod: AT -> REV -64: the send down to 0 (clamped)                                ok
mod: LFO -> DIST / CHO (+-32), RATE, VIB: bipolar, half the range each          ok
mod: every per-block value restored                                             ok
mod: LFO -> TRIO PW: clamped to its range (0..127)                              ok
mod: MODW -> E2 -32: half its range down (TRIO INT2 -24..24: -24)               ok
mod: the engine parameters restored                                             ok
mod: DST names: E1..E8 by the engine's labels                                   ok
mod: VEL -> PAN: the latest note-on's velocity                                  ok
mod: KEY -> DLY: the latest note (E4: +4 semitones)                             ok
mod: ENV -> PAN: the latest note's envelope (sounding: > 0)                     ok
mod: USB: CC1 ch 1 -> part 1, CC11 ch 3 -> part 3, AT ch 4 -> part 4            ok
mod: USB: ROUT CH1-4: CC1 on ch 7 reaches no track                              ok
mod: USB: ROUT SEL: CC1 on ch 7 -> the selected track (2)                       ok
mod: CC121 resets MODW / AT / EXPR of the channel's track                       ok
mod: TRS: CC1, running status, realtime between, CC11, AT (1 data byte, running status) -> parts ok
mod: TRS: ROUT CH1-4: ch 5 is ignored                                           ok
mod: TRS: ROUT SEL: ch 5 -> the selected track (2)                              ok
mod: MODW -> PAN +63 through MIDI: the part is on the right (fresh FX)          ok
mod: cost: no instruction counter on this host (proc_pid_rusage), skipped
mod: 5 demos in build/mod_demo (lfo_cut, vel_amp, modw_vib, lfo_trio_pw, at_wheel_drv)
mod: demos written                                                              ok
mod matrix test passed
== SLICER: no clicks, timing, sync with the sequencer, STUT, cost, demos
slicer: no clicks: GATE pattern 1, 1/16, 120 BPM, 100 %: largest step 349 (sine 314, 1.1 x) ok
slicer:   closed steps silent (rms 0.79)                                           ok
slicer: no clicks: GATE pattern 12, 1/32, 240 BPM, 100 %: largest step 348 (sine 314, 1.1 x) ok
slicer:   closed steps silent (rms 0.84)                                           ok
slicer: no clicks: GATE pattern 2, 32T, 240 BPM, swing 50 %: largest step 350 (sine 314, 1.1 x) ok
slicer:   closed steps silent (rms 0.59)                                           ok
slicer: no clicks: GATE pattern 5, 8T, 90 BPM, 60 %: largest step 348 (sine 314, 1.1 x) ok
slicer: no clicks: STUT pattern 7, 1/16, 120 BPM, 100 %: largest step 394 (sine 314, 1.3 x) ok
slicer: no clicks: STUT pattern 3, 32T, 200 BPM, 70 %, swing 30 %: largest step 314 (sine 314, 1.0 x) ok
slicer: no clicks: STUT pattern 9, 1/8, 40 BPM (loop shorter than the step): largest step 402 (sine 314, 1.3 x) ok
slicer: no clicks: STUT pattern 13, 16T, 133 BPM: largest step 358 (sine 314, 1.1 x) ok
slicer: no clicks: mode / pattern / depth / rate turned while it runs: 426 (1.4 x) ok
slicer: timing: GATE at 97 BPM, swing 20 + 10 %: 64 steps open / closed as the pattern says ok
slicer: timing: every ramp ends / starts on the swung step boundary (sample exact) ok
slicer: sync: 4 tracks, 131 BPM, swing per track: the sequencer's step at 16538 blocks x 4 ok
slicer: OFF: the signal is not touched                                             ok
slicer: STUT: the repeat steps play the live step (24 of 24 checked)               ok
slicer: cost: no instruction counter on this host
slicer: demos in build/slicer_demo (song_dry / song_slicers, pad, acid, drums: dry and sliced)
slicer test passed
== SWING: track + global at most 100, sequencer and SLICER step lengths, the SWG display
swing: track SWG + global SWG, at most 100 (0+0 30+20 60+40 100+0 0+100 70+50 100+100) ok
swing: sequencer: SWG 100 + global 100 -> 100: steps 1.40 x / 0.60 x, pairs = 2 steps ok
swing: sequencer: SWG 100 + global 0 -> 100: steps 1.40 x / 0.60 x, pairs = 2 steps ok
swing: sequencer: SWG 0 + global 100 -> 100: steps 1.40 x / 0.60 x, pairs = 2 steps ok
swing: sequencer: SWG 30 + global 20 -> 50: steps 1.20 x / 0.80 x, pairs = 2 steps ok
swing: sequencer: SWG 0 + global 0 -> 0: steps 1.00 x / 1.00 x, pairs = 2 steps    ok
swing: step_samples at 100 + 100: 1.4 x and 0.6 x of the straight step (was 1.8 x / 0.2 x) ok
swing: SLICER step lengths == the sequencer's (one helper) at 100+100, 100+0, 0+100, 80+70, 0+0 ok
swing: SLICER on the sequencer's step, SWG 40..100 + global 100, 131 BPM, 4 tracks ok
swing: display: SWG / global SWG / ARP SWG 100 -> 100 %, 50 -> 50 %; 0..127 percents unchanged ok
swing: all ok
== FX layer effects: on the 1/16, stereo, too-long REPEAT, SLICER, silent keys, idle bit-identical, clicks, OCT UP / DN, cost, demos
perform: REPEAT 1/16: live until the 1/16 after the press + one 1/16 (exact)       ok
perform:   then the 1/16 from that 1/16, looped (error L 25 R 9, 2nd pass 25 of 12000) ok
perform:   let go: the live signal again after the ramp, bit for bit               ok
perform:   the buffer given back, nothing left running                             ok
perform: REVERSE: live until the 1/16 after the press + a 1/8 (exact)              ok
perform:   then that 1/8 backwards (error L 25 R 9 of 12000)                       ok
perform:   let go: live again                                                      ok
perform: stopped: a 1/16 effect starts at once                                     ok
perform: LPF starts at once (not on the 1/16)                                      ok
perform: REPEAT 1/8: a silent right side stays silent (L 11978, R 0)               ok
perform:   each side keeps its own pitch (lag-1 correlation L 0.998, R 0.982)      ok
perform: REVERSE: a silent right side stays silent (L 11978, R 0)                  ok
perform:   each side keeps its own pitch (lag-1 correlation L 0.998, R 0.982)      ok
perform: TAPE STOP: a silent right side stays silent (L 11994, R 0)                ok
perform:   each side keeps its own pitch (lag-1 correlation L 0.998, R 0.983)      ok
perform: FREEZE: a silent right side stays silent (L 11978, R 0)                   ok
perform:   each side keeps its own pitch (lag-1 correlation L 0.998, R 0.982)      ok
perform: FREEZE: the input gone, it holds what it caught (L 11975 R 8988)          ok
perform: TAPE STOP: silent a beat after the press (peak 0), live again after       ok
perform: REPEAT 1/8 at 72 BPM (417 ms, the loop holds 371): nothing happens, bit for bit ok
perform: REPEAT 1/8 at 120 BPM (250 ms): it plays                                  ok
perform:   REPEAT 1/8 and REVERSE (1/8) fit from 81 BPM, 1/16 from 41              ok
perform:   a REPEAT 1/8 held while the tempo drops below its fit: it ends, no click ok
perform: SLICER STUT: live (no recording, no repeat) while REPEAT has the buffer, dropped after ok
perform: a key pressed while FX is held: no voice, no MIDI, the layer's, its effect held ok
perform:   FX let go first: the key still holds its effect                         ok
perform:   let go: no note-off, the effect off                                     ok
perform: a key held before FX stays a note (note-on and note-off sent)             ok
perform: no layer (kb_mask 0): FX held, keys are notes                             ok
perform: the keys without an effect (6 white from B4, 7 black from D#4): silent, nothing held ok
perform: idle (FX held, no key): the song bit for bit as without the layer         ok
perform:   after an effect is let go and its ramp is over: skipped again           ok
perform: no clicks: REPEAT 1/8 on a 110 Hz sine, in and out: largest step 330 (sine 251) ok
perform:   back to the live signal, bit for bit                                    ok
perform: no clicks: REPEAT 1/16 on a 110 Hz sine, in and out: largest step 377 (sine 251) ok
perform:   back to the live signal, bit for bit                                    ok
perform: no clicks: REPEAT 1/32 on a 110 Hz sine, in and out: largest step 258 (sine 251) ok
perform:   back to the live signal, bit for bit                                    ok
perform: no clicks: REVERSE on a 110 Hz sine, in and out: largest step 401 (sine 251) ok
perform:   back to the live signal, bit for bit                                    ok
perform: no clicks: TAPE STOP on a 110 Hz sine, in and out: largest step 251 (sine 251) ok
perform:   back to the live signal, bit for bit                                    ok
perform: no clicks: FREEZE on a 110 Hz sine, in and out: largest step 267 (sine 251) ok
perform:   back to the live signal, bit for bit                                    ok
perform: no clicks: LPF on a 110 Hz sine, in and out: largest step 272 (sine 251)  ok
perform:   back to the live signal, bit for bit                                    ok
perform: no clicks: HPF on a 110 Hz sine, in and out: largest step 308 (sine 251)  ok
perform:   back to the live signal, bit for bit                                    ok
perform: LPF held a bar: a 5 kHz sine down to 508 of 30000                         ok
perform: HPF held a bar: an 80 Hz sine down to 32 of 30000                         ok
perform: 4x full scale through LPF + HPF + KNOB 2 CRUSH + REPEAT: peak 148480 (no wrap) ok
perform: KNOB 1 FILTER all the way left: a 5 kHz sine down to 508                  ok
perform: KNOB 3 THROW at 100: the dry mix into both sends, full, the dry mix untouched ok
perform: black key 1: track 1 muted while held (peak 16495 -> 85), P_MUTE untouched ok
perform: OCT UP: 215.33 / 344.53 Hz in, out at 430.66 / 689.06 Hz (-0.00 / +0.00 cents) ok
perform: OCT DN: 215.33 / 344.53 Hz in, out at 107.67 / 172.27 Hz (-0.00 / -0.00 cents) ok
perform:   220 / 330 Hz: the strongest splice line -4.7 / +14.5 Hz from 440 / 660 (within 21.5) ok
perform:   220 / 330 Hz: the strongest splice line +2.3 / -7.3 Hz from 110 / 165 (within 21.5) ok
perform: OCT UP: a silent right side stays silent (L 15109, R 0)                   ok
perform: no clicks: OCT UP on a 110 Hz sine, in and out: largest step 491 (sine 251) ok
perform:   back to the live signal, bit for bit; the buffer given back             ok
perform: no clicks: OCT DN on a 110 Hz sine, in and out: largest step 297 (sine 251) ok
perform:   back to the live signal, bit for bit; the buffer given back             ok
perform: OCT UP shimmer 0.82 on 4x full-scale squares: peak 119590, 2.5 s after they stop 0 ok
perform: OCT UP, KNOB 4 at 0: no shimmer (the delay holds the input alone)         ok
perform: cost: no instruction counter on this host
perform: demo build/perform_demo/perform_tour.wav (REPEAT 1/8, a 1/16 -> 1/32 roll, LPF, HPF, REVERSE, TAPE STOP, FREEZE, MUTE 1, KNOB 3 THROW)
perform: demo build/fx_demo/harmonizer_up.wav (a bar plain, two with OCT UP, one plain)
perform: demo build/fx_demo/harmonizer_down.wav (a bar plain, two with OCT DN, one plain)
perform: demo build/fx_demo/harmonizer_shimmer.wav (a bar plain, two with OCT UP and KNOB 4 SHIMMER 70, one plain)
perform test passed
== REVERB TYPE: ROOM bit-identical, SPRING decay / chirp / stability / level, model change, cost, demos
reverb: ROOM: the buses bit for bit as before SPRING (30 s of noise sends, settings changing)        ok
reverb: SPRING decay rises with SIZE: RT60 0.30 s (SIZE 0), 0.81 (64), 3.08 (127)                    ok
reverb: SPRING chirp: 1st arrival's group delay 10 8 10 16 36 137 samples (0.5 1 2 3 4 5 kHz)        ok
reverb:   the next pass more spread: 2nd arrival 0.5 -> 5 kHz 5.8 ms (1st 2.9)                       ok
reverb: SPRING at SIZE 127 DAMP 0: 2 s of full-scale noise: peak 196608, the last second 0           ok
reverb: SPRING at SIZE 127 DAMP 127: 2 s of full-scale noise: peak 196608, the last second 0         ok
reverb: SPRING at SIZE 127 DAMP 0: 2 s of a full-scale 3.2 kHz square: peak 196608, the last second 0 ok
reverb: SPRING at SIZE 127 DAMP 127: 2 s of a 416 Hz square: peak 196608, the last second 0          ok
reverb: level: SPRING's tail -2.3 dB from ROOM's (the same burst, SIZE 90 DAMP 60)                   ok
reverb: rev_clear: every sample of the combs and the allpasses silent                                ok
reverb: ROOM -> SPRING while the tail rings: largest step 18 (the tail's own 501), silent after: 0   ok
reverb:   and back to ROOM                                                                           ok
reverb: cost: no instruction counter on this host
reverb: demo build/fx_demo/spring_drums.wav
reverb: demo build/fx_demo/spring_pluck.wav
reverb: demo build/fx_demo/room_drums.wav
reverb test passed
== regression: golden renders, health, voices, CPU budget
regress: voices: budget of 8 across 4 parts: 4 POLY parts, random notes: at most 8 voices active (budget 8), VOICE part at most 4 (cap 4), 791 voices taken, 0 still fading after their block, all free 1.41 s after the note-offs ok
regress: voices: reuse before the stolen tail fades: same-note retrigger and full local-cap replacement before the fade: at most 8 voices, both MONO parts kept, all released ok
regress: voices: budget after a live mode change: POLY / UNISON chord -> MONO / LEGATO / UNISON: extra voices reclaimed, leads kept, budget 8 ok
regress: voices: budget after voice mode changes: POLY -> MONO / LEGATO and lower UNISON cap: at most 8 voices, all four leads kept, all released ok
regress: voices: note-offs after live voice mode changes: 76 cases: all 16 VCE pairs, both key-up orders and caps 8 / 4; no stale fallback, MONO / LEGATO / UNISON priority leads and fallback preserved ok
regress: samples: high-rate one-shot ends: 80 one-shot ends, both polarities and full scale, 1x..8x rate: terminal interpolation bounded ok
regress: voices: a stolen voice fades: 5 takes; largest sample step at a take 669 vs 1192 before it (0.56 x, limit 1.50 x) ok
regress: voices: MONO keeps its note: MONO part held its note through 868 voices taken from the others: lost in 0 blocks ok
regress: voices: LEGATO keeps its note: LEGATO part held its note through 868 voices taken from the others: lost in 0 blocks ok
regress: voices: UNISON keeps its note: UNISON part held its note through 875 voices taken from the others: lost in 0 blocks ok
regress: voices: VOICE engine cap: VOICE engine, 8 keys: at most 4 voices in POLY, 4 in UNISON (cap 4); freed after release ok
regress: routing: no hanging notes: 14133 random MIDI / key events on ch 1-4, 5, 10, 16 and the keys, track selection changing, 3 rounds (ROUT CH1-4, SEL, switching): no gate left on, every voice free ok
regress: CPU: no instruction counter on this host (proc_pid_rusage); the budget is not checked
regress: CPU, one part with 8 notes held (VOICE 4), heaviest preset per engine (instructions / ns per sample):
regress:   ANALOG   SAW LEAD            0 instr     0.0 ns
regress:   PHASE    BRASS               0 instr     0.0 ns
regress:   LOFI     PULSE LD            0 instr     0.0 ns
regress:   SAMPLE   PIANO               0 instr     0.0 ns
regress:   VOICE    CHOIR AAH           0 instr     0.0 ns
regress:   TRIO     FAT BASS            0 instr     0.0 ns
regress:   WHEEL    FULL ORGAN          0 instr     0.0 ns
regress:   GRAIN    CLOUD PAD           0 instr     0.0 ns
regress:   PHYS     BELL TREE           0 instr     0.0 ns
regress:   DRUM     DRUM KIT            0 instr     0.0 ns
regress:   NOISE    WIND                0 instr     0.0 ns
regress:   FM6      TINE EP             0 instr     0.0 ns
regress:   SLICE    CHOP                0 instr     0.0 ns
regress:   idle                         0 instr    45.6 ns
regress:   idle_drums                   0 instr    76.6 ns
regress:   3parts_full_drums            0 instr   221.7 ns
regress:   idle_click                   0 instr    49.6 ns
regress: 98 golden renders (0 changed, 0 gone), 0 health failures, 0 voice / routing checks failed, 0 CPU entries over budget (0 notes), 0 crashes; 2.1 s
== parameter and engine tables as JSON (for the editor mock test)
== PHYS: stability C-1..G9 over the parameter corners, worst-case cost against PHASE WIRE, demos
phys_test: cost: no instruction counter on this host (proc_pid_rusage); not checked
phys_test: stability: 5760 renders (4 models x notes 0..127 x STRC, BRIT, DAMP, POS, BOW corners), largest output MODAL 4.91 STRING 21.36 MEMB 1.47 SYMP 19.92 (limit 16, strings 24, SYMP 32): ok
phys_test: torture (all parameters and the pitch swept, retriggers, model switches, 4 x 6 s): output peak 22315 ok
phys_test: demos in build/phys_demo: 9 presets, 4 models
phys_test: all checks ok
== skip PHYS reference test (no DaisySP: set DAISYSP to a checkout)
== DRUM: voice targets, controls, no clipping, retrigger, hat choke, the kick on a small speaker, keys, 8 lanes, cost, demos
drum_test: cost: no instruction counter on this host (proc_pid_rusage); not measured
drum_test: voice       pitch Hz      ct  t-30 s centr Hz level dB   peak   DC % stop s
drum_test: KICK PUNCH     50.07    +0.0   0.210      760    -14.5  15002   0.02   0.51 ok
drum_test: KICK ROUND     56.00    +0.1   0.360     1524    -12.5  13282   0.14   0.88 ok
drum_test: SNARE         179.85    +1.1   0.180     6056    -18.2  23282   0.03   0.65 ok
drum_test: CLAP            0.00    +0.0   0.200     7182    -24.2  24855   0.00   0.64 ok
drum_test: HAT CL          0.00    +0.0   0.060    10720    -27.4  19171   0.00   0.16 ok
drum_test: HAT OP          0.00    +0.0   0.340     9528    -23.8  17650   0.00   0.96 ok
drum_test: TOM           110.00    +0.0   0.670     1355    -13.6  14999   0.06   1.85 ok
drum_test: CONGA         300.10    +0.0   0.370     2158    -13.5  15289   0.02   0.93 ok
drum_test: RIM           499.07    -0.7   0.020     2550    -24.3  15001   0.02   0.03 ok
drum_test: CLAVE        2498.02    +0.0   0.030     5803    -20.8  14997   0.00   0.04 ok
drum_test: BELL          801.16    +0.0   0.350     1988    -20.0  15830   0.00   1.06 ok
drum_test: CYM             0.00    +0.0   2.280     6054    -23.5  15045   0.01   9.40 ok
drum_test: targets (pitch +-10 ct, t-30 +-15 % + 10 ms, centroid +-20 %, level +-1.5 dB, DC under 1 %, stop (-84 dB) within 4 x t-30 + 0.5 s): ok
drum_test: controls (TUNE up -> pitch / centroid up, DECAY up -> t-30 up, TONE up -> brighter, each extra in its direction): ok
drum_test: safety: 192 renders (every voice at the corners of DECAY, TONE, extra, TUNE +-25 st, LEVEL 127, full accent): largest peak 32178 (full scale 32767; 185 renders reach the soft knee), DC at most 0.34 % of the peak: ok
drum_test: retrigger (every voice from rest: phases, filters, the noise seed): identical renders ok
drum_test: choke: the open hat -25.9 dB before, -90.3 dB 10..20 ms after (at most -60 dB): ok
drum_test: choke in the DRUM engine (note 42 after 46): the open hat's lane choked and silent: ok
drum_test: kick PUNCH: energy above 150 Hz -7.7 dB, above 300 Hz -14.8 dB of the whole (at least -12 dB above 150 Hz): ok
drum_test: kick ROUND: energy above 150 Hz -10.8 dB, above 300 Hz -21.6 dB of the whole (at least -12 dB above 150 Hz): ok
drum_test: keys: the GM drum map, the first C plays KICK, KICK picks the kick; DRUM is engine 10, PHYS (9) keeps the keyboard: ok
drum_test: kit 80: KICK 0.30 s 1304 Hz -14.5 dB; SNARE 0.10 s 5785 Hz -18.2 dB; CLAP 0.15 s 4339 Hz -24.2 dB; HATCL 0.06 s 10712 Hz -27.4 dB; HATOP 0.35 s 9524 Hz -23.8 dB; TOM 0.20 s 402 Hz -13.6 dB; RIM 0.02 s 4241 Hz -22.5 dB; BELL 0.22 s 1590 Hz -21.0 dB;
drum_test: kit 80: targets (t-30 +-15 % + 10 ms, centroid +-20 %, level +-1.5 dB), DC, the end, DECAY TUNE TONE SNAP, the corners (largest peak 32178, 121 renders in the knee), retrigger: ok
drum_test: kit 10: KICK 0.62 s 1863 Hz -14.5 dB; SNARE 0.35 s 7962 Hz -18.2 dB; CLAP 2.12 s 9100 Hz -24.2 dB; HATCL 0.28 s 7787 Hz -27.4 dB; HATOP 2.00 s 7902 Hz -23.8 dB; TOM 0.42 s 392 Hz -13.6 dB; RIM 0.02 s 1823 Hz -22.5 dB; BELL 2.83 s 5233 Hz -21.0 dB;
drum_test: kit 10: targets (t-30 +-15 % + 10 ms, centroid +-20 %, level +-1.5 dB), DC, the end, DECAY TUNE TONE SNAP, the corners (largest peak 32178, 106 renders in the knee), retrigger: ok
drum_test: kit 66: KICK 0.18 s 505 Hz -14.5 dB; SNARE 0.05 s 10507 Hz -18.2 dB; CLAP 0.16 s 8175 Hz -24.2 dB; HATCL 0.21 s 9473 Hz -27.4 dB; HATOP 0.27 s 9422 Hz -23.8 dB; TOM 0.11 s 1379 Hz -13.6 dB; RIM 0.01 s 2421 Hz -22.5 dB; BELL 0.05 s 1274 Hz -21.0 dB;
drum_test: kit 66: targets (t-30 +-15 % + 10 ms, centroid +-20 %, level +-1.5 dB), DC, the end, DECAY TUNE TONE SNAP, the corners (largest peak 32178, 116 renders in the knee), retrigger: ok
drum_test: kit 55: KICK 0.15 s 651 Hz -14.5 dB; SNARE 0.08 s 7928 Hz -18.2 dB; CLAP 0.13 s 8209 Hz -24.2 dB; HATCL 0.09 s 13073 Hz -27.4 dB; HATOP 0.50 s 13024 Hz -23.8 dB; TOM 0.20 s 3480 Hz -13.6 dB; RIM 0.01 s 3868 Hz -22.5 dB; BELL 0.11 s 5821 Hz -21.0 dB;
drum_test: kit 55: targets (t-30 +-15 % + 10 ms, centroid +-20 %, level +-1.5 dB), DC, the end, DECAY TUNE TONE SNAP, the corners (largest peak 32178, 106 renders in the knee), retrigger: ok
drum_test: kit 77: KICK 0.45 s 1253 Hz -14.5 dB; SNARE 0.12 s 4518 Hz -18.2 dB; CLAP 0.23 s 5906 Hz -24.2 dB; HATCL 0.29 s 8723 Hz -27.4 dB; HATOP 1.63 s 8771 Hz -23.8 dB; TOM 0.42 s 1151 Hz -13.6 dB; RIM 0.11 s 3517 Hz -22.5 dB; BELL 1.09 s 9998 Hz -21.0 dB;
drum_test: kit 77: targets (t-30 +-15 % + 10 ms, centroid +-20 %, level +-1.5 dB), DC, the end, DECAY TUNE TONE SNAP, the corners (largest peak 32178, 100 renders in the knee), retrigger: ok
drum_test: kits 80 10 66 55 77: every GM note on its lane's piece, the 8 lanes alone and together through the engine, the lanes' names: ok
drum_test: KIT 1..3 (HAND CYM H+CYM until 1.0.4) play 66 10 77 (the same samples), the knob skips them, a stored value and motion land on the kit: ok
drum_test: tom fill at the 8-voice budget: same lane voice, both synth notes and other drums kept: ok
drum_test: a synth starts over the kit, a stolen drum retriggers before its fade: budget kept: ok
drum_test: lane LEVEL: another lane's leaves a lane bit for bit, 50 % -11.95 dB (at most 0.03 dB off), 0 % silent: ok
drum_test: engine: the 8 lanes struck at once ring together (8 voices, each lane live on its own voice): ok
drum_test: engine: a lane is mono, notes 41 then 43 (both TOM): one voice, the second hit: ok
drum_test: engine: a crash 0.5 s after its key-off still rings (ADSR SUS 0 REL 0), its voice free after 9.4 s: ok
drum_test: engine: a key-off right after the key-on (before the first block) keeps the hit, 8 lanes (at most 0.03 dB quieter): ok
drum_test: engine: VOICE MONO and GLIDE set: kick and snare still sound together: ok
drum_test: demos in build/drum_demo: 12 voices (designed, DECAY / TONE / extra low and high, TUNE -5 / +5 st), the kit's keys, a beat (PUNCH, ROUND, the kits 80 10 66 55 77)
drum_test: all checks ok
== NOISE: colour slopes, key-tracked filter and clock, META period, DC, clipping, retrigger, cost, demos
noise: ANLG COLR   0 (white): -0.18 dB/oct (want +0 +-1.0)                                    ok
noise: ANLG COLR  64 (pink): -3.21 dB/oct (want -3 +-1.0)                                     ok
noise: ANLG COLR 127 (brown): -6.16 dB/oct (want -6 +-1.5)                                    ok
noise: LFSR COLR   0 (white): -0.03 dB/oct (want +0 +-1.0)                                    ok
noise: LFSR COLR  64 (pink): -3.08 dB/oct (want -3 +-1.0)                                     ok
noise: LFSR COLR 127 (brown): -5.88 dB/oct (want -6 +-1.5)                                    ok
noise: filter tracks the key: peaks 345 / 705 / 1416 Hz at C3 C4 C5 (FREQ 710 Hz at C4)       ok
noise: LFSR clock follows the key: 264 transitions at C3, 531 at C4 (x2.01, want 2)           ok
noise: META (93) periodic at the key: r = 0.973 at 9 periods of C4; LFSR L23 r = 0.068        ok
noise: no DC: worst |mean| 0.45 % of a voice's full scale (RAIN)                              ok
noise: no clipping at the corners: voice sum peak 329504 (8 voices, limit 384000), mix peak 31502 ok
noise: a note from silence renders the same samples again (every preset)                      ok
noise: cost: no instruction counter on this host (proc_pid_rusage); not measured
noise: demos in build/noise_demo: the 4 presets, each playing its suggested pattern
noise_test: all checks ok
== FM6: algorithms, envelopes, retrigger, DC, clipping, macros, patch formats, voices, cost, demos
fm6: algorithms: the classic carrier counts of all 32 (operators on the output bus)             ok
fm6: algorithms: each of the 32 sounds with every operator at full level                        ok
fm6: algorithms: more carriers, more level (1 .. 6)                                             ok
fm6: envelope: attack -> L1, decay -> L2 -> L3, held while the key is down, then the release (in order) ok
fm6: envelope: the voice ends after the release (engine done), not while the key is held        ok
fm6: envelope: attack rate 60 slower than 80 slower than 99; 99 within a block or two           ok
fm6: envelope: attack to L1 in 78 / 8 / 1 blocks (rates 60 / 80 / 99), L1 reached at block 77
fm6: envelope: a decayed note ends while its key is held (L3 0), its voice free                 ok
fm6: retrigger: a note from silence renders the same samples twice                              ok
fm6: retrigger: the same key again while it sounds: no step larger than the tone's own          ok
fm6: factory patches C1..C7, velocity 30 / 127: peak 22852 (VOICE_FS 24000), |mean| at most 5.7
fm6: no clipping: every factory patch, C1..C7, velocity 30 and 127: a voice below 2 x VOICE_FS  ok
fm6: no DC: |mean| below 1 % of VOICE_FS                                                        ok
fm6: MLVL -40 / 0 / +40: centroid 131 / 146 / 793 Hz
fm6: MLVL: + brighter, - darker                                                                 ok
fm6: MRAT 0 / +3: centroid 146 / 203 Hz
fm6: MRAT: + raises the modulators' ratios (brighter)                                           ok
fm6: MEG 0 / +50: centroid at 0.5 s 132 / 179 Hz
fm6: MEG: + the modulators decay slower (brighter later)                                        ok
fm6: VMOD 0 / +5: centroid ratio vel 127 / 40 1.13 / 1.45
fm6: VMOD: + velocity moves the brightness more                                                 ok
fm6: FB 0 / +6 (OP6 alone): centroid 131 / 11044 Hz
fm6: FB: + more feedback (brighter)                                                             ok
fm6: ALG: 1..32 replaces the patch's algorithm, PAT (0) keeps it                                ok
fm6: DTUN 0 / 127 (3 carriers): level swing over 50 ms windows 1.012 / 18.403
fm6: DTUN: the carriers apart: they beat                                                        ok
fm6: SLOT OWN: the track's patch stays (nothing reloads)                                        ok
fm6: SLOT F5 loads the fifth factory patch (main loop)                                          ok
fm6: SLOT back to OWN: the own patch again                                                      ok
fm6: SLOT: F1..F8 and OWN, nothing past it                                                      ok
fm6: fm6_adopt: a factory patch unchanged shows its slot                                        ok
fm6: fm6_adopt: edited, it is the track's own (OWN)                                             ok
fm6: fm6_adopt: an old B slot holding factory F7 shows F7                                       ok
fm6: pack(unpack(x)) == x: the factory patches and the init voice (generator and C agree)       ok
fm6: any 128 bytes unpack into range (2000 random records)                                      ok
fm6: a 32-voice bank SysEx: checksum, its 32 records back as they were                          ok
fm6: a single-voice SysEx (155 bytes): back to the same packed record                           ok
fm6: voices: 8 keys in POLY: 6 voices (the engine's cap)                                        ok
fm6: voices: all free some seconds after the release (the operator envelopes end them)          ok
fm6: cost: no instruction counter on this host (proc_pid_rusage); not measured
fm6: demos in build/fm6_demo: the 14 presets, each playing its suggested pattern
fm6_test: all checks ok
slice_loop: build/slice_demo/loop.wav, 5.00 s, 20 onsets
== SLICE: tables, onsets, reverse, keys, modes, MAN slices and their store, demos
slice: BREAK: build-time table == decoder states                  ok  (0 of 138 differ)
slice: BREAK: slc_scan grid == build-time grid                    ok
slice: BREAK: slc_scan finds the hits (-6 .. +1 ms)               ok  (10 onsets, 10 slices, 0 missed, 0 extra, worst +2.7 ms)
slice: USR1: valid after smp_user_scan, slice table built         ok  (1 zones, 110250 samples)
slice: USR1: table == decoder states                              ok  (0 differ)
slice: USR1: AUTO slices at the onsets (-6 .. +1 ms)              ok  (20 onsets, 20 slices, 0 missed, 0 extra, worst +2.4 ms)
slice: USR1 AUTO starts (ms): 0.0 310.6 622.6 936.1 1248.1 1429.5 1560.1 1873.6 2185.6 2497.6 2992.5 3123.1 3436.6 3748.6 4060.6 4242.0 4372.6 4554.0 4686.1 4867.5
slice: onsets (ms):           0.0 312.5 625.0 937.5 1250.0 1431.2 1562.5 1875.0 2187.5 2500.0 2993.7 3125.0 3437.5 3750.0 4062.5 4243.8 4375.0 4556.2 4687.5 4868.8
slice: USR2 / USR3: empty, no material                            ok
slice: REV: backwards == forwards reversed (BREAK, USR1; 4 / 16 / AUTO) ok  (0 samples differ)
slice: keys: note - C4 - ROOT + START mod 16                      ok
slice: keys: AUTO count, an empty slot plays the sine, USR1       ok
slice: keys: the lowest key is slice 0 (no scale)                 ok
slice: MODE ONE: plays on after the note-off, ends at the slice end ok
slice: MODE GATE: stops at the note-off                           ok
slice: MODE LOOP: loops while held, ends after the note-off       ok
slice: engine 13 is SLICE (the protocol's number), two factory presets ok
slice: MAN: none set = the AUTO slices (BREAK always)             ok
slice: MAN: move a start / the end, SLC_MIN, head and tail trim; unused until commit ok
slice: MAN: split at the middle, join to the one before, at most 32 ok  (32 slices)
slice: MAN: in use after commit: keys, bounds, REV                ok  (0 samples differ)
slice: MAN: edits stack, a slot scan clears them, an empty slot has none ok
slice: MAN restore: restored == saved (starts, end, states)       ok
slice: MAN restore: bad tables are refused and change nothing     ok
slice: MAN: a start moved past a reverse voice ends it (no window past its buffer) ok
slice: MAN: a held LOOP voice after a JOIN before it loops the new slice ok  (ph 86698 end 96467, output -17023..18307)
slice: MAN: a held REV LOOP voice after a SPLIT before it loops the new slice ok  (ph 64893 end 55124, output -17099..17083)
slice: MAN: no room to move or split: nothing moves; AUTO hits too close are left out ok
slice: store: written once stopped and off the page, only when it changed ("SLICES SAVED") ok
slice: store: a slot scan puts the stored slices back (starts, end, states) ok
slice: store: another sample's record or a broken one is ignored  ok
slice: store: bad starts with a good CRC refused; a torn save loses the slices, not the sample ok
slice: store: a sample reaching the last sector keeps its slices in RAM only (TOO LONG TO SAVE) ok
slice: store: a slot emptied or being uploaded: the save is dropped (no TOO LONG TO SAVE) ok  (msg '')
slice: demo preset_chop.wav                4 bars at 120 BPM, peak 20513
slice: demo preset_stutter.wav             4 bars at 120 BPM, peak 15565
slice: demo break_in_order.wav             2 bars at 120 BPM, peak 20513
slice: demo break_resequenced.wav          4 bars at 120 BPM, peak 20513
slice: demo break_resequenced_32.wav       4 bars at 120 BPM, peak 20513
slice: demo usr_empty_plays_sine.wav       2 bars at 120 BPM, peak 17683
slice: demo usr_loop_auto_in_order.wav     2 bars at 96 BPM, peak 19105
slice: demo usr_loop_auto_resequenced.wav  4 bars at 96 BPM, peak 19105
slice: demo usr_loop_16_resequenced.wav    4 bars at 96 BPM, peak 19184
slice: demos rendered (peak above -24 dBFS, no clipping)          ok  (build/slice_demo)
slice: PIANO: build-time table == decoder states                  ok  (0 of 129 differ)
slice: PIANO (SRC 4): the SAMPLE PIANO zone itself (no copy), one AUTO slice at 0 ok  (16537 samples, 1 AUTO)
slice: PIANO (SRC 4): a key plays the zone (AUTO: the whole note), sounding ok  (peak 16600)
slice: SRC: BREAK USR1 USR2 USR3 PIANO USR4 (append-only: 1.0.3's numbers kept; EDDA OS: USR4 after PIANO) ok
slice: SLICE on an empty USR2: A4 plays a sine (440 Hz), ends after the note-off ok  (sine, 440.0 Hz, peak 13508, largest step 922 of 1122, ended)
slice: SLICE on an empty USR2: A3 plays a sine (220 Hz), ends after the note-off ok  (sine, 220.0 Hz, peak 11476, largest step 381 of 513, ended)
slice: SAMPLE on an empty USR2: A4 plays a sine (440 Hz), ends after the note-off ok  (sine, 440.0 Hz, peak 11415, largest step 750 of 958, ended)
slice: GRAIN on an empty USR3: C5 plays a sine (523 Hz), ends after the note-off ok  (sine, 523.3 Hz, peak 11407, largest step 892 of 1126, ended)
slice: SLICE on USR1 (a sample), SAMPLE on PIANO: not the sine    ok
slice: all checks ok
== ASan/UBSan: update loader (other app -> this build)
damaged package (flash.bin CRC) refused, nothing erased  ok
  rc 0, 2332 requests, 87 sector erases
install completes                                        ok
a sector changed in transfer after the check is read again ok
app area == the new package's flash.bin                  ok
flash head [0, 0x4000) untouched                         ok
finish asked (0xF0000000)                                ok
update records cleared (RAM + flash 0xE4F00, the stock firmware's 0xE8F00) ok
user data in Felucca's store that looks like a record is kept ok
no write outside the allowed windows                     ok
re-run with the same package erases nothing              ok
foreign key / damaged app head refused, nothing erased   ok
loader test passed
== ASan/UBSan: M-UPGRADE entry (own loader)
handshake answered                                   ok
identity frame is FM-1_900                           ok
  19 requests
session commits                                      ok
headers + loader + confirm, no head reads            ok
staged body == the package's loader                  ok
LOADER.BIN head CRC                                  ok
record at 0xE4F00 == RAM record                      ok
record CRC / type / magic / ota_addr                 ok
nothing written outside 0xE0000..0xE4FFF             ok
boot cleanup erases the area                         ok
second boot: nothing to do                           ok
host gone -> no commit, area clean                   ok
no 'success' -> -13, no commit, area clean           ok
ota test passed
== ASan/UBSan: editor_test
editor: INFO explicitly tags display capabilities after SONG without changing command 33 ok
editor: UI_SET updates the actual palette and reports RAM-only saving          ok
editor: out-of-range palette leaves the display unchanged                      ok
editor: the retired font weight is not supported (rc 2), UI_STATE says 127     ok
editor: unsupported preference is reported without applying it                 ok
editor: FAV_SET marks DRUM as a normal engine                                  ok
editor: FAV_GET reads the bounded favorite range                               ok
editor: empty user slot cannot be starred                                      ok
editor: saved user slot can be starred without changing its sound              ok
editor: favorite range cannot cross the end of user slots                      ok
editor: short favorite writes return an error without reading absent bytes     ok
editor: UI_STATE rejects unexpected request bytes                              ok
editor: SONG still responds through its original command                       ok
editor: MOTION op 5 sets a lock: rc 0, two records, then their kinds 0 1       ok
editor: MOTION query as before 1.1: no kinds, the lock's id without bit 7      ok
editor: MOTION op 7: the query with the kinds                                  ok
editor: MOTION op 5 refuses step 64 (rc 1)                                     ok
editor: MOTION op 6 on step 2: its automation event stays                      ok
editor: MOTION op 6, 127: every lock goes, the automation stays                ok
editor: realtime bytes interleaved in SysEx do not enter the editor frame      ok
editor: a non-realtime status aborts SysEx without changing parameters         ok
editor: a valid request works after an aborted frame                           ok
editor: a channel event in another USB packet aborts an unfinished SysEx       ok
editor: USB channel packets reject mismatched CIN and high data bits           ok
editor: USB program and channel pressure keep their one-byte payload           ok
editor: USB MIDI ring stops at capacity across counter wrap                    ok
editor: USB rejects new messages until the audio consumer clears overflow      ok
editor: USB resumes after the audio consumer clears overflow                   ok
editor: UART DMA overrun never combines a stale partial note with new data     ok
editor: UART receives a complete fresh note after DMA recovery                 ok
editor: UART discards running-status data after lost bytes until a new status  ok
editor: UART recovers immediately on a complete channel message                ok
editor: UART queue overflow latches the same recovery flag as USB              ok
editor: UART rejects a new stream until audio clears overflow                  ok
editor: UART resumes valid running status after audio clears overflow          ok
editor: legacy 8-byte step writes preserve lane data                           ok
editor: full grid step writes preserve high lane bits and constrain accents    ok
editor: partial or oversized step payloads never mutate a valid step           ok
editor: TRACK_STEP accepts its legacy payload on an unselected track           ok
editor: TRACK_STEP rejects an incomplete grid extension                        ok
editor: STEP_SET with the ratchet: x3 kept, replied after the chance, flags without it ok
editor: STEP_SET without the ratchet (an older editor) keeps the step's own    ok
editor: STEP_SET refuses a ratchet outside 1..4 and leaves the step            ok
editor: STEP_SET keeps the step's nudge and fill (EDDA OS); the reply's flags stay accent | slide ok
editor: TRACK_STEP sets the ratchet of any track (x4, then back to x1)         ok
editor: sample erase waits for STOP and refuses a stalled audio ISR            ok
editor: sample erase stops transport before touching flash                     ok
editor: 257 decoded sample bytes are rejected without a truncated write        ok
editor: a dangling packed-data mask is rejected                                ok
editor: sample writes cancel a pending PLAY before flash access                ok
editor: an oversized sample header is rejected without programming flash       ok
editor: complete sample header and CRC publish a valid slot                    ok
editor: repeated END of the same published header does not rewrite live zones  ok
editor: END cannot change published sample zones without BEGIN                 ok
editor: EDDA OS: slot 3 (USR4, flash 0xE7000) takes BEGIN / WRITE / END like the others; SMP_INFO lists 4 slots; slot 4 is no slot ok
editor: user-preset STORE does not mutate RAM when audio cannot stop           ok
editor: user-preset ERASE reports failure when audio cannot stop               ok
editor: SONG sets and queries the complete chain without changing selection    ok
editor: SONG invalid repeats leave the chain unchanged                         ok
editor: SONG cannot replace a chain while its start is pending                 ok
editor: SONG PLAY refuses extra argument bytes                                 ok
editor: PROJECT refuses an invalid slot instead of wrapping to slot 0          ok
editor: UP_STORE rejects bytes after its name terminator without saving        ok
editor: a successful PROJECT save confirms its slot                            ok
editor: PROJECT never confirms an old used slot when STOP timed out            ok
editor: FM6_GET factory 4: the packed record                                   ok
editor: FM6_PUT track 3: rc 0, the track's patch, SLOT OWN (not F4: the name differs) ok
editor:   .. the main loop keeps it                                            ok
editor: FM6_GET track 3: as sent                                               ok
editor: FM6_PUT of a factory patch unchanged: SLOT shows it (F6)               ok
editor: SLOT OWN -> F2 loads the factory patch                                 ok
editor:   .. and back to OWN brings the own patch back                         ok
editor: a SLOT past OWN is OWN: the patch stays, nothing reloads               ok
editor: FM6_GET of the bank: rc 3, no bank                                     ok
editor: FM6_PUT to the bank: rc 3, no bank                                     ok
editor: FM6_ERASE: rc 3, no bank                                               ok
editor: FM6_LIST: 8 factory names, nbank 0                                     ok
editor: UP_STORE of an FM6 track: FM6_GET user 6 gives its patch               ok
editor: FM6_PUT user 6, then GET: stored in range (a level of 120 -> 99)       ok
editor:   .. UP_LOAD 6 plays it, SLOT OWN                                      ok
editor:   .. a rename keeps it                                                 ok
editor: a DRUM user preset has no patch: GET rc 2, PUT rc 1                    ok
editor: an empty user slot: PUT rc 1; past the slots: GET rc 1                 ok
editor: an erased preset's patch is gone (GET rc 2)                            ok
editor: FM6_PUT: a fifth track or a short record: rc 1                         ok
editor: FM6_GET of an unknown target: rc 1                                     ok
editor: UP_PUT stores a v4 record (no flash here: kept in RAM)                 ok
editor: UP_PUT keeps every value (PAN -20, FLT -40, min and max)               ok
editor: UP_GET returns the values and the pattern UP_PUT sent                  ok
editor: WATCH 1 starts watching                                                ok
editor: WATCH 1 while watching keeps a pending change: CHANGED still goes out  ok
editor: WATCH 0 then WATCH 1 starts from the values as they are (no push)      ok
editor: WATCH 3 while watching: CHANGED kept, TRACK_CHANGED from the mix as it is ok
editor: WATCH after a USB reset starts over                                    ok
editor: the editor's own PRESET: no RELOAD, no CHANGED for what it loaded, a pending CHANGED stays ok
editor: PRESET of other engines: no push at all                                ok
editor: SET of G_ENGSEL: no RELOAD                                             ok
editor: a RELOAD due before the editor's PRESET still goes out                 ok
editor: not watching: PRESET as before, WATCH then starts from it              ok
editor: BACKUP_PUT begin through ep1_take                                      ok
editor: 256-byte pieces in 64-byte USB packets at full speed: every piece taken (rc 0) ok
editor: abort through ep1_take                                                 ok
editor: pipelined: the first piece is taken, the second (sent before its reply) dropped whole ok
editor: ... so the next piece is refused (rc 1, offset), as a host that waits never sees ok
editor: MENU_DESC: 25 items (1.0.4's 12 in the menu's order, then 1.1's CLICK, CLICK LEVEL, COUNT-IN, 1.2's RESTORE LAST, SCALE LEDS, SCREEN OFF, EDDA OS's KEY, SHOW CUES, ACT, RUN, REVEAL, SEQ OUT, SELECT), ids 0..24, names, defaults ok
editor: MENU_DESC (1.0.5): after the names each item's tab, index and name (DISPLAY CONTROL AUDIO EDDA SYSTEM) ok
editor: MENU_DESC: the tab comes after every byte of the 1.0.4 reply (older editors ignore it) ok
editor: MENU_DESC: no CALIBRATION / ABOUT; an index past the list answers index, 127 (no item) ok
editor: MENU_DESC / MENU_SET with the wrong length: no reply                   ok
editor: MENU_SET: every setting applied as the menu does (palette, EQ, USB LEVEL, CLICK, COUNT-IN at once, RESTORE LAST, SCALE LEDS, SCREEN OFF, EDDA's), read back ok
editor: MENU_SET: a flag back to its default leaves the other flags            ok
editor: MENU_SET: out-of-range values clamped, the reply says the value the device took ok
editor: MENU_SET: an unknown id answers rc 1, id and value echoed, nothing changed ok
editor: MENU_SET while the MENU page is shown: the page redraws (ui.force)     ok
editor: MENU_SET USB SERIAL OFF: reply first, applied ~200 ms later (the device re-enumerates) ok
editor: MENU_SET USB SERIAL ON: applied later (with the MENU open: when it closes); unchanged: no drop ok
editor: DESC of DRUM KIT: STD 66 10 77 80 10 66 55 77 USR1..USR4 (1..3 as the kits they play; EDDA OS: the user kits) ok
editor: SET of DRUM KIT 1..3 lands on 66 10 77 (and replies it)                ok
editor: a user preset of DRUM KIT 3 (H+CYM) loads as 77                        ok
editor: a project of DRUM KIT 1..3 loads as 66 10 77 (STD stays)               ok
editor test passed
== ASan/UBSan: project_test
layout: SLICER after DETUNE, then the matrix just before P_E0 ok
FUN9 fits one flash object, the retained cache in NOINIT     ok
FUN2 image is 2552 bytes (as stored)                         ok
FUN2 -> FUN6: converted, valid format 5 slot                 ok
FUN2 -> FUN6: globals (id 24, the old drum channel: ROOM) and selected track ok
FUN2 -> FUN6: every parameter mapped, SLICER and matrix OFF (4 tracks) ok
FUN2 -> FUN6: engine bytes kept (WHEEL 7, ANALOG 0, TRIO 6)  ok
FUN2 -> FUN6: the drum track -> part 4, DRUM (its kit on load), steps kept (lanes as hits) ok
FUN3 image is 2584 bytes (as stored)                         ok
FUN3 -> FUN6: every parameter kept, the matrix OFF, steps, globals (24: ROOM) ok
FUN3 before 1.0: the drum track -> part 4 (LEVEL / REV from G_DRLVL / G_DRREV) ok
FUN6 -> FUN6: as stored (a matrix slot, engine 8, a DRUM step with notes and hits) ok
FUN5 -> FUN6: sounds, grid and reserved lane bytes kept, no chain ok
FUN5: damaged checksum refused                               ok
FUN6: chain round trip                                       ok
FUN6: invalid row refused even with a correct checksum       ok
FUN4 image is 2680 bytes (as stored)                         ok
FUN4 -> FUN6: parameters, engines, globals; steps as they were, no hits ok
FUN4 -> FUN6: a DRUM track's lane notes -> hits (accents too), a low tom / crash kept ok
FUN3 with a bad checksum: refused                            ok
FUN6 size with a FUN3 magic: refused                         ok
FUN2 with a bad checksum: refused                            ok
FUN2 with a wrong length: refused                            ok
FUN6 size with a FUN2 magic: refused                         ok
FUN1 -> FUN6: track 1 mapped, tracks 2..4 defaults           ok
FUN4 phys 1: PHYS MODEL DRUM -> DRUM engine (its lane notes as hits), MEMB kept ok
FUN6 after it: imported again, as it is                      ok
FUN4 phys 0: PHYS DUST -> MODAL bowed                        ok
FUN9 name at the end of the reserved tail, the FM6 patches before it, after the data (48 spare) ok
FUN7 no name: the tail all zero (as firmware before wrote it) ok
FUN7 of before names (zero tail): loads, no name             ok
FUN7 name round trip (upper case, 0-padded)                  ok
FUN7 name of 12 characters (no terminator)                   ok
FUN7 name byte changed: the hash refuses the project         ok
FUN7 name with a byte outside 32..126: the project loads, no name ok
FUN6..FUN1 imports: no name                                  ok
FUN9: the four FM6 patches round trip (bytes at PROJ_FM6_OFF) ok
FUN9: a patch byte changed: the hash refuses it              ok
FUN9 round trip: locks on a lane level (P_LN2) and an engine value (P_E5) kept ok
FUN8 of 1.0.x (91 parameters): lane levels 100 %, E0..E7 at P_E0, patches and name kept ok
  its motion: E3 (86 then) at P_E3, REV kept                 ok
  a lock on its E5 (88 then): at P_E5, still a lock          ok
  one byte short: refused                                    ok
  in a retained (longer) slot: loads                         ok
FUN7 -> FUN9: the music and name kept, every track the init patch ok
FUN7 REVERB TYPE above SPRING (an old drum channel): ROOM    ok
FUN7 one byte short: refused                                 ok
a retained 3648-byte slot holding a FUN7 record loads it     ok
a retained slot of garbage is empty                          ok
FUN8: a patch byte above 127 cannot be packed                ok
FUN8: a step out of range packs inside it (note, velocity 127; accents on hits): it loads ok
FUN8 with a DIGITAL track: FM6, the converted patch its own, PTCH / preset FM6 PAD ok
  its motion on INDEX / OP LEVEL / E7 goes; a send's and the other track's stay ok
  imported again: as it is (FM6 now)                         ok
FUN7 with a DIGITAL track: the same                          ok
FUN4 with a DIGITAL track (no OP ENV then: their defaults): FM6, converted ok
FUN1 with DIGITAL: track 1 FM6 (BELL), track 2 the power-on sound (FM6 now) ok
FUN8 with a SAMPLE PERC track: DRUM's kit, the rest of the sound and the steps kept ok
  its motion on CUT goes; a send's and the other track's stay ok
  imported again: as it is (DRUM now)                        ok
FUN4 with a SAMPLE PERC track: DRUM's kit, the same          ok
project format test passed
== ASan/UBSan: backup_test
backup: LIST captures the runtime: 14 objects (id 8 empty, id 9 the FM6 patches, 35 the 4th slot), runtime 3648 B (FUN9) ok
backup: an empty project slot lists as length 0                                  ok
backup: GET of the runtime copy                                                  ok
backup: a project save after LIST reused the staging RAM: GET of the runtime is stale (5) ok
backup: a new LIST makes it readable again                                       ok
backup: a USB reset after LIST: GET is stale (5)                                 ok
backup: settings with SPEAKER BASS+ restore                                      ok
backup: settings of an older backup restore with the palette migrated            ok
backup: settings with an unknown SPEAKER value are refused, nothing written      ok
backup: settings with HOLD 0.6 s restore                                         ok
backup: settings of an older backup restore with HOLD 0.4 s                      ok
backup: settings with an unknown HOLD value are refused, nothing written         ok
backup: settings with LEDS INV restore                                           ok
backup: settings of an older backup restore with LEDS DIM                        ok
backup: settings with LEDS DIM LO restore                                        ok
backup: settings with LEDS OFF restore                                           ok
backup: settings with an unknown LEDS value are refused, nothing written         ok
backup: a wrong CRC is refused before any write                                  ok
backup: an unknown object id is refused                                          ok
backup: a project of the wrong length is refused                                 ok
backup: settings of the wrong length are refused                                 ok
backup: a chunk without a begin is refused (5)                                   ok
backup: a chunk at the wrong offset is refused                                   ok
backup: a chunk for another object is refused (5)                                ok
backup: a chunk past the length is refused                                       ok
backup: commit before all bytes arrived is refused                               ok
backup: a USB reset during PUT ends it (5)                                       ok
backup: 16 s without a chunk ends the PUT (5)                                    ok
backup: a project save during PUT (the staging RAM) ends it (5)                  ok
backup: PUT while starting PLAY is refused (3)                                   ok
backup: a FUN9 project restores into slot 3 (flash and RAM)                      ok
backup: a FUN8 project (1.0.x) restores as FUN9 into slot 2, E0 at P_E0, lane levels 100 % ok
backup: a FUN6 project restores as FUN9, bounded, its E0 at P_E0                 ok
backup: the user presets of an old archive (id 6) restore                        ok
backup: an old archive's FM6 bank (id 8) is taken (0)                            ok
backup:   .. its B3 patch is now the B3 presets' own (slots 1 and 5)             ok
backup:   .. an F slot, an empty B slot and a DRUM sound get none (factory / init / no patch, as before) ok
backup:   .. written to flash (the user presets' FM6 patches)                    ok
backup:   .. and the B3 preset loads it, SLOT OWN                                ok
backup:   .. the F2 preset loads the factory patch, SLOT F2                      ok
backup: a restore of id 8 twice moves nothing more (idempotent)                  ok
backup: an empty id 8 (a 1.0.3 archive) is taken and ignored                     ok
backup: an FM6 bank with a byte above 127 is refused (2)                         ok
backup: id 8 lists empty, id 9 with the patches' length                          ok
backup: id 9 restores the user presets' FM6 patches (flash and RAM)              ok
backup: an id 9 of another layout is refused (2), the patches kept               ok
backup: an id 9 of the wrong size is refused at begin (1)                        ok
backup: an id 10 is refused (1)                                                  ok
backup: a flash error on commit (4) keeps the slot's RAM copy                    ok
backup: an empty project object clears the slot                                  ok
backup: a project whose own hash fails is refused                                ok
backup: the runtime object restores the tracks                                   ok
backup: a bank with a future record version restores byte for byte               ok
backup: a bank with the wrong slot count is refused                              ok
backup test passed
== ASan/UBSan: robust_test
robust: SLICE material of 16 overlapping zones: 162816 samples (the slot holds 162816)
editor: 16 overlapping zones: the SLICE scan is at most the slot's size        ok
editor: a slot with a malformed zone: unusable, no zone of it left behind      ok
editor: the same slot made valid scans again                                   ok
editor: a captured project packs and imports                                   ok
editor: FUN8 with an engine past the last (a valid hash) is not a project      ok
editor: FUN5 with an engine past the last is not a project                     ok
editor: restoring a project with an engine past the last is refused, nothing changes ok
editor: a retained FUN5 RAM slot loads bounded (velocity 200 -> inside 0..127) ok
editor: a bank from flash: a note pattern's note inside 0..127, its flags inside their fields ok
editor: a bank from flash: a drum grid's accents only on its hits              ok
editor: a malformed SMP_END is refused without stopping the transport          ok
editor: a malformed BACKUP_PUT is refused without stopping the transport       ok
editor: BACKUP_PUT data without a session: refused, the transport runs         ok
robustness test passed
== ASan/UBSan fuzz: editor SysEx and raw USB-MIDI packets (20000, seed 7)
fuzz ok: 18777 frames, 1223 raw packets
== ASan/UBSan fuzz: project stores -> import -> restore -> render (5000, seed 13)
fuzz_proj ok: 5000 iterations, 88 imported
== ASan/UBSan fuzz: user sample slot headers -> scan -> SAMPLE / GRAIN / SLICE (1000, seed 17)
fuzz_smp ok: 1000 iterations, 92 valid slots
== regression: target cost of the render loops (pi32v2 disassembly)
target: analog_render     601 instructions,  437 in loops, 18 divides,  0 calls there: cost   581 (budget 585) ok
target: phase_render      197 instructions,   77 in loops, 0 divides,  2 calls there: cost    77 (budget 79) ok
target: lofi_render       313 instructions,  123 in loops, 0 divides,  0 calls there: cost   123 (budget 123) ok
target: sample_render     198 instructions,   92 in loops, 0 divides,  1 calls there: cost   128 (budget 126) ok
target: formant_render    614 instructions,  296 in loops, 2 divides,  0 calls there: cost   312 (budget 314) ok
target: trio_render       630 instructions,  301 in loops, 5 divides,  2 calls there: cost   341 (budget 341) ok
target: trio_pass         257 instructions,  151 in loops, 3 divides,  0 calls there: cost   175 (budget 175) ok
target: wheel_render      284 instructions,  180 in loops, 0 divides,  0 calls there: cost   267 (budget 267) ok
target: wheel_block       184 instructions,   86 in loops, 0 divides,  1 calls there: cost    86 (budget 102) note: -16 % (BUDGET_UPDATE=1 to keep it)
target: grain_render      789 instructions,  288 in loops, 2 divides,  1 calls there: cost  1732 (budget 1731) ok
target: grain_block       277 instructions,  127 in loops, 0 divides,  2 calls there: cost   127 (budget 139) ok
target: phys_render       280 instructions,   61 in loops, 0 divides,  0 calls there: cost    61 (budget 61) ok
target: drum_render      2560 instructions, 1348 in loops, 45 divides, 15 calls there: cost  1870 (budget 86) OVER BUDGET (+2074 %, limit +10 %)
target: noise_render      530 instructions,  229 in loops, 0 divides,  0 calls there: cost   229 (budget 259) note: -12 % (BUDGET_UPDATE=1 to keep it)
target: fm6_render        524 instructions,  300 in loops, 0 divides,  6 calls there: cost   372 (budget 372) ok
target: fm6_op_run        104 instructions,   72 in loops, 0 divides,  0 calls there: cost    72 (budget 72) ok
target: fm6_op_fb          48 instructions,   26 in loops, 0 divides,  0 calls there: cost    26 (budget 26) ok
target: px_modal_block    218 instructions,  111 in loops, 0 divides,  2 calls there: cost   111 (budget 111) ok
target: px_modal_run      209 instructions,  123 in loops, 0 divides,  0 calls there: cost   192 (budget 192) ok
target: px_memb_block     220 instructions,  106 in loops, 0 divides,  1 calls there: cost   106 (budget 106) ok
target: px_string_excite   194 instructions,  171 in loops, 0 divides,  0 calls there: cost   171 (budget 171) ok
target: px_string_run     326 instructions,  264 in loops, 0 divides,  0 calls there: cost   264 (budget 264) ok
target: px_symp_run       196 instructions,  111 in loops, 0 divides,  0 calls there: cost   252 (budget 252) ok
target: dv_metal_run       41 instructions,   26 in loops, 0 divides,  0 calls there: cost    26 (budget 26) ok
target: dv_kick_run       214 instructions,  151 in loops, 0 divides,  0 calls there: cost   151 (budget 153) ok
target: dv_snare_run      207 instructions,  154 in loops, 0 divides,  0 calls there: cost   154 (budget 158) ok
target: dv_clap_run       123 instructions,   74 in loops, 0 divides,  0 calls there: cost    74 (budget 74) ok
target: dv_hat_run        106 instructions,   61 in loops, 0 divides,  0 calls there: cost    61 (budget 61) ok
target: dv_tom_run        108 instructions,   75 in loops, 0 divides,  0 calls there: cost    75 (budget 75) ok
target: dv_rim_run         77 instructions,   61 in loops, 0 divides,  0 calls there: cost    61 (budget 61) ok
target: dv_bell_run        86 instructions,   52 in loops, 0 divides,  0 calls there: cost    52 (budget 52) ok
target: dv_cym_run        107 instructions,   67 in loops, 0 divides,  0 calls there: cost    67 (budget 67) ok
target: dv_out             40 instructions,   35 in loops, 0 divides,  0 calls there: cost    35 (budget 35) ok
target: dv_metal_mix       22 instructions,   16 in loops, 0 divides,  0 calls there: cost    16 (budget 16) ok
target: slicer_track      310 instructions,  269 in loops, 5 divides,  1 calls there: cost  1005 (budget 632) OVER BUDGET (+59 %, limit +10 %)
target: slice_render      394 instructions,  148 in loops, 0 divides,  2 calls there: cost   436 (budget 453) ok
target: slc_rev           202 instructions,  120 in loops, 0 divides,  0 calls there: cost   120 (budget 120) ok
target: fm1_alnk0_irq    2513 instructions, 2402 in loops, 17 divides, 99 calls there: cost 44733 (budget 37502) OVER BUDGET (+19 %, limit +10 %)
target: fm1_timer5_irq   1657 instructions, 1319 in loops, 2 divides, 65 calls there: cost 34575 (budget 33387) ok
target: uac_tap48         134 instructions,   99 in loops, 0 divides,  0 calls there: cost   504 (budget 504) ok
target: click_render       79 instructions,   30 in loops, 0 divides,  0 calls there: cost    30 (budget 30) ok
target: mod_begin         187 instructions,  148 in loops, 0 divides,  3 calls there: cost   163 (budget 158) ok
target: mod_voice         120 instructions,   30 in loops, 0 divides,  1 calls there: cost    30 (budget 30) ok
target: mod_end            18 instructions,    7 in loops, 0 divides,  0 calls there: cost     7 (budget 7) ok
target: perf_begin        208 instructions,   36 in loops, 0 divides,  1 calls there: cost    36 (budget 28) OVER BUDGET (+29 %, limit +10 %)
target: perf_mute          37 instructions,   21 in loops, 0 divides,  0 calls there: cost    21 (budget 21) ok
target: perf_pre           39 instructions,   26 in loops, 0 divides,  0 calls there: cost    26 (budget 27) ok
target: perf_block        872 instructions,  823 in loops, 0 divides,  3 calls there: cost   823 (budget 814) ok
target: perf_master        48 instructions,   32 in loops, 0 divides,  1 calls there: cost    32 (budget 31) ok
target: rev_room           85 instructions,   68 in loops, 0 divides,  0 calls there: cost   218 (budget 218) ok
target: rev_spring        173 instructions,   90 in loops, 0 divides,  0 calls there: cost   126 (budget 126) ok
== installer CLI (fm1_install.py) against a simulated FM-1
pack7 / unpack7 round trip                                       ok
response: header, address, data, checksum                        ok
product_of / logical_image (synthetic)                           ok
install: running -> loader -> Felucca (11 reads)                 ok
install: device already in update mode -> finishes the write     ok
install: answer no -> nothing sent but the handshake             ok
--info: identity of the connected FM-1                           ok
--info: device in update mode                                    ok
--info: control bytes in the device's identity are not printed   ok
sample upload: slot names printable only                         ok
sample upload: a malformed SMP_INFO reply is an error            ok
no FM-1 port -> exit 3, lists the MIDI inputs                    ok
--port that matches nothing -> exit 3                            ok
--port picks a port the default match skips                      ok
unplugged in step 1 -> exit 4 'lost', nothing written            ok
unplugged during the write -> exit 4 at once                     ok
loader stops answering -> exit 4 after the idle time             ok
read past the package -> exit 4                                  ok
another identity after the restart -> exit 6                     ok
another model -> exit 6, nothing sent                            ok
no loader after step 1 -> exit 5                                 ok
package without the loader marker -> exit 2, no MIDI             ok
... installs with --force                                        ok
not a package -> exit 2                                          ok
missing file -> exit 2                                           ok
logical_image / product_of == fm1pkg.js (felucca.fwsc, FM-1_911) ok
felucca.fwsc carries the Felucca loader marker                   ok
official V15 restore: skipped (needs FM-1_v15.fwsc in the repo root)
install tests passed
== web pages: editor protocol + samples, package builder, update protocol
editor: INFO                                                     ok
editor: DESC for every parameter                                 ok
editor: SLICER parameters 45..48 over DESC                       ok
editor: a factory preset keeps the SLICER (the track's)          ok
editor: matrix parameters 49..60 over DESC (20 DST names)        ok
editor: a factory preset turns every matrix slot off             ok
editor: the chord keys 81, 82 over DESC                          ok
editor: a factory preset keeps CHRD and VOIC (the track's)       ok
editor: the DRUM lane levels 83..90 over DESC (percent, 100 % default) ok
editor: a lane level is the sound's: a factory preset sets it back to 100 % ok
editor: preferences preserve the existing SONG command           ok
editor: an untagged PR capability cannot masquerade as SONG or preferences ok
editor: existing SONG firmware remains compatible without preference probes ok
editor: tagged preference extension advertises its supported controls ok
editor: queued favorite response is applied while waiting for STOP ok
editor: preference capabilities (palette, favorites) and palette names ok
editor: display preference 0 (palette) round trip                ok
editor: out-of-range palette refused                             ok
editor: the retired font weight answers not supported            ok
editor: empty user slot cannot be favorited                      ok
editor: favorites filter follows device state                    ok
editor: panel-side favorite changes refresh                      ok
editor: saved user slot appears as favorite                      ok
editor: overwrite retains star and refreshes name                ok
editor: erased slot disappears and loses star                    ok
editor: engines listed FM6 second, DRUM last (indices kept)      ok
editor: an unknown engine follows the known ones                 ok
editor: device presets in the device's engine order              ok
editor: old firmware receives no unsupported preference requests ok
editor: MENU settings (this editor has none)                     skip
editor: all 16 scale names exposed                               ok
editor: new scale selection is not clamped to the old range      ok
editor: DUMP                                                     ok
editor: SET clamps to the range                                  ok
editor: MIDI IN routing (ROUT CH1-4 / SEL, global id 14)         ok
editor: REVERB TYPE (ROOM / SPRING, global id 24; 25, 26 still inert) ok
editor: STEP_SET                                                 ok
editor: PROJECT save                                             ok
editor: sample upload (CRC checked by the mock)                  ok
editor: no reply -> timeout after the retries                    ok
SAMPLE: TRANH and PERC removed, SET 1 and 4 kept as PIANO aliases, indices unchanged; EKIT LOG (EDDA OS: THE ARRIVAL) ok
SAMPLE: an entry named like an earlier one is an alias of it     ok
SAMPLE: preset 1 and SET 1 / 4 (once TRANH, PERC) land on PIANO  ok
DRUM: KIT 1..3 (once HAND CYM H+CYM) named 66 10 77, aliases of 6 5 8: hidden, a SET lands there; USR1..4 the user kits, EDDA THE ARRIVAL's (EDDA OS) ok
SAMPLE: factory preset 4 (once PERC) loads DRUM's kit            ok
SAMPLE: old PERC project loads as DRUM's kit, the rest of the sound and the steps kept ok
editor: PHYS models MODAL STRNG MEMB SYMP (no DUST, no DRUM), 9 presets ok
editor: DRUM engine 10 (KIT TUNE TONE DECY SNAP ACC KICK DRV), one kit suggesting BEAT ok
editor: mock tables == firmware (0 differences)                  ok
editor: percent values == firmware (105 values)                  ok
editor: enum lists in the device's knob order (36 lists)         ok
editor: #48 DIV / RATE / TIME longest first (values unchanged: 2 is still 1/16) ok
editor: SWG 100 shows 100 % (not 79), 0..127 percents unchanged  ok
librarian: parameter keys unique (label#n, E0..E7)               ok
librarian: UP_LIST, 32 slots in 2 frames                         ok
librarian: capture = DUMP + first 16 steps                       ok
librarian: UP_PUT -> UP_GET round trip                           ok
librarian: UP_PUT to a slot past the bank -> rc 1                ok
librarian: device names (ASCII, 1..12)                           ok
librarian: UP_STORE keeps the current sound                      ok
librarian: UP_LOAD applies the sound only (steps and the track's ARP stay) ok
librarian: UP_ERASE, UP_LOAD of an empty slot -> rc 1            ok
librarian: audition = G_ENGSEL + SETs of the sound; steps, LEN and ARP stay; no flash write ok
librarian: a second audition keeps the sequence too              ok
librarian: pattern ties / rests normalised like the firmware     ok
librarian: UP_STORE with no name -> automatic name               ok
library file: versioned, with P_COUNT, labels and engines        ok
library file: write -> read round trip                           ok
library file: other ids / engine order mapped by label and name  ok
library file: a patch for an unknown engine is skipped           ok
library file: bank export keeps slot numbers                     ok
library file: 69-parameter files (patch, labelled, unlabelled) map the engine's 8 to 91..98 ok
library file: 89-parameter files (patch, labelled, unlabelled) map the engine's 8 to 91..98, the chord keys unset ok
library file: 91-parameter files (1.0.x: patch, labelled, unlabelled) map the engine's 8 to 91..98, the lane levels unset ok
library file: reads the old "Save to file" format                ok
library file: unknown format -> error                            ok
grid: hits as text (lanes, > accent, CYM / CONGA aliases)        ok
grid: STEP_SET / STEP_GET carry the hits (lane 8 too)            ok
grid: a STEP_SET without hits (an older editor) keeps them       ok
grid: TRACK_STEP carries the hits (an older firmware's reply: none) ok
grid: capture of a DRUM track = its grid (a crash 49 on BELL)    ok
grid: UP_PUT kind 1 -> UP_GET round trip                         ok
grid: malformed preset extension rejected without changing saved data ok
grid: malformed preset extension rejected without changing saved data ok
grid: malformed preset extension rejected without changing saved data ok
grid: a library file keeps the grid                              ok
grid: UP_STORE of a DRUM track stores its grid                   ok
grid: a note pattern stays a pattern (kind 0)                    ok
ratchet: INFO 52 01 04, STEP_SET x3 after the chance             ok
ratchet: a STEP_SET without it (an older editor) keeps the step's ok
ratchet: never sent without the chance before it                 ok
ratchet: TRACK_STEP x4 on another track                          ok
ratchet: INFO 52 01 04 after 50 01 03 and 4E 01 count            ok
ratchet: the firmware's INFO trailer; 1.0's has none and its steps read x1 ok
ratchet: a user preset's pattern keeps it in its flags (8 | 16)  ok
ratchet: firmware without it: no tag, steps x1                   ok
live: WATCH on                                                   ok
live: CHANGED while DUMP waits -> push handler, reply still matched ok
live: RELOAD and STEP_CHANGED routed                             ok
live: INFO 53 01 03, no RELOAD echo of an editor PRESET, nothing after its STEP_SET ok
live: firmware before the sync tag echoes the editor's PRESET as RELOAD (the editor skips it) ok
live: the INFO trailer of 1.0.2: backup, FM6 (a bank), then the sync tag; no FM6 v2 ok
live: the INFO trailer of 1.0.3: FM6 v2 after the sync tag (no bank, preset patches) ok
live: PING keeps WATCH on                                        ok
live: WATCH ends by itself without requests                      ok
live: drag SETs coalesce (2 frames for 40 values, latest kept)   ok
live: no timeouts                                                ok
live: older firmware -> WATCH unanswered (fall back to polling), no bank ok
preferences: a reply for another setting or favorite cannot finish the request ok
preferences: the matching reply completes the request            ok
preferences: a reply for another setting or favorite cannot finish the request ok
preferences: the matching reply completes the request            ok
preferences: a reply for another setting or favorite cannot finish the request ok
preferences: the matching reply completes the request            ok
preferences: a reply for another setting or favorite cannot finish the request ok
preferences: the matching reply completes the request            ok
preferences: stale replies are routed away without leaving requests busy ok
tracks: INFO NTRK, TRACK lists 4 parts (track 4: DRUM KIT)       ok
tracks: TRACK selects; DUMP / SET act on it, TRACK_DUMP reads any track ok
tracks: TRACK_STEP set / get on another track                    ok
tracks: TRACK_MIX level / mute (track 4: its own LEVEL)          ok
tracks: track 4 selected -> DUMP engine DRUM, UP_STORE / UP_LOAD rc 0 ok
tracks: WATCH on                                                 ok
tracks: RELOAD / STEP_CHANGED carry the selected track           ok
tracks: PROJECT save / load keeps every track and the selection  ok
tracks: older firmware parses (no tracks)                        ok
mixer: read = TRACK + pan of every track (TRACK_DUMP)            ok
mixer: TRACK_MIX level / mute round trip (clamped)               ok
mixer: WATCH on                                                  ok
mixer: pan of any track via SET (other track selected for a moment, then back; no push) ok
mixer: device-side level (CHANGED push) and REC arm read back    ok
mixer: track 4's level on the device pushes its LEVEL (P_LEVEL)  ok
mixer: the mock's track 4 holds the BEAT grid (KICK CHH ... SNARE ... OHH) ok
mixer: notes parse as numbers or note names (no GM drum names)   ok
v4: WATCH 1 answers 1 as before (no TRACK_CHANGED pushes)        ok
v4: WATCH 3 -> 3 (TRACK_PARAM / TRACK_CHANGED known)             ok
v4: TRACK_PARAM get / set on other tracks (clamped as SET, selection kept, no push) ok
v4: TRACK_PARAM of track 5: no reply                             ok
v4: TRACK_CHANGED pushes for the other tracks, CHANGED for the selected one ok
v4: v3 firmware -> WATCH 1, no TRACK_PARAM (pan by select / restore) ok
SONG: INFO capability appended                                   ok
SONG: rows and repeats round trip                                ok
SONG: missing source rejected before PLAY                        ok
SONG: PLAY starts from row 1                                     ok
SONG: editing during PLAY refused, rows kept                     ok
SONG: zero repeats rejected without changing rows                ok
SONG: short row list rejected                                    ok
SONG: project save/load recalls the chain                        ok
SONG: empty chain does not PLAY                                  ok
SONG: older firmware has no capability                           ok
editor: old completion cannot release new connection's busy count ok
editor: operation release is idempotent and never goes negative  ok
editor: late reply from an unplugged device is rejected          ok
editor: captured request cannot write through a replacement connection ok
editor: interrupted initial load cannot paint or unlock a new session ok
editor: unplug during library adoption aborts the old load       ok
editor: a current connection still completes its initial load    ok
editor: library storage delay cannot send a save to a new device ok
FM6: pack(unpack(x)) == x for the factory patches and the init voice ok
FM6: any 128 bytes unpack into range                             ok
FM6: a 32-voice bank SysEx is 4104 bytes, a single voice 163     ok
FM6: bank SysEx round trip (names, checksum)                     ok
FM6: two single-voice messages in one file                       ok
FM6: a wrong checksum is reported (the voice still read)         ok
FM6: raw 4096 / 155-byte files read too                          ok
FM6 import: bank without its checksum (4103 bytes)               ok
FM6 import: bank without checksum and F7 (EOF)                   ok
FM6 import: bank with a stray byte before F7 (4105 bytes)        ok
FM6 import: bank without F7, a single voice right after          ok
FM6 import: bank cut at EOF: its 31 whole voices                 ok
FM6 import: single voice cut in its name                         ok
FM6 import: single voice cut before its voice bytes: none        ok
FM6 import: byte count written 10 00, device 6                   ok
FM6 import: single voice with an odd byte count                  ok
FM6 import: junk and another maker's message around the voices   ok
FM6 import: two banks in one file: 64 voices                     ok
FM6 import: raw 3 x 4096 bytes: 96 voices                        ok
FM6 import: raw 128-byte packed voice                            ok
FM6 import: supplement / performance blocks skipped, voices kept ok
FM6 import: a 4-operator 32-voice bank: none, named as such      ok
FM6 import: another maker's SysEx: none, its id                  ok
FM6 import: a 3-byte maker id                                    ok
FM6 import: a universal message: none                            ok
FM6 import: 1000 bytes, no SysEx: none                           ok
FM6 import: every voice sanitized (all 7F bank)                  ok
FM6: carriers and the feedback operator of an algorithm          ok
FM6: INFO tag (14 factory, no bank; FM6 v2 caps 3)               ok
FM6: LIST names the factory patches (EDDA OS: 13, E1 OGENE IRON), nbank 0 ok
FM6: the bank (target 1): GET / PUT / ERASE answer rc 3, no bank ok
FM6: send to the track: its own patch, SLOT (P_E0 + 7 = 98) OWN  ok
FM6: SLOT F2 loads the factory patch                             ok
FM6: SLOT back to OWN brings the own patch back                  ok
FM6: PUT to the track: its own patch changed                     ok
FM6: UP_STORE of an FM6 track keeps its patch (FM6_GET user 21)  ok
FM6: UP_LOAD plays it again, SLOT OWN                            ok
FM6: the librarian reads a user preset with its patch            ok
FM6: the librarian writes a user preset with its patch (UP_PUT, then FM6_PUT user) ok
FM6: firmware without preset patches (1.0.2): UP_PUT only        ok
FM6: a library file keeps an FM6 sound's patch (fm6)             ok
FM6: a user preset of another engine: GET rc 2, PUT rc 1         ok
FM6: a short record or a fifth track: rc 1                       ok
FM6: firmware without it: no tag (the tab shows a hint)          ok
FM6 tab: import, voices, send, factory load and the hint; no store / erase / bank export ok
FM6 tab: no bank requests                                        ok
FM6 tab: the hint (send to a track, then SAVE on the device), no B slots in the help ok
DIGITAL -> FM6: the editor's conversion == the firmware's (48 sounds, 0 differ) ok
DIGITAL -> FM6: its presets and the FM6 presets covering them == the firmware's ok
DIGITAL retired: engine 1 reserved ("-", no presets)             ok
DIGITAL retired: SET G_ENGSEL 1 -> FM6 with E.PIANO converted (its own patch, SLOT OWN, preset TINE EP) ok
DIGITAL retired: PRESET 1 5 (its PAD) -> FM6, the converted patch named PAD, SLOT OWN, preset FM6 PAD ok
library file: a DIGITAL patch (99 parameters) imports as FM6 with the converted patch ok
library file: .. of 91 parameters (1.0.x, no lane levels then)   ok
library file: .. of 89 parameters (labelled, and a single-patch file): the OP ENV edit carried ok
library file: .. of 69 parameters (no OP ENV then: the defaults) ok
library file: the converted patch and its DIGITAL values round trip ok
library: libAdopt on a device without DIGITAL converts its DIGITAL sounds to FM6 ok
library: .. also when the layout is unchanged (only those written) ok
library: libAdopt turns its SAMPLE PERC sounds into DRUM's kit   ok
library: .. adopted again: as it is (nothing more written)       ok
library file: a SAMPLE PERC patch imports as DRUM's kit (a single-patch file too) ok
device slot of a DIGITAL sound (engine 1, its values kept): UP_LOAD plays the converted FM6 patch ok
editor: 8 tabs, one panel each (sound fm6 sequencer tracks library samples projects settings) ok
editor: last tab in localStorage (try/catch) and in the URL hash ok
editor: every string in ja and en (216 used)                     ok
editor: page script compiles                                     ok
editor: no colours beyond the black / white tokens in the new styles ok
editor: every icon name is in GLYPH (36 used)                    ok
editor: fukiai.ttf and FUKIAI-LICENSE.txt next to editor.html    ok
editor: icons hidden until the font has loaded                   ok
samples: editor == sampleio.py (4 WAV formats, 7737 B)           ok
samples: a 16-pad kit: editor buildKit == sampleio.kit_slot (76296 B; the crash and the ride at 11025 Hz) ok
samples: a kit with empty pads keeps the pads' notes             ok
samples: an empty kit is refused                                 ok
samples: the whole input == normalize (files load as before); the ends are clamped ok
samples: autoTrim finds the sound (5403..13671 for 5513..13230: 5 ms before, 20 ms after) ok
samples: autoTrim of silence keeps all                           ok
samples: a cut: its length, faded to 0 at both cut ends, peak normalised ok
samples: trim view: zoom at the pointer, 256 samples at least, inside the input, pan, out to all ok
fm1pkg.js logicalImage                                           ok
fm1pkg.js productOf                                              ok
fm1ota.js: install: running firmware -> loader -> Felucca (11 reads) ok
fm1ota.js: unplugged during the write -> stops at once           ok
fm1ota.js: unplugged in step 1 -> error code 'lost'              ok
fm1ota.js: no device -> error code 'notfound'                    ok
web tests passed
== web backup: capture, validation before writes, restore order
backup: numbers and CRC-32                                               ok
backup: 7-bit pack / unpack round trip                                   ok
backup: trailing bytes refused                                           ok
backup: capture lists every object, empty ones as 0                      ok
backup: capture -> file -> bytes round trip                              ok
backup: a device that changes during capture fails the capture           ok
backup: a damaged file is refused                                        ok
backup: a file without the current music is refused                      ok
backup: a short manifest is refused                                      ok
backup: restore validates every byte before the first write              ok
backup: restore order: projects, banks, samples, settings, live music last ok
backup: restored objects equal the source                                ok
backup: 14 objects: id 8 (the retired FM6 bank, empty), id 9 (the user presets' FM6 patches), 35 (USR4, EDDA OS) ok
backup: an archive of Felucca 1.0.3..1.1.5 (13 objects, three slots) still reads ok
backup: an archive of 1.0..1.0.2 (12 objects, the bank as id 8) still reads ok
backup: an archive of the 11 objects before FM6 still reads              ok
backup: an archive missing another object is refused                     ok
backup: a 1.0.2 archive (id 8, the bank) restores, its bank after the user presets ok
backup: a 1.0.3 archive onto older firmware: id 9 skipped, the rest restored ok
backup: a 1.0.3 archive restores id 9                                    ok
backup: a refused chunk aborts that object and stops before the live music ok
backup web tests passed
== browser emulator: the firmware to WebAssembly (web/emu/build.sh -> build/emu)
shared:INFO: (Emscripten: Running sanity checks)
cache:INFO: generating system asset: symbol_lists/54f2a13c51a44ee3e3482c2ee01ebd4fe587d335.json... (this will be cached in "/home/runner/work/_temp/e2d77810-5048-4329-9776-5dd051111348/emsdk-main/upstream/emscripten/cache/symbol_lists/54f2a13c51a44ee3e3482c2ee01ebd4fe587d335.json" for subsequent builds)
cache:INFO:  - ok
emu: build/emu (802754 B wasm, v1.1.5-EDDA)
== browser emulator: the same song from the native build
== browser emulator: boot, keys, MIDI, screen, LEDs, PLAY, a save kept across instances, = native, cost
emu: power-on LED sweep: at 200 ms the head on key 11, glow behind, dark ahead, buttons dark ok
emu:   over by 1 s (~0.70 s)                                                      ok
emu: boots: the splash, then HOME (30 colours), the HOME LED lit                  ok
emu: silent at rest                                                               ok
emu: a key sounds (peak 0.125) and lights its LED                                 ok
emu: a MIDI note in (USB-MIDI's queue) sounds (peak 0.126)                        ok
emu: KNOB 1 redraws the screen                                                    ok
emu: PLAY: the sequencer runs, PLAY's green LED                                   ok
emu: PLAY again stops it                                                          ok
emu: FX held: its button and the effects' keys breathe, none lit; let go: nothing ok
emu: the page's breath peaks 0.80 0.80 0.58 0.58 ~ 0.80 (HI) 0.58 (LO)            ok
emu: SAVE, OCT+, OCT+: user preset 1 written (2 sectors kept)                     ok
emu: a fresh instance with the kept sectors has it; one without does not          ok
emu: the heavy song plays (peak 0.329), twice the same samples                    ok
emu: the same song from the native build (cc): 88200 frames, bit for bit          ok
emu: 1 s of the heavy song (FM6 PHYS GRAIN chords + DRUM) in 19.8 ms: 2.0 % of real time ok
emu: all ok
HOST TESTS FAILED
